[6.440s] Invoking command in '/home/sirapob/TORTO_NvidiaSim/build/torto_rl_pkg': PYTHONPATH=/home/sirapob/TORTO_NvidiaSim/build/torto_rl_pkg/prefix_override:/usr/lib/python3/dist-packages/colcon_core/task/python/colcon_distutils_commands:/home/sirapob/TORTO_NvidiaSim/install/torto_rl_pkg/lib/python3.10/site-packages:${PYTHONPATH} /usr/bin/python3 -W ignore:setup.py install is deprecated -W ignore:easy_install command is deprecated setup.py develop --editable --build-directory /home/sirapob/TORTO_NvidiaSim/build/torto_rl_pkg/build --no-deps symlink_data
[7.958s] running develop
[9.024s] running egg_info
[9.028s] creating torto_rl_pkg.egg-info
[9.029s] writing torto_rl_pkg.egg-info/PKG-INFO
[9.029s] writing dependency_links to torto_rl_pkg.egg-info/dependency_links.txt
[9.030s] writing entry points to torto_rl_pkg.egg-info/entry_points.txt
[9.030s] writing requirements to torto_rl_pkg.egg-info/requires.txt
[9.031s] writing top-level names to torto_rl_pkg.egg-info/top_level.txt
[9.035s] writing manifest file 'torto_rl_pkg.egg-info/SOURCES.txt'
[9.036s] reading manifest file 'torto_rl_pkg.egg-info/SOURCES.txt'
[9.042s] writing manifest file 'torto_rl_pkg.egg-info/SOURCES.txt'
[9.047s] running build_ext
[9.051s] Creating /home/sirapob/TORTO_NvidiaSim/install/torto_rl_pkg/lib/python3.10/site-packages/torto-rl-pkg.egg-link (link to .)
[9.058s] Installing torto_controller_node script to /home/sirapob/TORTO_NvidiaSim/install/torto_rl_pkg/lib/torto_rl_pkg
[9.060s] Installing torto_ros_bridge script to /home/sirapob/TORTO_NvidiaSim/install/torto_rl_pkg/lib/torto_rl_pkg
[9.061s] 
[9.062s] Installed /home/sirapob/TORTO_NvidiaSim/build/torto_rl_pkg
[9.062s] running symlink_data
[9.063s] creating /home/sirapob/TORTO_NvidiaSim/install/torto_rl_pkg/share/ament_index
[9.063s] creating /home/sirapob/TORTO_NvidiaSim/install/torto_rl_pkg/share/ament_index/resource_index
[9.063s] creating /home/sirapob/TORTO_NvidiaSim/install/torto_rl_pkg/share/ament_index/resource_index/packages
[9.064s] symbolically linking /home/sirapob/TORTO_NvidiaSim/build/torto_rl_pkg/resource/torto_rl_pkg -> /home/sirapob/TORTO_NvidiaSim/install/torto_rl_pkg/share/ament_index/resource_index/packages
[9.064s] symbolically linking /home/sirapob/TORTO_NvidiaSim/build/torto_rl_pkg/package.xml -> /home/sirapob/TORTO_NvidiaSim/install/torto_rl_pkg/share/torto_rl_pkg
[9.272s] Invoked command in '/home/sirapob/TORTO_NvidiaSim/build/torto_rl_pkg' returned '0': PYTHONPATH=/home/sirapob/TORTO_NvidiaSim/build/torto_rl_pkg/prefix_override:/usr/lib/python3/dist-packages/colcon_core/task/python/colcon_distutils_commands:/home/sirapob/TORTO_NvidiaSim/install/torto_rl_pkg/lib/python3.10/site-packages:${PYTHONPATH} /usr/bin/python3 -W ignore:setup.py install is deprecated -W ignore:easy_install command is deprecated setup.py develop --editable --build-directory /home/sirapob/TORTO_NvidiaSim/build/torto_rl_pkg/build --no-deps symlink_data
