[0.059s] Invoking command in '/home/sirapob/TORTO_NvidiaSim/build/torto_interfaces': CMAKE_PREFIX_PATH=${CMAKE_PREFIX_PATH}:/opt/ros/humble /usr/bin/cmake /home/sirapob/TORTO_NvidiaSim/src/torto_interfaces -DAMENT_CMAKE_SYMLINK_INSTALL=1 -DCMAKE_INSTALL_PREFIX=/home/sirapob/TORTO_NvidiaSim/install/torto_interfaces
[0.067s] -- Found ament_cmake: 1.3.11 (/opt/ros/humble/share/ament_cmake/cmake)
[0.182s] -- Override CMake install command with custom implementation using symlinks instead of copying resources
[0.188s] -- Found rosidl_default_generators: 1.2.0 (/opt/ros/humble/share/rosidl_default_generators/cmake)
[0.190s] -- Using all available rosidl_typesupport_c: rosidl_typesupport_fastrtps_c;rosidl_typesupport_introspection_c
[0.192s] -- Found rosidl_adapter: 3.1.6 (/opt/ros/humble/share/rosidl_adapter/cmake)
[0.219s] -- Using all available rosidl_typesupport_cpp: rosidl_typesupport_fastrtps_cpp;rosidl_typesupport_introspection_cpp
[0.461s] -- Found ament_cmake_ros: 0.10.0 (/opt/ros/humble/share/ament_cmake_ros/cmake)
[0.620s] -- Using all available rosidl_typesupport_c: rosidl_typesupport_fastrtps_c;rosidl_typesupport_introspection_c
[0.831s] -- Using all available rosidl_typesupport_cpp: rosidl_typesupport_fastrtps_cpp;rosidl_typesupport_introspection_cpp
[0.852s] -- Found python_cmake_module: 0.10.0 (/opt/ros/humble/share/python_cmake_module/cmake)
[0.871s] -- Using PYTHON_EXECUTABLE: /usr/bin/python3
[0.872s] -- Using PYTHON_INCLUDE_DIRS: /usr/include/python3.10
[0.872s] -- Using PYTHON_LIBRARIES: /usr/lib/x86_64-linux-gnu/libpython3.10.so
[0.894s] -- Configuring done
[0.928s] -- Generating done
[0.937s] -- Build files have been written to: /home/sirapob/TORTO_NvidiaSim/build/torto_interfaces
[0.942s] Invoked command in '/home/sirapob/TORTO_NvidiaSim/build/torto_interfaces' returned '0': CMAKE_PREFIX_PATH=${CMAKE_PREFIX_PATH}:/opt/ros/humble /usr/bin/cmake /home/sirapob/TORTO_NvidiaSim/src/torto_interfaces -DAMENT_CMAKE_SYMLINK_INSTALL=1 -DCMAKE_INSTALL_PREFIX=/home/sirapob/TORTO_NvidiaSim/install/torto_interfaces
[0.943s] Invoking command in '/home/sirapob/TORTO_NvidiaSim/build/torto_interfaces': CMAKE_PREFIX_PATH=${CMAKE_PREFIX_PATH}:/opt/ros/humble /usr/bin/cmake --build /home/sirapob/TORTO_NvidiaSim/build/torto_interfaces -- -j16 -l16
[0.972s] [35m[1mConsolidate compiler generated dependencies of target torto_interfaces__rosidl_generator_c[0m
[0.979s] failed to create symbolic link '/home/sirapob/TORTO_NvidiaSim/build/torto_interfaces/ament_cmake_python/torto_interfaces/torto_interfaces' because existing path cannot be removed: Is a directory
[0.979s] [  3%] Built target torto_interfaces__cpp
[0.979s] gmake[2]: *** [CMakeFiles/ament_cmake_python_symlink_torto_interfaces.dir/build.make:70: CMakeFiles/ament_cmake_python_symlink_torto_interfaces] Error 1
[0.979s] gmake[1]: *** [CMakeFiles/Makefile2:421: CMakeFiles/ament_cmake_python_symlink_torto_interfaces.dir/all] Error 2
[0.979s] gmake[1]: *** Waiting for unfinished jobs....
[0.980s] [ 12%] Built target torto_interfaces__rosidl_generator_c
[0.981s] gmake: *** [Makefile:146: all] Error 2
[0.982s] Invoked command in '/home/sirapob/TORTO_NvidiaSim/build/torto_interfaces' returned '2': CMAKE_PREFIX_PATH=${CMAKE_PREFIX_PATH}:/opt/ros/humble /usr/bin/cmake --build /home/sirapob/TORTO_NvidiaSim/build/torto_interfaces -- -j16 -l16
