-- Found ament_cmake: 1.3.11 (/opt/ros/humble/share/ament_cmake/cmake)
-- Override CMake install command with custom implementation using symlinks instead of copying resources
-- Found ament_lint_auto: 0.12.11 (/opt/ros/humble/share/ament_lint_auto/cmake)
-- Added test 'lint_cmake' to check CMake code style
-- Added test 'xmllint' to check XML markup files
-- Configuring done
-- Generating done
-- Build files have been written to: /home/sirapob/TORTO_NvidiaSim/build/torto_description
-- Install configuration: ""
-- Execute custom install script
-- Symlinking: /home/sirapob/TORTO_NvidiaSim/install/torto_description/share/ament_index/resource_index/package_run_dependencies/torto_description
-- Symlinking: /home/sirapob/TORTO_NvidiaSim/install/torto_description/share/ament_index/resource_index/parent_prefix_path/torto_description
-- Symlinking: /home/sirapob/TORTO_NvidiaSim/install/torto_description/share/torto_description/environment/ament_prefix_path.sh
-- Symlinking: /home/sirapob/TORTO_NvidiaSim/install/torto_description/share/torto_description/environment/ament_prefix_path.dsv
-- Symlinking: /home/sirapob/TORTO_NvidiaSim/install/torto_description/share/torto_description/environment/path.sh
-- Symlinking: /home/sirapob/TORTO_NvidiaSim/install/torto_description/share/torto_description/environment/path.dsv
-- Symlinking: /home/sirapob/TORTO_NvidiaSim/install/torto_description/share/torto_description/local_setup.bash
-- Symlinking: /home/sirapob/TORTO_NvidiaSim/install/torto_description/share/torto_description/local_setup.sh
-- Symlinking: /home/sirapob/TORTO_NvidiaSim/install/torto_description/share/torto_description/local_setup.zsh
-- Symlinking: /home/sirapob/TORTO_NvidiaSim/install/torto_description/share/torto_description/local_setup.dsv
-- Symlinking: /home/sirapob/TORTO_NvidiaSim/install/torto_description/share/torto_description/package.dsv
-- Symlinking: /home/sirapob/TORTO_NvidiaSim/install/torto_description/share/ament_index/resource_index/packages/torto_description
-- Symlinking: /home/sirapob/TORTO_NvidiaSim/install/torto_description/share/torto_description/cmake/torto_descriptionConfig.cmake
-- Symlinking: /home/sirapob/TORTO_NvidiaSim/install/torto_description/share/torto_description/cmake/torto_descriptionConfig-version.cmake
-- Symlinking: /home/sirapob/TORTO_NvidiaSim/install/torto_description/share/torto_description/package.xml
