[0.008s] Invoking command in '/home/sirapob/TORTO_NvidiaSim/build/torto_description': CMAKE_PREFIX_PATH=${CMAKE_PREFIX_PATH}:/opt/ros/humble /usr/bin/cmake /home/sirapob/TORTO_NvidiaSim/src/torto_description -DAMENT_CMAKE_SYMLINK_INSTALL=1 -DCMAKE_INSTALL_PREFIX=/home/sirapob/TORTO_NvidiaSim/install/torto_description
[0.018s] -- Found ament_cmake: 1.3.11 (/opt/ros/humble/share/ament_cmake/cmake)
[0.123s] -- Override CMake install command with custom implementation using symlinks instead of copying resources
[0.129s] -- Found ament_lint_auto: 0.12.11 (/opt/ros/humble/share/ament_lint_auto/cmake)
[0.190s] -- Added test 'lint_cmake' to check CMake code style
[0.191s] -- Added test 'xmllint' to check XML markup files
[0.191s] -- Configuring done
[0.194s] -- Generating done
[0.195s] -- Build files have been written to: /home/sirapob/TORTO_NvidiaSim/build/torto_description
[0.197s] Invoked command in '/home/sirapob/TORTO_NvidiaSim/build/torto_description' returned '0': CMAKE_PREFIX_PATH=${CMAKE_PREFIX_PATH}:/opt/ros/humble /usr/bin/cmake /home/sirapob/TORTO_NvidiaSim/src/torto_description -DAMENT_CMAKE_SYMLINK_INSTALL=1 -DCMAKE_INSTALL_PREFIX=/home/sirapob/TORTO_NvidiaSim/install/torto_description
[0.198s] Invoking command in '/home/sirapob/TORTO_NvidiaSim/build/torto_description': CMAKE_PREFIX_PATH=${CMAKE_PREFIX_PATH}:/opt/ros/humble /usr/bin/cmake --build /home/sirapob/TORTO_NvidiaSim/build/torto_description -- -j16 -l16
[0.226s] Invoked command in '/home/sirapob/TORTO_NvidiaSim/build/torto_description' returned '0': CMAKE_PREFIX_PATH=${CMAKE_PREFIX_PATH}:/opt/ros/humble /usr/bin/cmake --build /home/sirapob/TORTO_NvidiaSim/build/torto_description -- -j16 -l16
[0.234s] Invoking command in '/home/sirapob/TORTO_NvidiaSim/build/torto_description': CMAKE_PREFIX_PATH=${CMAKE_PREFIX_PATH}:/opt/ros/humble /usr/bin/cmake --install /home/sirapob/TORTO_NvidiaSim/build/torto_description
[0.239s] -- Install configuration: ""
[0.240s] -- Execute custom install script
[0.240s] -- Symlinking: /home/sirapob/TORTO_NvidiaSim/install/torto_description/share/ament_index/resource_index/package_run_dependencies/torto_description
[0.246s] -- Symlinking: /home/sirapob/TORTO_NvidiaSim/install/torto_description/share/ament_index/resource_index/parent_prefix_path/torto_description
[0.252s] -- Symlinking: /home/sirapob/TORTO_NvidiaSim/install/torto_description/share/torto_description/environment/ament_prefix_path.sh
[0.259s] -- Symlinking: /home/sirapob/TORTO_NvidiaSim/install/torto_description/share/torto_description/environment/ament_prefix_path.dsv
[0.265s] -- Symlinking: /home/sirapob/TORTO_NvidiaSim/install/torto_description/share/torto_description/environment/path.sh
[0.272s] -- Symlinking: /home/sirapob/TORTO_NvidiaSim/install/torto_description/share/torto_description/environment/path.dsv
[0.279s] -- Symlinking: /home/sirapob/TORTO_NvidiaSim/install/torto_description/share/torto_description/local_setup.bash
[0.285s] -- Symlinking: /home/sirapob/TORTO_NvidiaSim/install/torto_description/share/torto_description/local_setup.sh
[0.292s] -- Symlinking: /home/sirapob/TORTO_NvidiaSim/install/torto_description/share/torto_description/local_setup.zsh
[0.298s] -- Symlinking: /home/sirapob/TORTO_NvidiaSim/install/torto_description/share/torto_description/local_setup.dsv
[0.304s] -- Symlinking: /home/sirapob/TORTO_NvidiaSim/install/torto_description/share/torto_description/package.dsv
[0.311s] -- Symlinking: /home/sirapob/TORTO_NvidiaSim/install/torto_description/share/ament_index/resource_index/packages/torto_description
[0.317s] -- Symlinking: /home/sirapob/TORTO_NvidiaSim/install/torto_description/share/torto_description/cmake/torto_descriptionConfig.cmake
[0.324s] -- Symlinking: /home/sirapob/TORTO_NvidiaSim/install/torto_description/share/torto_description/cmake/torto_descriptionConfig-version.cmake
[0.330s] -- Symlinking: /home/sirapob/TORTO_NvidiaSim/install/torto_description/share/torto_description/package.xml
[0.338s] Invoked command in '/home/sirapob/TORTO_NvidiaSim/build/torto_description' returned '0': CMAKE_PREFIX_PATH=${CMAKE_PREFIX_PATH}:/opt/ros/humble /usr/bin/cmake --install /home/sirapob/TORTO_NvidiaSim/build/torto_description
