[0.015s] Invoking command in '/home/sirapob/TORTO_NvidiaSim/build/torto_interfaces': CMAKE_PREFIX_PATH=${CMAKE_PREFIX_PATH}:/home/sirapob/TORTO_NvidiaSim/install/torto_odometry:/home/sirapob/TORTO_NvidiaSim/install/torto_ctrl:/home/sirapob/TORTO_NvidiaSim/install/torto_input_handle:/home/sirapob/TORTO_NvidiaSim/install/torto_hardware:/home/sirapob/TORTO_NvidiaSim/install/torto_sim_ctrl:/opt/ros/humble /usr/bin/cmake /home/sirapob/TORTO_NvidiaSim/src/torto_interfaces -DCMAKE_INSTALL_PREFIX=/home/sirapob/TORTO_NvidiaSim/install/torto_interfaces
[0.038s] -- Found ament_cmake: 1.3.11 (/opt/ros/humble/share/ament_cmake/cmake)
[0.322s] -- Override CMake install command with custom implementation using symlinks instead of copying resources
[0.335s] -- Found rosidl_default_generators: 1.2.0 (/opt/ros/humble/share/rosidl_default_generators/cmake)
[0.340s] -- Using all available rosidl_typesupport_c: rosidl_typesupport_fastrtps_c;rosidl_typesupport_introspection_c
[0.346s] -- Found rosidl_adapter: 3.1.6 (/opt/ros/humble/share/rosidl_adapter/cmake)
[0.413s] -- Using all available rosidl_typesupport_cpp: rosidl_typesupport_fastrtps_cpp;rosidl_typesupport_introspection_cpp
[0.909s] -- Found ament_cmake_ros: 0.10.0 (/opt/ros/humble/share/ament_cmake_ros/cmake)
[1.240s] -- Using all available rosidl_typesupport_c: rosidl_typesupport_fastrtps_c;rosidl_typesupport_introspection_c
[1.693s] -- Using all available rosidl_typesupport_cpp: rosidl_typesupport_fastrtps_cpp;rosidl_typesupport_introspection_cpp
[1.735s] -- Found python_cmake_module: 0.10.0 (/opt/ros/humble/share/python_cmake_module/cmake)
[1.779s] -- Using PYTHON_EXECUTABLE: /usr/bin/python3
[1.779s] -- Using PYTHON_INCLUDE_DIRS: /usr/include/python3.10
[1.780s] -- Using PYTHON_LIBRARIES: /usr/lib/x86_64-linux-gnu/libpython3.10.so
[1.823s] -- Configuring done
[1.915s] -- Generating done
[1.947s] -- Build files have been written to: /home/sirapob/TORTO_NvidiaSim/build/torto_interfaces
[1.959s] Invoked command in '/home/sirapob/TORTO_NvidiaSim/build/torto_interfaces' returned '0': CMAKE_PREFIX_PATH=${CMAKE_PREFIX_PATH}:/home/sirapob/TORTO_NvidiaSim/install/torto_odometry:/home/sirapob/TORTO_NvidiaSim/install/torto_ctrl:/home/sirapob/TORTO_NvidiaSim/install/torto_input_handle:/home/sirapob/TORTO_NvidiaSim/install/torto_hardware:/home/sirapob/TORTO_NvidiaSim/install/torto_sim_ctrl:/opt/ros/humble /usr/bin/cmake /home/sirapob/TORTO_NvidiaSim/src/torto_interfaces -DCMAKE_INSTALL_PREFIX=/home/sirapob/TORTO_NvidiaSim/install/torto_interfaces
[1.964s] Invoking command in '/home/sirapob/TORTO_NvidiaSim/build/torto_interfaces': CMAKE_PREFIX_PATH=${CMAKE_PREFIX_PATH}:/home/sirapob/TORTO_NvidiaSim/install/torto_odometry:/home/sirapob/TORTO_NvidiaSim/install/torto_ctrl:/home/sirapob/TORTO_NvidiaSim/install/torto_input_handle:/home/sirapob/TORTO_NvidiaSim/install/torto_hardware:/home/sirapob/TORTO_NvidiaSim/install/torto_sim_ctrl:/opt/ros/humble /usr/bin/cmake --build /home/sirapob/TORTO_NvidiaSim/build/torto_interfaces -- -j16 -l16
[2.026s] [35m[1mConsolidate compiler generated dependencies of target torto_interfaces__rosidl_generator_c[0m
[2.042s] [  3%] Built target torto_interfaces__cpp
[2.042s] [ 12%] Built target torto_interfaces__rosidl_generator_c
[2.053s] [ 12%] Built target ament_cmake_python_symlink_torto_interfaces
[2.057s] [35m[1mConsolidate compiler generated dependencies of target torto_interfaces__rosidl_typesupport_introspection_cpp[0m
[2.057s] [35m[1mConsolidate compiler generated dependencies of target torto_interfaces__rosidl_typesupport_cpp[0m
[2.057s] [35m[1mConsolidate compiler generated dependencies of target torto_interfaces__rosidl_typesupport_fastrtps_cpp[0m
[2.057s] [35m[1mConsolidate compiler generated dependencies of target torto_interfaces__rosidl_typesupport_fastrtps_c[0m
[2.058s] [35m[1mConsolidate compiler generated dependencies of target torto_interfaces__rosidl_typesupport_introspection_c[0m
[2.065s] [35m[1mConsolidate compiler generated dependencies of target torto_interfaces__rosidl_typesupport_c[0m
[2.080s] [ 32%] Built target torto_interfaces__rosidl_typesupport_introspection_c
[2.081s] [ 32%] Built target torto_interfaces__rosidl_typesupport_introspection_cpp
[2.081s] [ 41%] Built target torto_interfaces__rosidl_typesupport_cpp
[2.085s] [ 51%] Built target torto_interfaces__rosidl_typesupport_fastrtps_c
[2.087s] [ 61%] Built target torto_interfaces__rosidl_typesupport_c
[2.089s] [ 70%] Built target torto_interfaces__rosidl_typesupport_fastrtps_cpp
[2.133s] [ 70%] Built target torto_interfaces
[2.169s] [ 74%] Built target torto_interfaces__py
[2.187s] [35m[1mConsolidate compiler generated dependencies of target torto_interfaces__rosidl_generator_py[0m
[2.208s] [ 80%] Built target torto_interfaces__rosidl_generator_py
[2.228s] [35m[1mConsolidate compiler generated dependencies of target torto_interfaces__rosidl_typesupport_fastrtps_c__pyext[0m
[2.229s] [35m[1mConsolidate compiler generated dependencies of target torto_interfaces__rosidl_typesupport_introspection_c__pyext[0m
[2.231s] [35m[1mConsolidate compiler generated dependencies of target torto_interfaces__rosidl_typesupport_c__pyext[0m
[2.255s] [ 87%] Built target torto_interfaces__rosidl_typesupport_fastrtps_c__pyext
[2.256s] [ 93%] Built target torto_interfaces__rosidl_typesupport_introspection_c__pyext
[2.260s] [100%] Built target torto_interfaces__rosidl_typesupport_c__pyext
[2.632s] running egg_info
[2.633s] writing torto_interfaces.egg-info/PKG-INFO
[2.633s] writing dependency_links to torto_interfaces.egg-info/dependency_links.txt
[2.634s] writing top-level names to torto_interfaces.egg-info/top_level.txt
[2.637s] reading manifest file 'torto_interfaces.egg-info/SOURCES.txt'
[2.638s] writing manifest file 'torto_interfaces.egg-info/SOURCES.txt'
[2.676s] [100%] Built target ament_cmake_python_build_torto_interfaces_egg
[2.693s] Invoked command in '/home/sirapob/TORTO_NvidiaSim/build/torto_interfaces' returned '0': CMAKE_PREFIX_PATH=${CMAKE_PREFIX_PATH}:/home/sirapob/TORTO_NvidiaSim/install/torto_odometry:/home/sirapob/TORTO_NvidiaSim/install/torto_ctrl:/home/sirapob/TORTO_NvidiaSim/install/torto_input_handle:/home/sirapob/TORTO_NvidiaSim/install/torto_hardware:/home/sirapob/TORTO_NvidiaSim/install/torto_sim_ctrl:/opt/ros/humble /usr/bin/cmake --build /home/sirapob/TORTO_NvidiaSim/build/torto_interfaces -- -j16 -l16
[2.708s] Invoking command in '/home/sirapob/TORTO_NvidiaSim/build/torto_interfaces': CMAKE_PREFIX_PATH=${CMAKE_PREFIX_PATH}:/home/sirapob/TORTO_NvidiaSim/install/torto_odometry:/home/sirapob/TORTO_NvidiaSim/install/torto_ctrl:/home/sirapob/TORTO_NvidiaSim/install/torto_input_handle:/home/sirapob/TORTO_NvidiaSim/install/torto_hardware:/home/sirapob/TORTO_NvidiaSim/install/torto_sim_ctrl:/opt/ros/humble /usr/bin/cmake --install /home/sirapob/TORTO_NvidiaSim/build/torto_interfaces
[2.720s] -- Install configuration: ""
[2.721s] -- Execute custom install script
[2.722s] -- Up-to-date symlink: /home/sirapob/TORTO_NvidiaSim/install/torto_interfaces/share/ament_index/resource_index/rosidl_interfaces/torto_interfaces
[2.723s] -- Up-to-date symlink: /home/sirapob/TORTO_NvidiaSim/install/torto_interfaces/include/torto_interfaces/torto_interfaces/msg/detail/torto_joint_angles__functions.h
[2.723s] -- Up-to-date symlink: /home/sirapob/TORTO_NvidiaSim/install/torto_interfaces/include/torto_interfaces/torto_interfaces/msg/detail/torto_joint_angles__struct.h
[2.723s] -- Up-to-date symlink: /home/sirapob/TORTO_NvidiaSim/install/torto_interfaces/include/torto_interfaces/torto_interfaces/msg/detail/torto_joint_angles__type_support.h
[2.724s] -- Up-to-date symlink: /home/sirapob/TORTO_NvidiaSim/install/torto_interfaces/include/torto_interfaces/torto_interfaces/msg/rosidl_generator_c__visibility_control.h
[2.724s] -- Up-to-date symlink: /home/sirapob/TORTO_NvidiaSim/install/torto_interfaces/include/torto_interfaces/torto_interfaces/msg/torto_joint_angles.h
[2.724s] -- Up-to-date symlink: /home/sirapob/TORTO_NvidiaSim/install/torto_interfaces/share/torto_interfaces/environment/library_path.sh
[2.724s] -- Up-to-date symlink: /home/sirapob/TORTO_NvidiaSim/install/torto_interfaces/share/torto_interfaces/environment/library_path.dsv
[2.725s] -- Up-to-date symlink: /home/sirapob/TORTO_NvidiaSim/install/torto_interfaces/include/torto_interfaces/torto_interfaces/msg/detail/torto_joint_angles__rosidl_typesupport_fastrtps_c.h
[2.725s] -- Up-to-date symlink: /home/sirapob/TORTO_NvidiaSim/install/torto_interfaces/include/torto_interfaces/torto_interfaces/msg/rosidl_typesupport_fastrtps_c__visibility_control.h
[2.726s] -- Up-to-date symlink: /home/sirapob/TORTO_NvidiaSim/install/torto_interfaces/include/torto_interfaces/torto_interfaces/msg/detail/torto_joint_angles__rosidl_typesupport_introspection_c.h
[2.726s] -- Up-to-date symlink: /home/sirapob/TORTO_NvidiaSim/install/torto_interfaces/include/torto_interfaces/torto_interfaces/msg/rosidl_typesupport_introspection_c__visibility_control.h
[2.727s] -- Up-to-date symlink: /home/sirapob/TORTO_NvidiaSim/install/torto_interfaces/include/torto_interfaces/torto_interfaces/msg/detail/torto_joint_angles__builder.hpp
[2.727s] -- Up-to-date symlink: /home/sirapob/TORTO_NvidiaSim/install/torto_interfaces/include/torto_interfaces/torto_interfaces/msg/detail/torto_joint_angles__struct.hpp
[2.727s] -- Up-to-date symlink: /home/sirapob/TORTO_NvidiaSim/install/torto_interfaces/include/torto_interfaces/torto_interfaces/msg/detail/torto_joint_angles__traits.hpp
[2.727s] -- Up-to-date symlink: /home/sirapob/TORTO_NvidiaSim/install/torto_interfaces/include/torto_interfaces/torto_interfaces/msg/detail/torto_joint_angles__type_support.hpp
[2.727s] -- Up-to-date symlink: /home/sirapob/TORTO_NvidiaSim/install/torto_interfaces/include/torto_interfaces/torto_interfaces/msg/rosidl_generator_cpp__visibility_control.hpp
[2.727s] -- Up-to-date symlink: /home/sirapob/TORTO_NvidiaSim/install/torto_interfaces/include/torto_interfaces/torto_interfaces/msg/torto_joint_angles.hpp
[2.728s] -- Up-to-date symlink: /home/sirapob/TORTO_NvidiaSim/install/torto_interfaces/include/torto_interfaces/torto_interfaces/msg/detail/torto_joint_angles__rosidl_typesupport_fastrtps_cpp.hpp
[2.728s] -- Up-to-date symlink: /home/sirapob/TORTO_NvidiaSim/install/torto_interfaces/include/torto_interfaces/torto_interfaces/msg/rosidl_typesupport_fastrtps_cpp__visibility_control.h
[2.729s] -- Up-to-date symlink: /home/sirapob/TORTO_NvidiaSim/install/torto_interfaces/include/torto_interfaces/torto_interfaces/msg/detail/torto_joint_angles__rosidl_typesupport_introspection_cpp.hpp
[2.729s] -- Up-to-date symlink: /home/sirapob/TORTO_NvidiaSim/install/torto_interfaces/share/torto_interfaces/environment/pythonpath.sh
[2.729s] -- Up-to-date symlink: /home/sirapob/TORTO_NvidiaSim/install/torto_interfaces/share/torto_interfaces/environment/pythonpath.dsv
[2.730s] -- Up-to-date symlink: /home/sirapob/TORTO_NvidiaSim/install/torto_interfaces/local/lib/python3.10/dist-packages/torto_interfaces-0.0.0-py3.10.egg-info/PKG-INFO
[2.730s] -- Up-to-date symlink: /home/sirapob/TORTO_NvidiaSim/install/torto_interfaces/local/lib/python3.10/dist-packages/torto_interfaces-0.0.0-py3.10.egg-info/SOURCES.txt
[2.730s] -- Up-to-date symlink: /home/sirapob/TORTO_NvidiaSim/install/torto_interfaces/local/lib/python3.10/dist-packages/torto_interfaces-0.0.0-py3.10.egg-info/dependency_links.txt
[2.730s] -- Up-to-date symlink: /home/sirapob/TORTO_NvidiaSim/install/torto_interfaces/local/lib/python3.10/dist-packages/torto_interfaces-0.0.0-py3.10.egg-info/top_level.txt
[2.731s] -- Up-to-date symlink: /home/sirapob/TORTO_NvidiaSim/install/torto_interfaces/local/lib/python3.10/dist-packages/torto_interfaces/__init__.py
[2.732s] -- Up-to-date symlink: /home/sirapob/TORTO_NvidiaSim/install/torto_interfaces/local/lib/python3.10/dist-packages/torto_interfaces/_torto_interfaces_s.ep.rosidl_typesupport_c.c
[2.732s] -- Up-to-date symlink: /home/sirapob/TORTO_NvidiaSim/install/torto_interfaces/local/lib/python3.10/dist-packages/torto_interfaces/_torto_interfaces_s.ep.rosidl_typesupport_fastrtps_c.c
[2.732s] -- Up-to-date symlink: /home/sirapob/TORTO_NvidiaSim/install/torto_interfaces/local/lib/python3.10/dist-packages/torto_interfaces/_torto_interfaces_s.ep.rosidl_typesupport_introspection_c.c
[2.732s] -- Up-to-date symlink: /home/sirapob/TORTO_NvidiaSim/install/torto_interfaces/local/lib/python3.10/dist-packages/torto_interfaces/libtorto_interfaces__rosidl_generator_py.so
[2.733s] -- Up-to-date symlink: /home/sirapob/TORTO_NvidiaSim/install/torto_interfaces/local/lib/python3.10/dist-packages/torto_interfaces/msg/__init__.py
[2.733s] -- Up-to-date symlink: /home/sirapob/TORTO_NvidiaSim/install/torto_interfaces/local/lib/python3.10/dist-packages/torto_interfaces/msg/_torto_joint_angles.py
[2.733s] -- Up-to-date symlink: /home/sirapob/TORTO_NvidiaSim/install/torto_interfaces/local/lib/python3.10/dist-packages/torto_interfaces/msg/_torto_joint_angles_s.c
[2.734s] -- Up-to-date symlink: /home/sirapob/TORTO_NvidiaSim/install/torto_interfaces/local/lib/python3.10/dist-packages/torto_interfaces/torto_interfaces_s__rosidl_typesupport_c.cpython-310-x86_64-linux-gnu.so
[2.734s] -- Up-to-date symlink: /home/sirapob/TORTO_NvidiaSim/install/torto_interfaces/local/lib/python3.10/dist-packages/torto_interfaces/torto_interfaces_s__rosidl_typesupport_fastrtps_c.cpython-310-x86_64-linux-gnu.so
[2.734s] -- Up-to-date symlink: /home/sirapob/TORTO_NvidiaSim/install/torto_interfaces/local/lib/python3.10/dist-packages/torto_interfaces/torto_interfaces_s__rosidl_typesupport_introspection_c.cpython-310-x86_64-linux-gnu.so
[2.734s] -- Up-to-date symlink: /home/sirapob/TORTO_NvidiaSim/install/torto_interfaces/local/lib/python3.10/dist-packages/torto_interfaces/torto_interfaces_s__rosidl_typesupport_fastrtps_c.cpython-310-x86_64-linux-gnu.so
[2.735s] -- Up-to-date symlink: /home/sirapob/TORTO_NvidiaSim/install/torto_interfaces/local/lib/python3.10/dist-packages/torto_interfaces/torto_interfaces_s__rosidl_typesupport_introspection_c.cpython-310-x86_64-linux-gnu.so
[2.735s] -- Up-to-date symlink: /home/sirapob/TORTO_NvidiaSim/install/torto_interfaces/local/lib/python3.10/dist-packages/torto_interfaces/torto_interfaces_s__rosidl_typesupport_c.cpython-310-x86_64-linux-gnu.so
[2.736s] -- Up-to-date symlink: /home/sirapob/TORTO_NvidiaSim/install/torto_interfaces/share/torto_interfaces/msg/TortoJointAngles.idl
[2.736s] -- Up-to-date symlink: /home/sirapob/TORTO_NvidiaSim/install/torto_interfaces/share/torto_interfaces/msg/TortoJointAngles.msg
[2.736s] -- Up-to-date symlink: /home/sirapob/TORTO_NvidiaSim/install/torto_interfaces/share/ament_index/resource_index/package_run_dependencies/torto_interfaces
[2.737s] -- Up-to-date symlink: /home/sirapob/TORTO_NvidiaSim/install/torto_interfaces/share/ament_index/resource_index/parent_prefix_path/torto_interfaces
[2.737s] -- Up-to-date symlink: /home/sirapob/TORTO_NvidiaSim/install/torto_interfaces/share/torto_interfaces/environment/ament_prefix_path.sh
[2.738s] -- Up-to-date symlink: /home/sirapob/TORTO_NvidiaSim/install/torto_interfaces/share/torto_interfaces/environment/ament_prefix_path.dsv
[2.738s] -- Up-to-date symlink: /home/sirapob/TORTO_NvidiaSim/install/torto_interfaces/share/torto_interfaces/environment/path.sh
[2.739s] -- Up-to-date symlink: /home/sirapob/TORTO_NvidiaSim/install/torto_interfaces/share/torto_interfaces/environment/path.dsv
[2.739s] -- Up-to-date symlink: /home/sirapob/TORTO_NvidiaSim/install/torto_interfaces/share/torto_interfaces/local_setup.bash
[2.740s] -- Up-to-date symlink: /home/sirapob/TORTO_NvidiaSim/install/torto_interfaces/share/torto_interfaces/local_setup.sh
[2.741s] -- Up-to-date symlink: /home/sirapob/TORTO_NvidiaSim/install/torto_interfaces/share/torto_interfaces/local_setup.zsh
[2.741s] -- Up-to-date symlink: /home/sirapob/TORTO_NvidiaSim/install/torto_interfaces/share/torto_interfaces/local_setup.dsv
[2.741s] -- Symlinking: /home/sirapob/TORTO_NvidiaSim/install/torto_interfaces/share/torto_interfaces/package.dsv
[2.757s] -- Up-to-date symlink: /home/sirapob/TORTO_NvidiaSim/install/torto_interfaces/share/ament_index/resource_index/packages/torto_interfaces
[2.757s] -- Up-to-date symlink: /home/sirapob/TORTO_NvidiaSim/install/torto_interfaces/share/torto_interfaces/cmake/rosidl_cmake-extras.cmake
[2.757s] -- Up-to-date symlink: /home/sirapob/TORTO_NvidiaSim/install/torto_interfaces/share/torto_interfaces/cmake/ament_cmake_export_include_directories-extras.cmake
[2.758s] -- Up-to-date symlink: /home/sirapob/TORTO_NvidiaSim/install/torto_interfaces/share/torto_interfaces/cmake/ament_cmake_export_libraries-extras.cmake
[2.758s] -- Up-to-date symlink: /home/sirapob/TORTO_NvidiaSim/install/torto_interfaces/share/torto_interfaces/cmake/ament_cmake_export_targets-extras.cmake
[2.758s] -- Up-to-date symlink: /home/sirapob/TORTO_NvidiaSim/install/torto_interfaces/share/torto_interfaces/cmake/rosidl_cmake_export_typesupport_targets-extras.cmake
[2.759s] -- Up-to-date symlink: /home/sirapob/TORTO_NvidiaSim/install/torto_interfaces/share/torto_interfaces/cmake/ament_cmake_export_dependencies-extras.cmake
[2.759s] -- Up-to-date symlink: /home/sirapob/TORTO_NvidiaSim/install/torto_interfaces/share/torto_interfaces/cmake/rosidl_cmake_export_typesupport_libraries-extras.cmake
[2.759s] -- Up-to-date symlink: /home/sirapob/TORTO_NvidiaSim/install/torto_interfaces/share/torto_interfaces/cmake/torto_interfacesConfig.cmake
[2.760s] -- Up-to-date symlink: /home/sirapob/TORTO_NvidiaSim/install/torto_interfaces/share/torto_interfaces/cmake/torto_interfacesConfig-version.cmake
[2.760s] -- Up-to-date symlink: /home/sirapob/TORTO_NvidiaSim/install/torto_interfaces/share/torto_interfaces/package.xml
[2.760s] -- Up-to-date: /home/sirapob/TORTO_NvidiaSim/install/torto_interfaces/lib/libtorto_interfaces__rosidl_generator_c.so
[2.761s] -- Up-to-date: /home/sirapob/TORTO_NvidiaSim/install/torto_interfaces/lib/libtorto_interfaces__rosidl_typesupport_fastrtps_c.so
[2.761s] -- Up-to-date: /home/sirapob/TORTO_NvidiaSim/install/torto_interfaces/lib/libtorto_interfaces__rosidl_typesupport_introspection_c.so
[2.762s] -- Up-to-date: /home/sirapob/TORTO_NvidiaSim/install/torto_interfaces/lib/libtorto_interfaces__rosidl_typesupport_c.so
[2.762s] -- Up-to-date: /home/sirapob/TORTO_NvidiaSim/install/torto_interfaces/lib/libtorto_interfaces__rosidl_typesupport_fastrtps_cpp.so
[2.763s] -- Up-to-date: /home/sirapob/TORTO_NvidiaSim/install/torto_interfaces/lib/libtorto_interfaces__rosidl_typesupport_introspection_cpp.so
[2.763s] -- Up-to-date: /home/sirapob/TORTO_NvidiaSim/install/torto_interfaces/lib/libtorto_interfaces__rosidl_typesupport_cpp.so
[2.837s] Listing '/home/sirapob/TORTO_NvidiaSim/install/torto_interfaces/local/lib/python3.10/dist-packages/torto_interfaces'...
[2.837s] Compiling '/home/sirapob/TORTO_NvidiaSim/install/torto_interfaces/local/lib/python3.10/dist-packages/torto_interfaces/__init__.py'...
[2.837s] Listing '/home/sirapob/TORTO_NvidiaSim/install/torto_interfaces/local/lib/python3.10/dist-packages/torto_interfaces/msg'...
[2.846s] -- Up-to-date: /home/sirapob/TORTO_NvidiaSim/install/torto_interfaces/lib/libtorto_interfaces__rosidl_generator_py.so
[2.846s] -- Up-to-date: /home/sirapob/TORTO_NvidiaSim/install/torto_interfaces/share/torto_interfaces/cmake/export_torto_interfaces__rosidl_generator_cExport.cmake
[2.847s] -- Up-to-date: /home/sirapob/TORTO_NvidiaSim/install/torto_interfaces/share/torto_interfaces/cmake/export_torto_interfaces__rosidl_generator_cExport-noconfig.cmake
[2.847s] -- Up-to-date: /home/sirapob/TORTO_NvidiaSim/install/torto_interfaces/share/torto_interfaces/cmake/export_torto_interfaces__rosidl_typesupport_fastrtps_cExport.cmake
[2.847s] -- Up-to-date: /home/sirapob/TORTO_NvidiaSim/install/torto_interfaces/share/torto_interfaces/cmake/export_torto_interfaces__rosidl_typesupport_fastrtps_cExport-noconfig.cmake
[2.847s] -- Up-to-date: /home/sirapob/TORTO_NvidiaSim/install/torto_interfaces/share/torto_interfaces/cmake/torto_interfaces__rosidl_typesupport_introspection_cExport.cmake
[2.847s] -- Up-to-date: /home/sirapob/TORTO_NvidiaSim/install/torto_interfaces/share/torto_interfaces/cmake/torto_interfaces__rosidl_typesupport_introspection_cExport-noconfig.cmake
[2.847s] -- Up-to-date: /home/sirapob/TORTO_NvidiaSim/install/torto_interfaces/share/torto_interfaces/cmake/torto_interfaces__rosidl_typesupport_cExport.cmake
[2.848s] -- Up-to-date: /home/sirapob/TORTO_NvidiaSim/install/torto_interfaces/share/torto_interfaces/cmake/torto_interfaces__rosidl_typesupport_cExport-noconfig.cmake
[2.848s] -- Up-to-date: /home/sirapob/TORTO_NvidiaSim/install/torto_interfaces/share/torto_interfaces/cmake/export_torto_interfaces__rosidl_generator_cppExport.cmake
[2.848s] -- Up-to-date: /home/sirapob/TORTO_NvidiaSim/install/torto_interfaces/share/torto_interfaces/cmake/export_torto_interfaces__rosidl_typesupport_fastrtps_cppExport.cmake
[2.848s] -- Up-to-date: /home/sirapob/TORTO_NvidiaSim/install/torto_interfaces/share/torto_interfaces/cmake/export_torto_interfaces__rosidl_typesupport_fastrtps_cppExport-noconfig.cmake
[2.848s] -- Up-to-date: /home/sirapob/TORTO_NvidiaSim/install/torto_interfaces/share/torto_interfaces/cmake/torto_interfaces__rosidl_typesupport_introspection_cppExport.cmake
[2.848s] -- Up-to-date: /home/sirapob/TORTO_NvidiaSim/install/torto_interfaces/share/torto_interfaces/cmake/torto_interfaces__rosidl_typesupport_introspection_cppExport-noconfig.cmake
[2.849s] -- Up-to-date: /home/sirapob/TORTO_NvidiaSim/install/torto_interfaces/share/torto_interfaces/cmake/torto_interfaces__rosidl_typesupport_cppExport.cmake
[2.849s] -- Up-to-date: /home/sirapob/TORTO_NvidiaSim/install/torto_interfaces/share/torto_interfaces/cmake/torto_interfaces__rosidl_typesupport_cppExport-noconfig.cmake
[2.849s] -- Up-to-date: /home/sirapob/TORTO_NvidiaSim/install/torto_interfaces/share/torto_interfaces/cmake/export_torto_interfaces__rosidl_generator_pyExport.cmake
[2.849s] -- Up-to-date: /home/sirapob/TORTO_NvidiaSim/install/torto_interfaces/share/torto_interfaces/cmake/export_torto_interfaces__rosidl_generator_pyExport-noconfig.cmake
[2.854s] Invoked command in '/home/sirapob/TORTO_NvidiaSim/build/torto_interfaces' returned '0': CMAKE_PREFIX_PATH=${CMAKE_PREFIX_PATH}:/home/sirapob/TORTO_NvidiaSim/install/torto_odometry:/home/sirapob/TORTO_NvidiaSim/install/torto_ctrl:/home/sirapob/TORTO_NvidiaSim/install/torto_input_handle:/home/sirapob/TORTO_NvidiaSim/install/torto_hardware:/home/sirapob/TORTO_NvidiaSim/install/torto_sim_ctrl:/opt/ros/humble /usr/bin/cmake --install /home/sirapob/TORTO_NvidiaSim/build/torto_interfaces
