[0.340s] DEBUG:colcon:Command line arguments: ['/usr/bin/colcon', 'list', '-p', '--base-paths', '/home/sirapob/TORTO_NvidiaSim']
[0.340s] DEBUG:colcon:Parsed command line arguments: Namespace(log_base=None, log_level=None, verb_name='list', build_base='build', ignore_user_meta=False, metas=['./colcon.meta'], base_paths=['/home/sirapob/TORTO_NvidiaSim'], packages_ignore=None, packages_ignore_regex=None, paths=None, packages_up_to=None, packages_up_to_regex=None, packages_above=None, packages_above_and_dependencies=None, packages_above_depth=None, packages_select_by_dep=None, packages_skip_by_dep=None, packages_skip_up_to=None, packages_select_build_failed=False, packages_skip_build_finished=False, packages_select_test_failures=False, packages_skip_test_passed=False, packages_select=None, packages_skip=None, packages_select_regex=None, packages_skip_regex=None, packages_start=None, packages_end=None, allow_overriding=[], topological_order=False, names_only=False, paths_only=True, topological_graph=False, topological_graph_dot=False, topological_graph_density=False, topological_graph_legend=False, topological_graph_dot_cluster=False, topological_graph_dot_include_skipped=False, mixin_files=None, mixin=None, verb_parser=<colcon_mixin.mixin.mixin_argument.MixinArgumentDecorator object at 0x733a27b653c0>, verb_extension=<colcon_package_information.verb.list.ListVerb object at 0x733a27b64490>, main=<bound method ListVerb.main of <colcon_package_information.verb.list.ListVerb object at 0x733a27b64490>>, mixin_verb=('list',))
[1.023s] Level 1:colcon.colcon_core.package_discovery:discover_packages(colcon_meta) check parameters
[1.023s] Level 1:colcon.colcon_core.package_discovery:discover_packages(recursive) check parameters
[1.023s] Level 1:colcon.colcon_core.package_discovery:discover_packages(ignore) check parameters
[1.023s] Level 1:colcon.colcon_core.package_discovery:discover_packages(path) check parameters
[1.023s] Level 1:colcon.colcon_core.package_discovery:discover_packages(recursive) discover
[1.024s] INFO:colcon.colcon_core.package_discovery:Crawling recursively for packages in '/home/sirapob/TORTO_NvidiaSim'
[1.024s] Level 1:colcon.colcon_core.package_identification:_identify(/home/sirapob/TORTO_NvidiaSim) by extensions ['ignore', 'ignore_ament_install']
[1.024s] Level 1:colcon.colcon_core.package_identification:_identify(/home/sirapob/TORTO_NvidiaSim) by extension 'ignore'
[1.025s] Level 1:colcon.colcon_core.package_identification:_identify(/home/sirapob/TORTO_NvidiaSim) by extension 'ignore_ament_install'
[1.025s] Level 1:colcon.colcon_core.package_identification:_identify(/home/sirapob/TORTO_NvidiaSim) by extensions ['colcon_pkg']
[1.025s] Level 1:colcon.colcon_core.package_identification:_identify(/home/sirapob/TORTO_NvidiaSim) by extension 'colcon_pkg'
[1.025s] Level 1:colcon.colcon_core.package_identification:_identify(/home/sirapob/TORTO_NvidiaSim) by extensions ['colcon_meta']
[1.026s] Level 1:colcon.colcon_core.package_identification:_identify(/home/sirapob/TORTO_NvidiaSim) by extension 'colcon_meta'
[1.026s] Level 1:colcon.colcon_core.package_identification:_identify(/home/sirapob/TORTO_NvidiaSim) by extensions ['ros']
[1.026s] Level 1:colcon.colcon_core.package_identification:_identify(/home/sirapob/TORTO_NvidiaSim) by extension 'ros'
[1.068s] Level 1:colcon.colcon_core.package_identification:_identify(/home/sirapob/TORTO_NvidiaSim) by extensions ['cmake', 'python']
[1.068s] Level 1:colcon.colcon_core.package_identification:_identify(/home/sirapob/TORTO_NvidiaSim) by extension 'cmake'
[1.068s] Level 1:colcon.colcon_core.package_identification:_identify(/home/sirapob/TORTO_NvidiaSim) by extension 'python'
[1.068s] Level 1:colcon.colcon_core.package_identification:_identify(/home/sirapob/TORTO_NvidiaSim) by extensions ['python_setup_py']
[1.068s] Level 1:colcon.colcon_core.package_identification:_identify(/home/sirapob/TORTO_NvidiaSim) by extension 'python_setup_py'
[1.069s] Level 1:colcon.colcon_core.package_identification:_identify(/home/sirapob/TORTO_NvidiaSim/build) by extensions ['ignore', 'ignore_ament_install']
[1.069s] Level 1:colcon.colcon_core.package_identification:_identify(/home/sirapob/TORTO_NvidiaSim/build) by extension 'ignore'
[1.070s] Level 1:colcon.colcon_core.package_identification:_identify(/home/sirapob/TORTO_NvidiaSim/build) ignored
[1.070s] Level 1:colcon.colcon_core.package_identification:_identify(/home/sirapob/TORTO_NvidiaSim/install) by extensions ['ignore', 'ignore_ament_install']
[1.070s] Level 1:colcon.colcon_core.package_identification:_identify(/home/sirapob/TORTO_NvidiaSim/install) by extension 'ignore'
[1.071s] Level 1:colcon.colcon_core.package_identification:_identify(/home/sirapob/TORTO_NvidiaSim/install) ignored
[1.071s] Level 1:colcon.colcon_core.package_identification:_identify(/home/sirapob/TORTO_NvidiaSim/log) by extensions ['ignore', 'ignore_ament_install']
[1.071s] Level 1:colcon.colcon_core.package_identification:_identify(/home/sirapob/TORTO_NvidiaSim/log) by extension 'ignore'
[1.072s] Level 1:colcon.colcon_core.package_identification:_identify(/home/sirapob/TORTO_NvidiaSim/log) ignored
[1.072s] Level 1:colcon.colcon_core.package_identification:_identify(/home/sirapob/TORTO_NvidiaSim/src) by extensions ['ignore', 'ignore_ament_install']
[1.072s] Level 1:colcon.colcon_core.package_identification:_identify(/home/sirapob/TORTO_NvidiaSim/src) by extension 'ignore'
[1.073s] Level 1:colcon.colcon_core.package_identification:_identify(/home/sirapob/TORTO_NvidiaSim/src) by extension 'ignore_ament_install'
[1.073s] Level 1:colcon.colcon_core.package_identification:_identify(/home/sirapob/TORTO_NvidiaSim/src) by extensions ['colcon_pkg']
[1.073s] Level 1:colcon.colcon_core.package_identification:_identify(/home/sirapob/TORTO_NvidiaSim/src) by extension 'colcon_pkg'
[1.073s] Level 1:colcon.colcon_core.package_identification:_identify(/home/sirapob/TORTO_NvidiaSim/src) by extensions ['colcon_meta']
[1.073s] Level 1:colcon.colcon_core.package_identification:_identify(/home/sirapob/TORTO_NvidiaSim/src) by extension 'colcon_meta'
[1.074s] Level 1:colcon.colcon_core.package_identification:_identify(/home/sirapob/TORTO_NvidiaSim/src) by extensions ['ros']
[1.074s] Level 1:colcon.colcon_core.package_identification:_identify(/home/sirapob/TORTO_NvidiaSim/src) by extension 'ros'
[1.074s] Level 1:colcon.colcon_core.package_identification:_identify(/home/sirapob/TORTO_NvidiaSim/src) by extensions ['cmake', 'python']
[1.074s] Level 1:colcon.colcon_core.package_identification:_identify(/home/sirapob/TORTO_NvidiaSim/src) by extension 'cmake'
[1.075s] Level 1:colcon.colcon_core.package_identification:_identify(/home/sirapob/TORTO_NvidiaSim/src) by extension 'python'
[1.075s] Level 1:colcon.colcon_core.package_identification:_identify(/home/sirapob/TORTO_NvidiaSim/src) by extensions ['python_setup_py']
[1.075s] Level 1:colcon.colcon_core.package_identification:_identify(/home/sirapob/TORTO_NvidiaSim/src) by extension 'python_setup_py'
[1.076s] Level 1:colcon.colcon_core.package_identification:_identify(/home/sirapob/TORTO_NvidiaSim/src/torto_description) by extensions ['ignore', 'ignore_ament_install']
[1.076s] Level 1:colcon.colcon_core.package_identification:_identify(/home/sirapob/TORTO_NvidiaSim/src/torto_description) by extension 'ignore'
[1.076s] Level 1:colcon.colcon_core.package_identification:_identify(/home/sirapob/TORTO_NvidiaSim/src/torto_description) by extension 'ignore_ament_install'
[1.077s] Level 1:colcon.colcon_core.package_identification:_identify(/home/sirapob/TORTO_NvidiaSim/src/torto_description) by extensions ['colcon_pkg']
[1.077s] Level 1:colcon.colcon_core.package_identification:_identify(/home/sirapob/TORTO_NvidiaSim/src/torto_description) by extension 'colcon_pkg'
[1.077s] Level 1:colcon.colcon_core.package_identification:_identify(/home/sirapob/TORTO_NvidiaSim/src/torto_description) by extensions ['colcon_meta']
[1.077s] Level 1:colcon.colcon_core.package_identification:_identify(/home/sirapob/TORTO_NvidiaSim/src/torto_description) by extension 'colcon_meta'
[1.078s] Level 1:colcon.colcon_core.package_identification:_identify(/home/sirapob/TORTO_NvidiaSim/src/torto_description) by extensions ['ros']
[1.078s] Level 1:colcon.colcon_core.package_identification:_identify(/home/sirapob/TORTO_NvidiaSim/src/torto_description) by extension 'ros'
[1.088s] DEBUG:colcon.colcon_core.package_identification:Package '/home/sirapob/TORTO_NvidiaSim/src/torto_description' with type 'ros.ament_cmake' and name 'torto_description'
[1.089s] Level 1:colcon.colcon_core.package_discovery:discover_packages(recursive) using defaults
