[2.772s] Invoking command in '/home/sirapob/TORTO_NvidiaSim/build/torto_odometry': PYTHONPATH=/home/sirapob/TORTO_NvidiaSim/build/torto_odometry/prefix_override:/usr/lib/python3/dist-packages/colcon_core/task/python/colcon_distutils_commands:/home/sirapob/TORTO_NvidiaSim/install/torto_odometry/lib/python3.10/site-packages:${PYTHONPATH} /usr/bin/python3 -W ignore:setup.py install is deprecated -W ignore:easy_install command is deprecated setup.py develop --editable --build-directory /home/sirapob/TORTO_NvidiaSim/build/torto_odometry/build --no-deps symlink_data
[3.451s] running develop
[3.945s] running egg_info
[3.946s] creating torto_odometry.egg-info
[3.946s] writing torto_odometry.egg-info/PKG-INFO
[3.947s] writing dependency_links to torto_odometry.egg-info/dependency_links.txt
[3.947s] writing entry points to torto_odometry.egg-info/entry_points.txt
[3.947s] writing requirements to torto_odometry.egg-info/requires.txt
[3.948s] writing top-level names to torto_odometry.egg-info/top_level.txt
[3.948s] writing manifest file 'torto_odometry.egg-info/SOURCES.txt'
[3.951s] reading manifest file 'torto_odometry.egg-info/SOURCES.txt'
[3.952s] writing manifest file 'torto_odometry.egg-info/SOURCES.txt'
[3.956s] running build_ext
[3.958s] Creating /home/sirapob/TORTO_NvidiaSim/install/torto_odometry/lib/python3.10/site-packages/torto-odometry.egg-link (link to .)
[3.962s] Installing odom_depen_on_imu_node script to /home/sirapob/TORTO_NvidiaSim/install/torto_odometry/lib/torto_odometry
[3.963s] 
[3.963s] Installed /home/sirapob/TORTO_NvidiaSim/build/torto_odometry
[3.964s] running symlink_data
[3.964s] creating /home/sirapob/TORTO_NvidiaSim/install/torto_odometry/share/ament_index
[3.964s] creating /home/sirapob/TORTO_NvidiaSim/install/torto_odometry/share/ament_index/resource_index
[3.965s] creating /home/sirapob/TORTO_NvidiaSim/install/torto_odometry/share/ament_index/resource_index/packages
[3.965s] symbolically linking /home/sirapob/TORTO_NvidiaSim/build/torto_odometry/resource/torto_odometry -> /home/sirapob/TORTO_NvidiaSim/install/torto_odometry/share/ament_index/resource_index/packages
[3.965s] symbolically linking /home/sirapob/TORTO_NvidiaSim/build/torto_odometry/package.xml -> /home/sirapob/TORTO_NvidiaSim/install/torto_odometry/share/torto_odometry
[3.966s] creating /home/sirapob/TORTO_NvidiaSim/install/torto_odometry/share/torto_odometry/launch
[3.966s] symbolically linking /home/sirapob/TORTO_NvidiaSim/build/torto_odometry/launch/torto_main_tf.launch.py -> /home/sirapob/TORTO_NvidiaSim/install/torto_odometry/share/torto_odometry/launch
[4.072s] Invoked command in '/home/sirapob/TORTO_NvidiaSim/build/torto_odometry' returned '0': PYTHONPATH=/home/sirapob/TORTO_NvidiaSim/build/torto_odometry/prefix_override:/usr/lib/python3/dist-packages/colcon_core/task/python/colcon_distutils_commands:/home/sirapob/TORTO_NvidiaSim/install/torto_odometry/lib/python3.10/site-packages:${PYTHONPATH} /usr/bin/python3 -W ignore:setup.py install is deprecated -W ignore:easy_install command is deprecated setup.py develop --editable --build-directory /home/sirapob/TORTO_NvidiaSim/build/torto_odometry/build --no-deps symlink_data
