[0.040s] Invoking command in '/home/sirapob/TORTO_NvidiaSim/build/torto_interfaces': CMAKE_PREFIX_PATH=${CMAKE_PREFIX_PATH}:/home/sirapob/TORTO_NvidiaSim/install/torto_sim_ctrl:/home/sirapob/TORTO_NvidiaSim/install/torto_rl_pkg:/home/sirapob/TORTO_NvidiaSim/install/torto_odometry:/home/sirapob/TORTO_NvidiaSim/install/torto_ctrl:/home/sirapob/TORTO_NvidiaSim/install/torto_input_handle:/home/sirapob/TORTO_NvidiaSim/install/torto_hardware:/opt/ros/humble /usr/bin/cmake /home/sirapob/TORTO_NvidiaSim/src/torto_interfaces -DCMAKE_INSTALL_PREFIX=/home/sirapob/TORTO_NvidiaSim/install/torto_interfaces
[0.081s] -- Found ament_cmake: 1.3.11 (/opt/ros/humble/share/ament_cmake/cmake)
[0.504s] -- Override CMake install command with custom implementation using symlinks instead of copying resources
[0.542s] -- Found rosidl_default_generators: 1.2.0 (/opt/ros/humble/share/rosidl_default_generators/cmake)
[0.550s] -- Using all available rosidl_typesupport_c: rosidl_typesupport_fastrtps_c;rosidl_typesupport_introspection_c
[0.561s] -- Found rosidl_adapter: 3.1.6 (/opt/ros/humble/share/rosidl_adapter/cmake)
[0.675s] -- Using all available rosidl_typesupport_cpp: rosidl_typesupport_fastrtps_cpp;rosidl_typesupport_introspection_cpp
[1.617s] -- Found ament_cmake_ros: 0.10.0 (/opt/ros/humble/share/ament_cmake_ros/cmake)
[2.266s] -- Using all available rosidl_typesupport_c: rosidl_typesupport_fastrtps_c;rosidl_typesupport_introspection_c
[3.080s] -- Using all available rosidl_typesupport_cpp: rosidl_typesupport_fastrtps_cpp;rosidl_typesupport_introspection_cpp
[3.173s] -- Found python_cmake_module: 0.10.0 (/opt/ros/humble/share/python_cmake_module/cmake)
[3.274s] -- Using PYTHON_EXECUTABLE: /usr/bin/python3
[3.274s] -- Using PYTHON_INCLUDE_DIRS: /usr/include/python3.10
[3.274s] -- Using PYTHON_LIBRARIES: /usr/lib/x86_64-linux-gnu/libpython3.10.so
[3.353s] -- Configuring done
[3.478s] -- Generating done
[3.528s] -- Build files have been written to: /home/sirapob/TORTO_NvidiaSim/build/torto_interfaces
[3.552s] Invoked command in '/home/sirapob/TORTO_NvidiaSim/build/torto_interfaces' returned '0': CMAKE_PREFIX_PATH=${CMAKE_PREFIX_PATH}:/home/sirapob/TORTO_NvidiaSim/install/torto_sim_ctrl:/home/sirapob/TORTO_NvidiaSim/install/torto_rl_pkg:/home/sirapob/TORTO_NvidiaSim/install/torto_odometry:/home/sirapob/TORTO_NvidiaSim/install/torto_ctrl:/home/sirapob/TORTO_NvidiaSim/install/torto_input_handle:/home/sirapob/TORTO_NvidiaSim/install/torto_hardware:/opt/ros/humble /usr/bin/cmake /home/sirapob/TORTO_NvidiaSim/src/torto_interfaces -DCMAKE_INSTALL_PREFIX=/home/sirapob/TORTO_NvidiaSim/install/torto_interfaces
[3.561s] Invoking command in '/home/sirapob/TORTO_NvidiaSim/build/torto_interfaces': CMAKE_PREFIX_PATH=${CMAKE_PREFIX_PATH}:/home/sirapob/TORTO_NvidiaSim/install/torto_sim_ctrl:/home/sirapob/TORTO_NvidiaSim/install/torto_rl_pkg:/home/sirapob/TORTO_NvidiaSim/install/torto_odometry:/home/sirapob/TORTO_NvidiaSim/install/torto_ctrl:/home/sirapob/TORTO_NvidiaSim/install/torto_input_handle:/home/sirapob/TORTO_NvidiaSim/install/torto_hardware:/opt/ros/humble /usr/bin/cmake --build /home/sirapob/TORTO_NvidiaSim/build/torto_interfaces -- -j16 -l16
[3.680s] [  2%] [34m[1mGenerating C code for ROS interfaces[0m
[3.708s] [  4%] [34m[1mGenerating C++ code for ROS interfaces[0m
[3.736s] [  4%] Built target ament_cmake_python_symlink_torto_interfaces
[4.840s] running egg_info
[4.847s] writing torto_interfaces.egg-info/PKG-INFO
[4.848s] writing dependency_links to torto_interfaces.egg-info/dependency_links.txt
[4.848s] writing top-level names to torto_interfaces.egg-info/top_level.txt
[4.858s] reading manifest file 'torto_interfaces.egg-info/SOURCES.txt'
[4.860s] writing manifest file 'torto_interfaces.egg-info/SOURCES.txt'
[4.953s] [  4%] Built target ament_cmake_python_build_torto_interfaces_egg
[5.498s] [35m[1mConsolidate compiler generated dependencies of target torto_interfaces__rosidl_generator_c[0m
[5.540s] [  6%] [32mBuilding C object CMakeFiles/torto_interfaces__rosidl_generator_c.dir/rosidl_generator_c/torto_interfaces/msg/detail/torto_joint_angles__functions.c.o[0m
[5.553s] [  8%] [32mBuilding C object CMakeFiles/torto_interfaces__rosidl_generator_c.dir/rosidl_generator_c/torto_interfaces/msg/detail/torto_ctrl_params__functions.c.o[0m
[5.554s] [ 10%] [32mBuilding C object CMakeFiles/torto_interfaces__rosidl_generator_c.dir/rosidl_generator_c/torto_interfaces/msg/detail/torto_sim_reset__functions.c.o[0m
[5.572s] [ 10%] Built target torto_interfaces__cpp
[5.609s] [ 14%] [34m[1mGenerating C++ type support dispatch for ROS interfaces[0m
[5.610s] [ 14%] [34m[1mGenerating C++ type support for eProsima Fast-RTPS[0m
[5.611s] [ 17%] [34m[1mGenerating C++ introspection for ROS interfaces[0m
[5.805s] [ 19%] [32m[1mLinking C shared library libtorto_interfaces__rosidl_generator_c.so[0m
[5.970s] [ 19%] Built target torto_interfaces__rosidl_generator_c
[6.017s] [ 23%] [34m[1mGenerating C introspection for ROS interfaces[0m
[6.018s] [ 23%] [34m[1mGenerating C type support for eProsima Fast-RTPS[0m
[6.018s] [ 25%] [34m[1mGenerating C type support dispatch for ROS interfaces[0m
[7.550s] [35m[1mConsolidate compiler generated dependencies of target torto_interfaces__rosidl_typesupport_cpp[0m
[7.613s] [ 27%] [32mBuilding CXX object CMakeFiles/torto_interfaces__rosidl_typesupport_cpp.dir/rosidl_typesupport_cpp/torto_interfaces/msg/torto_ctrl_params__type_support.cpp.o[0m
[7.613s] [ 29%] [32mBuilding CXX object CMakeFiles/torto_interfaces__rosidl_typesupport_cpp.dir/rosidl_typesupport_cpp/torto_interfaces/msg/torto_joint_angles__type_support.cpp.o[0m
[7.620s] [ 31%] [32mBuilding CXX object CMakeFiles/torto_interfaces__rosidl_typesupport_cpp.dir/rosidl_typesupport_cpp/torto_interfaces/msg/torto_sim_reset__type_support.cpp.o[0m
[7.812s] [35m[1mConsolidate compiler generated dependencies of target torto_interfaces__rosidl_typesupport_introspection_cpp[0m
[7.886s] [ 34%] [32mBuilding CXX object CMakeFiles/torto_interfaces__rosidl_typesupport_introspection_cpp.dir/rosidl_typesupport_introspection_cpp/torto_interfaces/msg/detail/torto_joint_angles__type_support.cpp.o[0m
[7.896s] [ 36%] [32mBuilding CXX object CMakeFiles/torto_interfaces__rosidl_typesupport_introspection_cpp.dir/rosidl_typesupport_introspection_cpp/torto_interfaces/msg/detail/torto_ctrl_params__type_support.cpp.o[0m
[7.903s] [ 38%] [32mBuilding CXX object CMakeFiles/torto_interfaces__rosidl_typesupport_introspection_cpp.dir/rosidl_typesupport_introspection_cpp/torto_interfaces/msg/detail/torto_sim_reset__type_support.cpp.o[0m
[8.019s] [35m[1mConsolidate compiler generated dependencies of target torto_interfaces__rosidl_typesupport_c[0m
[8.041s] [35m[1mConsolidate compiler generated dependencies of target torto_interfaces__rosidl_typesupport_fastrtps_cpp[0m
[8.073s] [ 40%] [32mBuilding CXX object CMakeFiles/torto_interfaces__rosidl_typesupport_c.dir/rosidl_typesupport_c/torto_interfaces/msg/torto_joint_angles__type_support.cpp.o[0m
[8.124s] [ 42%] [32mBuilding CXX object CMakeFiles/torto_interfaces__rosidl_typesupport_fastrtps_cpp.dir/rosidl_typesupport_fastrtps_cpp/torto_interfaces/msg/detail/dds_fastrtps/torto_joint_angles__type_support.cpp.o[0m
[8.131s] [ 44%] [32mBuilding CXX object CMakeFiles/torto_interfaces__rosidl_typesupport_c.dir/rosidl_typesupport_c/torto_interfaces/msg/torto_ctrl_params__type_support.cpp.o[0m
[8.132s] [ 46%] [32mBuilding CXX object CMakeFiles/torto_interfaces__rosidl_typesupport_c.dir/rosidl_typesupport_c/torto_interfaces/msg/torto_sim_reset__type_support.cpp.o[0m
[8.151s] [ 48%] [32mBuilding CXX object CMakeFiles/torto_interfaces__rosidl_typesupport_fastrtps_cpp.dir/rosidl_typesupport_fastrtps_cpp/torto_interfaces/msg/detail/dds_fastrtps/torto_ctrl_params__type_support.cpp.o[0m
[8.162s] [ 51%] [32mBuilding CXX object CMakeFiles/torto_interfaces__rosidl_typesupport_fastrtps_cpp.dir/rosidl_typesupport_fastrtps_cpp/torto_interfaces/msg/detail/dds_fastrtps/torto_sim_reset__type_support.cpp.o[0m
[8.354s] [ 53%] [32m[1mLinking CXX shared library libtorto_interfaces__rosidl_typesupport_c.so[0m
[8.487s] [35m[1mConsolidate compiler generated dependencies of target torto_interfaces__rosidl_typesupport_introspection_c[0m
[8.593s] [ 55%] [32mBuilding C object CMakeFiles/torto_interfaces__rosidl_typesupport_introspection_c.dir/rosidl_typesupport_introspection_c/torto_interfaces/msg/detail/torto_joint_angles__type_support.c.o[0m
[8.598s] [ 57%] [32mBuilding C object CMakeFiles/torto_interfaces__rosidl_typesupport_introspection_c.dir/rosidl_typesupport_introspection_c/torto_interfaces/msg/detail/torto_ctrl_params__type_support.c.o[0m
[8.621s] [ 59%] [32mBuilding C object CMakeFiles/torto_interfaces__rosidl_typesupport_introspection_c.dir/rosidl_typesupport_introspection_c/torto_interfaces/msg/detail/torto_sim_reset__type_support.c.o[0m
[8.656s] [ 59%] Built target torto_interfaces__rosidl_typesupport_c
[8.782s] [35m[1mConsolidate compiler generated dependencies of target torto_interfaces__rosidl_typesupport_fastrtps_c[0m
[8.857s] [ 61%] [32mBuilding CXX object CMakeFiles/torto_interfaces__rosidl_typesupport_fastrtps_c.dir/rosidl_typesupport_fastrtps_c/torto_interfaces/msg/detail/torto_ctrl_params__type_support_c.cpp.o[0m
[8.879s] [ 63%] [32mBuilding CXX object CMakeFiles/torto_interfaces__rosidl_typesupport_fastrtps_c.dir/rosidl_typesupport_fastrtps_c/torto_interfaces/msg/detail/torto_joint_angles__type_support_c.cpp.o[0m
[8.883s] [ 65%] [32mBuilding CXX object CMakeFiles/torto_interfaces__rosidl_typesupport_fastrtps_c.dir/rosidl_typesupport_fastrtps_c/torto_interfaces/msg/detail/torto_sim_reset__type_support_c.cpp.o[0m
[8.945s] [ 68%] [32m[1mLinking C shared library libtorto_interfaces__rosidl_typesupport_introspection_c.so[0m
[9.208s] [ 68%] Built target torto_interfaces__rosidl_typesupport_introspection_c
[10.174s] [ 70%] [32m[1mLinking CXX shared library libtorto_interfaces__rosidl_typesupport_cpp.so[0m
[10.482s] [ 70%] Built target torto_interfaces__rosidl_typesupport_cpp
[10.867s] [ 72%] [32m[1mLinking CXX shared library libtorto_interfaces__rosidl_typesupport_introspection_cpp.so[0m
[11.175s] [ 72%] Built target torto_interfaces__rosidl_typesupport_introspection_cpp
[11.206s] [ 74%] [32m[1mLinking CXX shared library libtorto_interfaces__rosidl_typesupport_fastrtps_cpp.so[0m
[11.446s] [ 74%] Built target torto_interfaces__rosidl_typesupport_fastrtps_cpp
[11.493s] [ 76%] [32m[1mLinking CXX shared library libtorto_interfaces__rosidl_typesupport_fastrtps_c.so[0m
[11.731s] [ 76%] Built target torto_interfaces__rosidl_typesupport_fastrtps_c
[11.787s] [ 76%] Built target torto_interfaces
[11.861s] [ 78%] [34m[1mGenerating Python code for ROS interfaces[0m
[14.477s] [ 78%] Built target torto_interfaces__py
[14.506s] [35m[1mConsolidate compiler generated dependencies of target torto_interfaces__rosidl_generator_py[0m
[14.538s] [ 80%] [32mBuilding C object CMakeFiles/torto_interfaces__rosidl_generator_py.dir/rosidl_generator_py/torto_interfaces/msg/_torto_joint_angles_s.c.o[0m
[14.539s] [ 82%] [32mBuilding C object CMakeFiles/torto_interfaces__rosidl_generator_py.dir/rosidl_generator_py/torto_interfaces/msg/_torto_ctrl_params_s.c.o[0m
[14.540s] [ 85%] [32mBuilding C object CMakeFiles/torto_interfaces__rosidl_generator_py.dir/rosidl_generator_py/torto_interfaces/msg/_torto_sim_reset_s.c.o[0m
[14.971s] [ 87%] [32m[1mLinking C shared library rosidl_generator_py/torto_interfaces/libtorto_interfaces__rosidl_generator_py.so[0m
[15.057s] [ 87%] Built target torto_interfaces__rosidl_generator_py
[15.080s] [35m[1mConsolidate compiler generated dependencies of target torto_interfaces__rosidl_typesupport_introspection_c__pyext[0m
[15.081s] [35m[1mConsolidate compiler generated dependencies of target torto_interfaces__rosidl_typesupport_c__pyext[0m
[15.081s] [35m[1mConsolidate compiler generated dependencies of target torto_interfaces__rosidl_typesupport_fastrtps_c__pyext[0m
[15.120s] [ 93%] [32mBuilding C object CMakeFiles/torto_interfaces__rosidl_typesupport_c__pyext.dir/rosidl_generator_py/torto_interfaces/_torto_interfaces_s.ep.rosidl_typesupport_c.c.o[0m
[15.121s] [ 93%] [32mBuilding C object CMakeFiles/torto_interfaces__rosidl_typesupport_fastrtps_c__pyext.dir/rosidl_generator_py/torto_interfaces/_torto_interfaces_s.ep.rosidl_typesupport_fastrtps_c.c.o[0m
[15.122s] [ 93%] [32mBuilding C object CMakeFiles/torto_interfaces__rosidl_typesupport_introspection_c__pyext.dir/rosidl_generator_py/torto_interfaces/_torto_interfaces_s.ep.rosidl_typesupport_introspection_c.c.o[0m
[15.510s] [ 95%] [32m[1mLinking C shared library rosidl_generator_py/torto_interfaces/torto_interfaces_s__rosidl_typesupport_introspection_c.cpython-310-x86_64-linux-gnu.so[0m
[15.511s] [ 97%] [32m[1mLinking C shared library rosidl_generator_py/torto_interfaces/torto_interfaces_s__rosidl_typesupport_c.cpython-310-x86_64-linux-gnu.so[0m
[15.536s] [100%] [32m[1mLinking C shared library rosidl_generator_py/torto_interfaces/torto_interfaces_s__rosidl_typesupport_fastrtps_c.cpython-310-x86_64-linux-gnu.so[0m
[15.622s] [100%] Built target torto_interfaces__rosidl_typesupport_introspection_c__pyext
[15.623s] [100%] Built target torto_interfaces__rosidl_typesupport_c__pyext
[15.664s] [100%] Built target torto_interfaces__rosidl_typesupport_fastrtps_c__pyext
[15.697s] Invoked command in '/home/sirapob/TORTO_NvidiaSim/build/torto_interfaces' returned '0': CMAKE_PREFIX_PATH=${CMAKE_PREFIX_PATH}:/home/sirapob/TORTO_NvidiaSim/install/torto_sim_ctrl:/home/sirapob/TORTO_NvidiaSim/install/torto_rl_pkg:/home/sirapob/TORTO_NvidiaSim/install/torto_odometry:/home/sirapob/TORTO_NvidiaSim/install/torto_ctrl:/home/sirapob/TORTO_NvidiaSim/install/torto_input_handle:/home/sirapob/TORTO_NvidiaSim/install/torto_hardware:/opt/ros/humble /usr/bin/cmake --build /home/sirapob/TORTO_NvidiaSim/build/torto_interfaces -- -j16 -l16
[15.724s] Invoking command in '/home/sirapob/TORTO_NvidiaSim/build/torto_interfaces': CMAKE_PREFIX_PATH=${CMAKE_PREFIX_PATH}:/home/sirapob/TORTO_NvidiaSim/install/torto_sim_ctrl:/home/sirapob/TORTO_NvidiaSim/install/torto_rl_pkg:/home/sirapob/TORTO_NvidiaSim/install/torto_odometry:/home/sirapob/TORTO_NvidiaSim/install/torto_ctrl:/home/sirapob/TORTO_NvidiaSim/install/torto_input_handle:/home/sirapob/TORTO_NvidiaSim/install/torto_hardware:/opt/ros/humble /usr/bin/cmake --install /home/sirapob/TORTO_NvidiaSim/build/torto_interfaces
[15.745s] -- Install configuration: ""
[15.747s] -- Execute custom install script
[15.748s] -- Up-to-date symlink: /home/sirapob/TORTO_NvidiaSim/install/torto_interfaces/share/ament_index/resource_index/rosidl_interfaces/torto_interfaces
[15.749s] -- Up-to-date symlink: /home/sirapob/TORTO_NvidiaSim/install/torto_interfaces/include/torto_interfaces/torto_interfaces/msg/detail/torto_ctrl_params__functions.h
[15.749s] -- Up-to-date symlink: /home/sirapob/TORTO_NvidiaSim/install/torto_interfaces/include/torto_interfaces/torto_interfaces/msg/detail/torto_ctrl_params__struct.h
[15.749s] -- Up-to-date symlink: /home/sirapob/TORTO_NvidiaSim/install/torto_interfaces/include/torto_interfaces/torto_interfaces/msg/detail/torto_ctrl_params__type_support.h
[15.749s] -- Up-to-date symlink: /home/sirapob/TORTO_NvidiaSim/install/torto_interfaces/include/torto_interfaces/torto_interfaces/msg/detail/torto_joint_angles__functions.h
[15.750s] -- Up-to-date symlink: /home/sirapob/TORTO_NvidiaSim/install/torto_interfaces/include/torto_interfaces/torto_interfaces/msg/detail/torto_joint_angles__struct.h
[15.750s] -- Up-to-date symlink: /home/sirapob/TORTO_NvidiaSim/install/torto_interfaces/include/torto_interfaces/torto_interfaces/msg/detail/torto_joint_angles__type_support.h
[15.750s] -- Symlinking: /home/sirapob/TORTO_NvidiaSim/install/torto_interfaces/include/torto_interfaces/torto_interfaces/msg/detail/torto_sim_reset__functions.h
[15.777s] -- Symlinking: /home/sirapob/TORTO_NvidiaSim/install/torto_interfaces/include/torto_interfaces/torto_interfaces/msg/detail/torto_sim_reset__struct.h
[15.802s] -- Symlinking: /home/sirapob/TORTO_NvidiaSim/install/torto_interfaces/include/torto_interfaces/torto_interfaces/msg/detail/torto_sim_reset__type_support.h
[15.829s] -- Up-to-date symlink: /home/sirapob/TORTO_NvidiaSim/install/torto_interfaces/include/torto_interfaces/torto_interfaces/msg/rosidl_generator_c__visibility_control.h
[15.830s] -- Up-to-date symlink: /home/sirapob/TORTO_NvidiaSim/install/torto_interfaces/include/torto_interfaces/torto_interfaces/msg/torto_ctrl_params.h
[15.830s] -- Up-to-date symlink: /home/sirapob/TORTO_NvidiaSim/install/torto_interfaces/include/torto_interfaces/torto_interfaces/msg/torto_joint_angles.h
[15.831s] -- Symlinking: /home/sirapob/TORTO_NvidiaSim/install/torto_interfaces/include/torto_interfaces/torto_interfaces/msg/torto_sim_reset.h
[15.863s] -- Up-to-date symlink: /home/sirapob/TORTO_NvidiaSim/install/torto_interfaces/share/torto_interfaces/environment/library_path.sh
[15.863s] -- Up-to-date symlink: /home/sirapob/TORTO_NvidiaSim/install/torto_interfaces/share/torto_interfaces/environment/library_path.dsv
[15.864s] -- Up-to-date symlink: /home/sirapob/TORTO_NvidiaSim/install/torto_interfaces/include/torto_interfaces/torto_interfaces/msg/detail/torto_ctrl_params__rosidl_typesupport_fastrtps_c.h
[15.865s] -- Up-to-date symlink: /home/sirapob/TORTO_NvidiaSim/install/torto_interfaces/include/torto_interfaces/torto_interfaces/msg/detail/torto_joint_angles__rosidl_typesupport_fastrtps_c.h
[15.865s] -- Symlinking: /home/sirapob/TORTO_NvidiaSim/install/torto_interfaces/include/torto_interfaces/torto_interfaces/msg/detail/torto_sim_reset__rosidl_typesupport_fastrtps_c.h
[15.889s] -- Up-to-date symlink: /home/sirapob/TORTO_NvidiaSim/install/torto_interfaces/include/torto_interfaces/torto_interfaces/msg/rosidl_typesupport_fastrtps_c__visibility_control.h
[15.890s] -- Up-to-date symlink: /home/sirapob/TORTO_NvidiaSim/install/torto_interfaces/include/torto_interfaces/torto_interfaces/msg/detail/torto_ctrl_params__rosidl_typesupport_introspection_c.h
[15.891s] -- Up-to-date symlink: /home/sirapob/TORTO_NvidiaSim/install/torto_interfaces/include/torto_interfaces/torto_interfaces/msg/detail/torto_joint_angles__rosidl_typesupport_introspection_c.h
[15.892s] -- Symlinking: /home/sirapob/TORTO_NvidiaSim/install/torto_interfaces/include/torto_interfaces/torto_interfaces/msg/detail/torto_sim_reset__rosidl_typesupport_introspection_c.h
[15.918s] -- Up-to-date symlink: /home/sirapob/TORTO_NvidiaSim/install/torto_interfaces/include/torto_interfaces/torto_interfaces/msg/rosidl_typesupport_introspection_c__visibility_control.h
[15.919s] -- Up-to-date symlink: /home/sirapob/TORTO_NvidiaSim/install/torto_interfaces/include/torto_interfaces/torto_interfaces/msg/detail/torto_ctrl_params__builder.hpp
[15.920s] -- Up-to-date symlink: /home/sirapob/TORTO_NvidiaSim/install/torto_interfaces/include/torto_interfaces/torto_interfaces/msg/detail/torto_ctrl_params__struct.hpp
[15.920s] -- Up-to-date symlink: /home/sirapob/TORTO_NvidiaSim/install/torto_interfaces/include/torto_interfaces/torto_interfaces/msg/detail/torto_ctrl_params__traits.hpp
[15.920s] -- Up-to-date symlink: /home/sirapob/TORTO_NvidiaSim/install/torto_interfaces/include/torto_interfaces/torto_interfaces/msg/detail/torto_ctrl_params__type_support.hpp
[15.921s] -- Up-to-date symlink: /home/sirapob/TORTO_NvidiaSim/install/torto_interfaces/include/torto_interfaces/torto_interfaces/msg/detail/torto_joint_angles__builder.hpp
[15.921s] -- Up-to-date symlink: /home/sirapob/TORTO_NvidiaSim/install/torto_interfaces/include/torto_interfaces/torto_interfaces/msg/detail/torto_joint_angles__struct.hpp
[15.921s] -- Up-to-date symlink: /home/sirapob/TORTO_NvidiaSim/install/torto_interfaces/include/torto_interfaces/torto_interfaces/msg/detail/torto_joint_angles__traits.hpp
[15.922s] -- Up-to-date symlink: /home/sirapob/TORTO_NvidiaSim/install/torto_interfaces/include/torto_interfaces/torto_interfaces/msg/detail/torto_joint_angles__type_support.hpp
[15.922s] -- Symlinking: /home/sirapob/TORTO_NvidiaSim/install/torto_interfaces/include/torto_interfaces/torto_interfaces/msg/detail/torto_sim_reset__builder.hpp
[15.946s] -- Symlinking: /home/sirapob/TORTO_NvidiaSim/install/torto_interfaces/include/torto_interfaces/torto_interfaces/msg/detail/torto_sim_reset__struct.hpp
[15.969s] -- Symlinking: /home/sirapob/TORTO_NvidiaSim/install/torto_interfaces/include/torto_interfaces/torto_interfaces/msg/detail/torto_sim_reset__traits.hpp
[15.995s] -- Symlinking: /home/sirapob/TORTO_NvidiaSim/install/torto_interfaces/include/torto_interfaces/torto_interfaces/msg/detail/torto_sim_reset__type_support.hpp
[16.022s] -- Up-to-date symlink: /home/sirapob/TORTO_NvidiaSim/install/torto_interfaces/include/torto_interfaces/torto_interfaces/msg/rosidl_generator_cpp__visibility_control.hpp
[16.022s] -- Up-to-date symlink: /home/sirapob/TORTO_NvidiaSim/install/torto_interfaces/include/torto_interfaces/torto_interfaces/msg/torto_ctrl_params.hpp
[16.023s] -- Up-to-date symlink: /home/sirapob/TORTO_NvidiaSim/install/torto_interfaces/include/torto_interfaces/torto_interfaces/msg/torto_joint_angles.hpp
[16.023s] -- Symlinking: /home/sirapob/TORTO_NvidiaSim/install/torto_interfaces/include/torto_interfaces/torto_interfaces/msg/torto_sim_reset.hpp
[16.048s] -- Up-to-date symlink: /home/sirapob/TORTO_NvidiaSim/install/torto_interfaces/include/torto_interfaces/torto_interfaces/msg/detail/torto_ctrl_params__rosidl_typesupport_fastrtps_cpp.hpp
[16.048s] -- Up-to-date symlink: /home/sirapob/TORTO_NvidiaSim/install/torto_interfaces/include/torto_interfaces/torto_interfaces/msg/detail/torto_joint_angles__rosidl_typesupport_fastrtps_cpp.hpp
[16.049s] -- Symlinking: /home/sirapob/TORTO_NvidiaSim/install/torto_interfaces/include/torto_interfaces/torto_interfaces/msg/detail/torto_sim_reset__rosidl_typesupport_fastrtps_cpp.hpp
[16.072s] -- Up-to-date symlink: /home/sirapob/TORTO_NvidiaSim/install/torto_interfaces/include/torto_interfaces/torto_interfaces/msg/rosidl_typesupport_fastrtps_cpp__visibility_control.h
[16.074s] -- Up-to-date symlink: /home/sirapob/TORTO_NvidiaSim/install/torto_interfaces/include/torto_interfaces/torto_interfaces/msg/detail/torto_ctrl_params__rosidl_typesupport_introspection_cpp.hpp
[16.074s] -- Up-to-date symlink: /home/sirapob/TORTO_NvidiaSim/install/torto_interfaces/include/torto_interfaces/torto_interfaces/msg/detail/torto_joint_angles__rosidl_typesupport_introspection_cpp.hpp
[16.074s] -- Symlinking: /home/sirapob/TORTO_NvidiaSim/install/torto_interfaces/include/torto_interfaces/torto_interfaces/msg/detail/torto_sim_reset__rosidl_typesupport_introspection_cpp.hpp
[16.105s] -- Up-to-date symlink: /home/sirapob/TORTO_NvidiaSim/install/torto_interfaces/share/torto_interfaces/environment/pythonpath.sh
[16.105s] -- Up-to-date symlink: /home/sirapob/TORTO_NvidiaSim/install/torto_interfaces/share/torto_interfaces/environment/pythonpath.dsv
[16.106s] -- Up-to-date symlink: /home/sirapob/TORTO_NvidiaSim/install/torto_interfaces/local/lib/python3.10/dist-packages/torto_interfaces-0.0.0-py3.10.egg-info/PKG-INFO
[16.106s] -- Up-to-date symlink: /home/sirapob/TORTO_NvidiaSim/install/torto_interfaces/local/lib/python3.10/dist-packages/torto_interfaces-0.0.0-py3.10.egg-info/SOURCES.txt
[16.107s] -- Up-to-date symlink: /home/sirapob/TORTO_NvidiaSim/install/torto_interfaces/local/lib/python3.10/dist-packages/torto_interfaces-0.0.0-py3.10.egg-info/dependency_links.txt
[16.107s] -- Up-to-date symlink: /home/sirapob/TORTO_NvidiaSim/install/torto_interfaces/local/lib/python3.10/dist-packages/torto_interfaces-0.0.0-py3.10.egg-info/top_level.txt
[16.109s] -- Up-to-date symlink: /home/sirapob/TORTO_NvidiaSim/install/torto_interfaces/local/lib/python3.10/dist-packages/torto_interfaces/__init__.py
[16.110s] -- Up-to-date symlink: /home/sirapob/TORTO_NvidiaSim/install/torto_interfaces/local/lib/python3.10/dist-packages/torto_interfaces/_torto_interfaces_s.ep.rosidl_typesupport_c.c
[16.110s] -- Up-to-date symlink: /home/sirapob/TORTO_NvidiaSim/install/torto_interfaces/local/lib/python3.10/dist-packages/torto_interfaces/_torto_interfaces_s.ep.rosidl_typesupport_fastrtps_c.c
[16.111s] -- Up-to-date symlink: /home/sirapob/TORTO_NvidiaSim/install/torto_interfaces/local/lib/python3.10/dist-packages/torto_interfaces/_torto_interfaces_s.ep.rosidl_typesupport_introspection_c.c
[16.111s] -- Up-to-date symlink: /home/sirapob/TORTO_NvidiaSim/install/torto_interfaces/local/lib/python3.10/dist-packages/torto_interfaces/libtorto_interfaces__rosidl_generator_py.so
[16.112s] -- Up-to-date symlink: /home/sirapob/TORTO_NvidiaSim/install/torto_interfaces/local/lib/python3.10/dist-packages/torto_interfaces/msg/__init__.py
[16.112s] -- Up-to-date symlink: /home/sirapob/TORTO_NvidiaSim/install/torto_interfaces/local/lib/python3.10/dist-packages/torto_interfaces/msg/_torto_ctrl_params.py
[16.113s] -- Up-to-date symlink: /home/sirapob/TORTO_NvidiaSim/install/torto_interfaces/local/lib/python3.10/dist-packages/torto_interfaces/msg/_torto_ctrl_params_s.c
[16.114s] -- Up-to-date symlink: /home/sirapob/TORTO_NvidiaSim/install/torto_interfaces/local/lib/python3.10/dist-packages/torto_interfaces/msg/_torto_joint_angles.py
[16.114s] -- Up-to-date symlink: /home/sirapob/TORTO_NvidiaSim/install/torto_interfaces/local/lib/python3.10/dist-packages/torto_interfaces/msg/_torto_joint_angles_s.c
[16.114s] -- Symlinking: /home/sirapob/TORTO_NvidiaSim/install/torto_interfaces/local/lib/python3.10/dist-packages/torto_interfaces/msg/_torto_sim_reset.py
[16.140s] -- Symlinking: /home/sirapob/TORTO_NvidiaSim/install/torto_interfaces/local/lib/python3.10/dist-packages/torto_interfaces/msg/_torto_sim_reset_s.c
[16.167s] -- Up-to-date symlink: /home/sirapob/TORTO_NvidiaSim/install/torto_interfaces/local/lib/python3.10/dist-packages/torto_interfaces/torto_interfaces_s__rosidl_typesupport_c.cpython-310-x86_64-linux-gnu.so
[16.167s] -- Up-to-date symlink: /home/sirapob/TORTO_NvidiaSim/install/torto_interfaces/local/lib/python3.10/dist-packages/torto_interfaces/torto_interfaces_s__rosidl_typesupport_fastrtps_c.cpython-310-x86_64-linux-gnu.so
[16.167s] -- Up-to-date symlink: /home/sirapob/TORTO_NvidiaSim/install/torto_interfaces/local/lib/python3.10/dist-packages/torto_interfaces/torto_interfaces_s__rosidl_typesupport_introspection_c.cpython-310-x86_64-linux-gnu.so
[16.168s] -- Up-to-date symlink: /home/sirapob/TORTO_NvidiaSim/install/torto_interfaces/local/lib/python3.10/dist-packages/torto_interfaces/torto_interfaces_s__rosidl_typesupport_fastrtps_c.cpython-310-x86_64-linux-gnu.so
[16.169s] -- Up-to-date symlink: /home/sirapob/TORTO_NvidiaSim/install/torto_interfaces/local/lib/python3.10/dist-packages/torto_interfaces/torto_interfaces_s__rosidl_typesupport_introspection_c.cpython-310-x86_64-linux-gnu.so
[16.170s] -- Up-to-date symlink: /home/sirapob/TORTO_NvidiaSim/install/torto_interfaces/local/lib/python3.10/dist-packages/torto_interfaces/torto_interfaces_s__rosidl_typesupport_c.cpython-310-x86_64-linux-gnu.so
[16.171s] -- Up-to-date symlink: /home/sirapob/TORTO_NvidiaSim/install/torto_interfaces/share/torto_interfaces/msg/TortoJointAngles.idl
[16.172s] -- Up-to-date symlink: /home/sirapob/TORTO_NvidiaSim/install/torto_interfaces/share/torto_interfaces/msg/TortoCtrlParams.idl
[16.172s] -- Symlinking: /home/sirapob/TORTO_NvidiaSim/install/torto_interfaces/share/torto_interfaces/msg/TortoSimReset.idl
[16.197s] -- Up-to-date symlink: /home/sirapob/TORTO_NvidiaSim/install/torto_interfaces/share/torto_interfaces/msg/TortoJointAngles.msg
[16.198s] -- Up-to-date symlink: /home/sirapob/TORTO_NvidiaSim/install/torto_interfaces/share/torto_interfaces/msg/TortoCtrlParams.msg
[16.198s] -- Symlinking: /home/sirapob/TORTO_NvidiaSim/install/torto_interfaces/share/torto_interfaces/msg/TortoSimReset.msg
[16.231s] -- Up-to-date symlink: /home/sirapob/TORTO_NvidiaSim/install/torto_interfaces/share/ament_index/resource_index/package_run_dependencies/torto_interfaces
[16.231s] -- Up-to-date symlink: /home/sirapob/TORTO_NvidiaSim/install/torto_interfaces/share/ament_index/resource_index/parent_prefix_path/torto_interfaces
[16.231s] -- Up-to-date symlink: /home/sirapob/TORTO_NvidiaSim/install/torto_interfaces/share/torto_interfaces/environment/ament_prefix_path.sh
[16.232s] -- Up-to-date symlink: /home/sirapob/TORTO_NvidiaSim/install/torto_interfaces/share/torto_interfaces/environment/ament_prefix_path.dsv
[16.234s] -- Up-to-date symlink: /home/sirapob/TORTO_NvidiaSim/install/torto_interfaces/share/torto_interfaces/environment/path.sh
[16.235s] -- Up-to-date symlink: /home/sirapob/TORTO_NvidiaSim/install/torto_interfaces/share/torto_interfaces/environment/path.dsv
[16.235s] -- Up-to-date symlink: /home/sirapob/TORTO_NvidiaSim/install/torto_interfaces/share/torto_interfaces/local_setup.bash
[16.236s] -- Up-to-date symlink: /home/sirapob/TORTO_NvidiaSim/install/torto_interfaces/share/torto_interfaces/local_setup.sh
[16.236s] -- Up-to-date symlink: /home/sirapob/TORTO_NvidiaSim/install/torto_interfaces/share/torto_interfaces/local_setup.zsh
[16.237s] -- Up-to-date symlink: /home/sirapob/TORTO_NvidiaSim/install/torto_interfaces/share/torto_interfaces/local_setup.dsv
[16.237s] -- Symlinking: /home/sirapob/TORTO_NvidiaSim/install/torto_interfaces/share/torto_interfaces/package.dsv
[16.269s] -- Up-to-date symlink: /home/sirapob/TORTO_NvidiaSim/install/torto_interfaces/share/ament_index/resource_index/packages/torto_interfaces
[16.270s] -- Up-to-date symlink: /home/sirapob/TORTO_NvidiaSim/install/torto_interfaces/share/torto_interfaces/cmake/rosidl_cmake-extras.cmake
[16.271s] -- Up-to-date symlink: /home/sirapob/TORTO_NvidiaSim/install/torto_interfaces/share/torto_interfaces/cmake/ament_cmake_export_include_directories-extras.cmake
[16.273s] -- Up-to-date symlink: /home/sirapob/TORTO_NvidiaSim/install/torto_interfaces/share/torto_interfaces/cmake/ament_cmake_export_libraries-extras.cmake
[16.274s] -- Up-to-date symlink: /home/sirapob/TORTO_NvidiaSim/install/torto_interfaces/share/torto_interfaces/cmake/ament_cmake_export_targets-extras.cmake
[16.275s] -- Up-to-date symlink: /home/sirapob/TORTO_NvidiaSim/install/torto_interfaces/share/torto_interfaces/cmake/rosidl_cmake_export_typesupport_targets-extras.cmake
[16.276s] -- Up-to-date symlink: /home/sirapob/TORTO_NvidiaSim/install/torto_interfaces/share/torto_interfaces/cmake/ament_cmake_export_dependencies-extras.cmake
[16.277s] -- Up-to-date symlink: /home/sirapob/TORTO_NvidiaSim/install/torto_interfaces/share/torto_interfaces/cmake/rosidl_cmake_export_typesupport_libraries-extras.cmake
[16.277s] -- Up-to-date symlink: /home/sirapob/TORTO_NvidiaSim/install/torto_interfaces/share/torto_interfaces/cmake/torto_interfacesConfig.cmake
[16.278s] -- Up-to-date symlink: /home/sirapob/TORTO_NvidiaSim/install/torto_interfaces/share/torto_interfaces/cmake/torto_interfacesConfig-version.cmake
[16.279s] -- Up-to-date symlink: /home/sirapob/TORTO_NvidiaSim/install/torto_interfaces/share/torto_interfaces/package.xml
[16.280s] -- Installing: /home/sirapob/TORTO_NvidiaSim/install/torto_interfaces/lib/libtorto_interfaces__rosidl_generator_c.so
[16.282s] -- Set runtime path of "/home/sirapob/TORTO_NvidiaSim/install/torto_interfaces/lib/libtorto_interfaces__rosidl_generator_c.so" to ""
[16.284s] -- Installing: /home/sirapob/TORTO_NvidiaSim/install/torto_interfaces/lib/libtorto_interfaces__rosidl_typesupport_fastrtps_c.so
[16.285s] -- Set runtime path of "/home/sirapob/TORTO_NvidiaSim/install/torto_interfaces/lib/libtorto_interfaces__rosidl_typesupport_fastrtps_c.so" to ""
[16.286s] -- Installing: /home/sirapob/TORTO_NvidiaSim/install/torto_interfaces/lib/libtorto_interfaces__rosidl_typesupport_introspection_c.so
[16.287s] -- Set runtime path of "/home/sirapob/TORTO_NvidiaSim/install/torto_interfaces/lib/libtorto_interfaces__rosidl_typesupport_introspection_c.so" to ""
[16.287s] -- Installing: /home/sirapob/TORTO_NvidiaSim/install/torto_interfaces/lib/libtorto_interfaces__rosidl_typesupport_c.so
[16.290s] -- Set runtime path of "/home/sirapob/TORTO_NvidiaSim/install/torto_interfaces/lib/libtorto_interfaces__rosidl_typesupport_c.so" to ""
[16.297s] -- Installing: /home/sirapob/TORTO_NvidiaSim/install/torto_interfaces/lib/libtorto_interfaces__rosidl_typesupport_fastrtps_cpp.so
[16.305s] -- Set runtime path of "/home/sirapob/TORTO_NvidiaSim/install/torto_interfaces/lib/libtorto_interfaces__rosidl_typesupport_fastrtps_cpp.so" to ""
[16.306s] -- Installing: /home/sirapob/TORTO_NvidiaSim/install/torto_interfaces/lib/libtorto_interfaces__rosidl_typesupport_introspection_cpp.so
[16.306s] -- Set runtime path of "/home/sirapob/TORTO_NvidiaSim/install/torto_interfaces/lib/libtorto_interfaces__rosidl_typesupport_introspection_cpp.so" to ""
[16.306s] -- Installing: /home/sirapob/TORTO_NvidiaSim/install/torto_interfaces/lib/libtorto_interfaces__rosidl_typesupport_cpp.so
[16.307s] -- Set runtime path of "/home/sirapob/TORTO_NvidiaSim/install/torto_interfaces/lib/libtorto_interfaces__rosidl_typesupport_cpp.so" to ""
[16.516s] Listing '/home/sirapob/TORTO_NvidiaSim/install/torto_interfaces/local/lib/python3.10/dist-packages/torto_interfaces'...
[16.516s] Compiling '/home/sirapob/TORTO_NvidiaSim/install/torto_interfaces/local/lib/python3.10/dist-packages/torto_interfaces/__init__.py'...
[16.516s] Listing '/home/sirapob/TORTO_NvidiaSim/install/torto_interfaces/local/lib/python3.10/dist-packages/torto_interfaces/msg'...
[16.516s] Compiling '/home/sirapob/TORTO_NvidiaSim/install/torto_interfaces/local/lib/python3.10/dist-packages/torto_interfaces/msg/__init__.py'...
[16.516s] Compiling '/home/sirapob/TORTO_NvidiaSim/install/torto_interfaces/local/lib/python3.10/dist-packages/torto_interfaces/msg/_torto_ctrl_params.py'...
[16.517s] Compiling '/home/sirapob/TORTO_NvidiaSim/install/torto_interfaces/local/lib/python3.10/dist-packages/torto_interfaces/msg/_torto_joint_angles.py'...
[16.517s] Compiling '/home/sirapob/TORTO_NvidiaSim/install/torto_interfaces/local/lib/python3.10/dist-packages/torto_interfaces/msg/_torto_sim_reset.py'...
[16.533s] -- Installing: /home/sirapob/TORTO_NvidiaSim/install/torto_interfaces/lib/libtorto_interfaces__rosidl_generator_py.so
[16.534s] -- Set runtime path of "/home/sirapob/TORTO_NvidiaSim/install/torto_interfaces/lib/libtorto_interfaces__rosidl_generator_py.so" to ""
[16.535s] -- Up-to-date: /home/sirapob/TORTO_NvidiaSim/install/torto_interfaces/share/torto_interfaces/cmake/export_torto_interfaces__rosidl_generator_cExport.cmake
[16.535s] -- Up-to-date: /home/sirapob/TORTO_NvidiaSim/install/torto_interfaces/share/torto_interfaces/cmake/export_torto_interfaces__rosidl_generator_cExport-noconfig.cmake
[16.536s] -- Up-to-date: /home/sirapob/TORTO_NvidiaSim/install/torto_interfaces/share/torto_interfaces/cmake/export_torto_interfaces__rosidl_typesupport_fastrtps_cExport.cmake
[16.537s] -- Up-to-date: /home/sirapob/TORTO_NvidiaSim/install/torto_interfaces/share/torto_interfaces/cmake/export_torto_interfaces__rosidl_typesupport_fastrtps_cExport-noconfig.cmake
[16.537s] -- Up-to-date: /home/sirapob/TORTO_NvidiaSim/install/torto_interfaces/share/torto_interfaces/cmake/torto_interfaces__rosidl_typesupport_introspection_cExport.cmake
[16.537s] -- Up-to-date: /home/sirapob/TORTO_NvidiaSim/install/torto_interfaces/share/torto_interfaces/cmake/torto_interfaces__rosidl_typesupport_introspection_cExport-noconfig.cmake
[16.538s] -- Up-to-date: /home/sirapob/TORTO_NvidiaSim/install/torto_interfaces/share/torto_interfaces/cmake/torto_interfaces__rosidl_typesupport_cExport.cmake
[16.538s] -- Up-to-date: /home/sirapob/TORTO_NvidiaSim/install/torto_interfaces/share/torto_interfaces/cmake/torto_interfaces__rosidl_typesupport_cExport-noconfig.cmake
[16.538s] -- Up-to-date: /home/sirapob/TORTO_NvidiaSim/install/torto_interfaces/share/torto_interfaces/cmake/export_torto_interfaces__rosidl_generator_cppExport.cmake
[16.539s] -- Up-to-date: /home/sirapob/TORTO_NvidiaSim/install/torto_interfaces/share/torto_interfaces/cmake/export_torto_interfaces__rosidl_typesupport_fastrtps_cppExport.cmake
[16.539s] -- Up-to-date: /home/sirapob/TORTO_NvidiaSim/install/torto_interfaces/share/torto_interfaces/cmake/export_torto_interfaces__rosidl_typesupport_fastrtps_cppExport-noconfig.cmake
[16.539s] -- Up-to-date: /home/sirapob/TORTO_NvidiaSim/install/torto_interfaces/share/torto_interfaces/cmake/torto_interfaces__rosidl_typesupport_introspection_cppExport.cmake
[16.539s] -- Up-to-date: /home/sirapob/TORTO_NvidiaSim/install/torto_interfaces/share/torto_interfaces/cmake/torto_interfaces__rosidl_typesupport_introspection_cppExport-noconfig.cmake
[16.540s] -- Up-to-date: /home/sirapob/TORTO_NvidiaSim/install/torto_interfaces/share/torto_interfaces/cmake/torto_interfaces__rosidl_typesupport_cppExport.cmake
[16.540s] -- Up-to-date: /home/sirapob/TORTO_NvidiaSim/install/torto_interfaces/share/torto_interfaces/cmake/torto_interfaces__rosidl_typesupport_cppExport-noconfig.cmake
[16.540s] -- Up-to-date: /home/sirapob/TORTO_NvidiaSim/install/torto_interfaces/share/torto_interfaces/cmake/export_torto_interfaces__rosidl_generator_pyExport.cmake
[16.540s] -- Up-to-date: /home/sirapob/TORTO_NvidiaSim/install/torto_interfaces/share/torto_interfaces/cmake/export_torto_interfaces__rosidl_generator_pyExport-noconfig.cmake
[16.544s] Invoked command in '/home/sirapob/TORTO_NvidiaSim/build/torto_interfaces' returned '0': CMAKE_PREFIX_PATH=${CMAKE_PREFIX_PATH}:/home/sirapob/TORTO_NvidiaSim/install/torto_sim_ctrl:/home/sirapob/TORTO_NvidiaSim/install/torto_rl_pkg:/home/sirapob/TORTO_NvidiaSim/install/torto_odometry:/home/sirapob/TORTO_NvidiaSim/install/torto_ctrl:/home/sirapob/TORTO_NvidiaSim/install/torto_input_handle:/home/sirapob/TORTO_NvidiaSim/install/torto_hardware:/opt/ros/humble /usr/bin/cmake --install /home/sirapob/TORTO_NvidiaSim/build/torto_interfaces
