[0.044s] Invoking command in '/home/sirapob/TORTO_NvidiaSim/build/torto_interfaces': CMAKE_PREFIX_PATH=${CMAKE_PREFIX_PATH}:/home/sirapob/TORTO_NvidiaSim/install/torto_sim_ctrl:/opt/ros/humble /usr/bin/cmake /home/sirapob/TORTO_NvidiaSim/src/torto_interfaces -DAMENT_CMAKE_SYMLINK_INSTALL=1 -DCMAKE_INSTALL_PREFIX=/home/sirapob/TORTO_NvidiaSim/install/torto_interfaces
[1.497s] -- The C compiler identification is GNU 11.4.0
[1.498s] -- The CXX compiler identification is GNU 11.4.0
[1.498s] -- Detecting C compiler ABI info
[1.499s] -- Detecting C compiler ABI info - done
[1.499s] -- Check for working C compiler: /usr/bin/cc - skipped
[1.499s] -- Detecting C compile features
[1.499s] -- Detecting C compile features - done
[1.499s] -- Detecting CXX compiler ABI info
[1.499s] -- Detecting CXX compiler ABI info - done
[1.499s] -- Check for working CXX compiler: /usr/bin/c++ - skipped
[1.499s] -- Detecting CXX compile features
[1.499s] -- Detecting CXX compile features - done
[1.499s] -- Found ament_cmake: 1.3.11 (/opt/ros/humble/share/ament_cmake/cmake)
[1.499s] -- Found Python3: /usr/bin/python3 (found version "3.10.12") found components: Interpreter 
[1.499s] -- Override CMake install command with custom implementation using symlinks instead of copying resources
[1.500s] -- Found rosidl_default_generators: 1.2.0 (/opt/ros/humble/share/rosidl_default_generators/cmake)
[1.500s] -- Using all available rosidl_typesupport_c: rosidl_typesupport_fastrtps_c;rosidl_typesupport_introspection_c
[1.500s] -- Found rosidl_adapter: 3.1.6 (/opt/ros/humble/share/rosidl_adapter/cmake)
[1.500s] -- Using all available rosidl_typesupport_cpp: rosidl_typesupport_fastrtps_cpp;rosidl_typesupport_introspection_cpp
[1.678s] -- Found ament_cmake_ros: 0.10.0 (/opt/ros/humble/share/ament_cmake_ros/cmake)
[1.973s] -- Using all available rosidl_typesupport_c: rosidl_typesupport_fastrtps_c;rosidl_typesupport_introspection_c
[2.547s] -- Using all available rosidl_typesupport_cpp: rosidl_typesupport_fastrtps_cpp;rosidl_typesupport_introspection_cpp
[2.595s] -- Found PythonInterp: /usr/bin/python3 (found suitable version "3.10.12", minimum required is "3.6") 
[2.597s] -- Found python_cmake_module: 0.10.0 (/opt/ros/humble/share/python_cmake_module/cmake)
[2.644s] -- Found PythonLibs: /usr/lib/x86_64-linux-gnu/libpython3.10.so (found suitable version "3.10.12", minimum required is "3.5") 
[2.644s] -- Using PYTHON_EXECUTABLE: /usr/bin/python3
[2.644s] -- Using PYTHON_INCLUDE_DIRS: /usr/include/python3.10
[2.644s] -- Using PYTHON_LIBRARIES: /usr/lib/x86_64-linux-gnu/libpython3.10.so
[2.681s] -- Found PythonExtra: .so  
[2.783s] -- Configuring done
[2.860s] -- Generating done
[2.884s] -- Build files have been written to: /home/sirapob/TORTO_NvidiaSim/build/torto_interfaces
[2.895s] Invoked command in '/home/sirapob/TORTO_NvidiaSim/build/torto_interfaces' returned '0': CMAKE_PREFIX_PATH=${CMAKE_PREFIX_PATH}:/home/sirapob/TORTO_NvidiaSim/install/torto_sim_ctrl:/opt/ros/humble /usr/bin/cmake /home/sirapob/TORTO_NvidiaSim/src/torto_interfaces -DAMENT_CMAKE_SYMLINK_INSTALL=1 -DCMAKE_INSTALL_PREFIX=/home/sirapob/TORTO_NvidiaSim/install/torto_interfaces
[2.897s] Invoking command in '/home/sirapob/TORTO_NvidiaSim/build/torto_interfaces': CMAKE_PREFIX_PATH=${CMAKE_PREFIX_PATH}:/home/sirapob/TORTO_NvidiaSim/install/torto_sim_ctrl:/opt/ros/humble /usr/bin/cmake --build /home/sirapob/TORTO_NvidiaSim/build/torto_interfaces -- -j16 -l16
[2.984s] [  3%] [34m[1mGenerating C code for ROS interfaces[0m
[3.009s] [  6%] [34m[1mGenerating C++ code for ROS interfaces[0m
[3.026s] [  6%] Built target ament_cmake_python_symlink_torto_interfaces
[3.653s] running egg_info
[3.655s] creating torto_interfaces.egg-info
[3.655s] writing torto_interfaces.egg-info/PKG-INFO
[3.656s] writing dependency_links to torto_interfaces.egg-info/dependency_links.txt
[3.656s] writing top-level names to torto_interfaces.egg-info/top_level.txt
[3.657s] writing manifest file 'torto_interfaces.egg-info/SOURCES.txt'
[3.662s] reading manifest file 'torto_interfaces.egg-info/SOURCES.txt'
[3.670s] writing manifest file 'torto_interfaces.egg-info/SOURCES.txt'
[3.733s] [  6%] Built target torto_interfaces__cpp
[3.736s] [  9%] [32mBuilding C object CMakeFiles/torto_interfaces__rosidl_generator_c.dir/rosidl_generator_c/torto_interfaces/msg/detail/torto_joint_angles__functions.c.o[0m
[3.738s] [  9%] Built target ament_cmake_python_build_torto_interfaces_egg
[3.755s] [ 12%] [34m[1mGenerating C++ type support for eProsima Fast-RTPS[0m
[3.757s] [ 16%] [34m[1mGenerating C++ type support dispatch for ROS interfaces[0m
[3.758s] [ 19%] [34m[1mGenerating C++ introspection for ROS interfaces[0m
[3.883s] [ 22%] [32m[1mLinking C shared library libtorto_interfaces__rosidl_generator_c.so[0m
[3.970s] [ 22%] Built target torto_interfaces__rosidl_generator_c
[3.997s] [ 25%] [34m[1mGenerating C type support for eProsima Fast-RTPS[0m
[3.999s] [ 29%] [34m[1mGenerating C introspection for ROS interfaces[0m
[4.000s] [ 32%] [34m[1mGenerating C type support dispatch for ROS interfaces[0m
[4.328s] [ 35%] [32mBuilding CXX object CMakeFiles/torto_interfaces__rosidl_typesupport_cpp.dir/rosidl_typesupport_cpp/torto_interfaces/msg/torto_joint_angles__type_support.cpp.o[0m
[4.355s] [ 38%] [32mBuilding CXX object CMakeFiles/torto_interfaces__rosidl_typesupport_introspection_cpp.dir/rosidl_typesupport_introspection_cpp/torto_interfaces/msg/detail/torto_joint_angles__type_support.cpp.o[0m
[4.401s] [ 41%] [32mBuilding CXX object CMakeFiles/torto_interfaces__rosidl_typesupport_fastrtps_cpp.dir/rosidl_typesupport_fastrtps_cpp/torto_interfaces/msg/detail/dds_fastrtps/torto_joint_angles__type_support.cpp.o[0m
[4.624s] [ 45%] [32mBuilding C object CMakeFiles/torto_interfaces__rosidl_typesupport_introspection_c.dir/rosidl_typesupport_introspection_c/torto_interfaces/msg/detail/torto_joint_angles__type_support.c.o[0m
[4.649s] [ 48%] [32mBuilding CXX object CMakeFiles/torto_interfaces__rosidl_typesupport_c.dir/rosidl_typesupport_c/torto_interfaces/msg/torto_joint_angles__type_support.cpp.o[0m
[4.665s] [ 51%] [32mBuilding CXX object CMakeFiles/torto_interfaces__rosidl_typesupport_fastrtps_c.dir/rosidl_typesupport_fastrtps_c/torto_interfaces/msg/detail/torto_joint_angles__type_support_c.cpp.o[0m
[4.686s] [ 54%] [32m[1mLinking C shared library libtorto_interfaces__rosidl_typesupport_introspection_c.so[0m
[4.704s] [ 58%] [32m[1mLinking CXX shared library libtorto_interfaces__rosidl_typesupport_c.so[0m
[4.746s] [ 58%] Built target torto_interfaces__rosidl_typesupport_introspection_c
[4.788s] [ 58%] Built target torto_interfaces__rosidl_typesupport_c
[5.015s] [ 61%] [32m[1mLinking CXX shared library libtorto_interfaces__rosidl_typesupport_cpp.so[0m
[5.079s] [ 61%] Built target torto_interfaces__rosidl_typesupport_cpp
[5.213s] [ 64%] [32m[1mLinking CXX shared library libtorto_interfaces__rosidl_typesupport_introspection_cpp.so[0m
[5.275s] [ 67%] [32m[1mLinking CXX shared library libtorto_interfaces__rosidl_typesupport_fastrtps_cpp.so[0m
[5.275s] [ 67%] Built target torto_interfaces__rosidl_typesupport_introspection_cpp
[5.335s] [ 70%] [32m[1mLinking CXX shared library libtorto_interfaces__rosidl_typesupport_fastrtps_c.so[0m
[5.375s] [ 70%] Built target torto_interfaces__rosidl_typesupport_fastrtps_cpp
[5.426s] [ 70%] Built target torto_interfaces__rosidl_typesupport_fastrtps_c
[5.450s] [ 70%] Built target torto_interfaces
[5.472s] [ 74%] [34m[1mGenerating Python code for ROS interfaces[0m
[6.017s] [ 74%] Built target torto_interfaces__py
[6.039s] [ 77%] [32mBuilding C object CMakeFiles/torto_interfaces__rosidl_generator_py.dir/rosidl_generator_py/torto_interfaces/msg/_torto_joint_angles_s.c.o[0m
[6.186s] [ 80%] [32m[1mLinking C shared library rosidl_generator_py/torto_interfaces/libtorto_interfaces__rosidl_generator_py.so[0m
[6.229s] [ 80%] Built target torto_interfaces__rosidl_generator_py
[6.251s] [ 90%] [32mBuilding C object CMakeFiles/torto_interfaces__rosidl_typesupport_fastrtps_c__pyext.dir/rosidl_generator_py/torto_interfaces/_torto_interfaces_s.ep.rosidl_typesupport_fastrtps_c.c.o[0m
[6.251s] [ 90%] [32mBuilding C object CMakeFiles/torto_interfaces__rosidl_typesupport_introspection_c__pyext.dir/rosidl_generator_py/torto_interfaces/_torto_interfaces_s.ep.rosidl_typesupport_introspection_c.c.o[0m
[6.252s] [ 90%] [32mBuilding C object CMakeFiles/torto_interfaces__rosidl_typesupport_c__pyext.dir/rosidl_generator_py/torto_interfaces/_torto_interfaces_s.ep.rosidl_typesupport_c.c.o[0m
[6.398s] [ 93%] [32m[1mLinking C shared library rosidl_generator_py/torto_interfaces/torto_interfaces_s__rosidl_typesupport_introspection_c.cpython-310-x86_64-linux-gnu.so[0m
[6.399s] [ 96%] [32m[1mLinking C shared library rosidl_generator_py/torto_interfaces/torto_interfaces_s__rosidl_typesupport_c.cpython-310-x86_64-linux-gnu.so[0m
[6.408s] [100%] [32m[1mLinking C shared library rosidl_generator_py/torto_interfaces/torto_interfaces_s__rosidl_typesupport_fastrtps_c.cpython-310-x86_64-linux-gnu.so[0m
[6.443s] [100%] Built target torto_interfaces__rosidl_typesupport_introspection_c__pyext
[6.443s] [100%] Built target torto_interfaces__rosidl_typesupport_c__pyext
[6.452s] [100%] Built target torto_interfaces__rosidl_typesupport_fastrtps_c__pyext
[6.466s] Invoked command in '/home/sirapob/TORTO_NvidiaSim/build/torto_interfaces' returned '0': CMAKE_PREFIX_PATH=${CMAKE_PREFIX_PATH}:/home/sirapob/TORTO_NvidiaSim/install/torto_sim_ctrl:/opt/ros/humble /usr/bin/cmake --build /home/sirapob/TORTO_NvidiaSim/build/torto_interfaces -- -j16 -l16
[6.468s] Invoking command in '/home/sirapob/TORTO_NvidiaSim/build/torto_interfaces': CMAKE_PREFIX_PATH=${CMAKE_PREFIX_PATH}:/home/sirapob/TORTO_NvidiaSim/install/torto_sim_ctrl:/opt/ros/humble /usr/bin/cmake --install /home/sirapob/TORTO_NvidiaSim/build/torto_interfaces
[6.477s] -- Install configuration: ""
[6.477s] -- Execute custom install script
[6.478s] -- Symlinking: /home/sirapob/TORTO_NvidiaSim/install/torto_interfaces/share/ament_index/resource_index/rosidl_interfaces/torto_interfaces
[6.488s] -- Symlinking: /home/sirapob/TORTO_NvidiaSim/install/torto_interfaces/include/torto_interfaces/torto_interfaces/msg/detail/torto_joint_angles__functions.h
[6.496s] -- Symlinking: /home/sirapob/TORTO_NvidiaSim/install/torto_interfaces/include/torto_interfaces/torto_interfaces/msg/detail/torto_joint_angles__struct.h
[6.504s] -- Symlinking: /home/sirapob/TORTO_NvidiaSim/install/torto_interfaces/include/torto_interfaces/torto_interfaces/msg/detail/torto_joint_angles__type_support.h
[6.513s] -- Symlinking: /home/sirapob/TORTO_NvidiaSim/install/torto_interfaces/include/torto_interfaces/torto_interfaces/msg/rosidl_generator_c__visibility_control.h
[6.522s] -- Symlinking: /home/sirapob/TORTO_NvidiaSim/install/torto_interfaces/include/torto_interfaces/torto_interfaces/msg/torto_joint_angles.h
[6.532s] -- Symlinking: /home/sirapob/TORTO_NvidiaSim/install/torto_interfaces/share/torto_interfaces/environment/library_path.sh
[6.541s] -- Symlinking: /home/sirapob/TORTO_NvidiaSim/install/torto_interfaces/share/torto_interfaces/environment/library_path.dsv
[6.551s] -- Symlinking: /home/sirapob/TORTO_NvidiaSim/install/torto_interfaces/include/torto_interfaces/torto_interfaces/msg/detail/torto_joint_angles__rosidl_typesupport_fastrtps_c.h
[6.559s] -- Symlinking: /home/sirapob/TORTO_NvidiaSim/install/torto_interfaces/include/torto_interfaces/torto_interfaces/msg/rosidl_typesupport_fastrtps_c__visibility_control.h
[6.569s] -- Symlinking: /home/sirapob/TORTO_NvidiaSim/install/torto_interfaces/include/torto_interfaces/torto_interfaces/msg/detail/torto_joint_angles__rosidl_typesupport_introspection_c.h
[6.578s] -- Symlinking: /home/sirapob/TORTO_NvidiaSim/install/torto_interfaces/include/torto_interfaces/torto_interfaces/msg/rosidl_typesupport_introspection_c__visibility_control.h
[6.588s] -- Symlinking: /home/sirapob/TORTO_NvidiaSim/install/torto_interfaces/include/torto_interfaces/torto_interfaces/msg/detail/torto_joint_angles__builder.hpp
[6.597s] -- Symlinking: /home/sirapob/TORTO_NvidiaSim/install/torto_interfaces/include/torto_interfaces/torto_interfaces/msg/detail/torto_joint_angles__struct.hpp
[6.607s] -- Symlinking: /home/sirapob/TORTO_NvidiaSim/install/torto_interfaces/include/torto_interfaces/torto_interfaces/msg/detail/torto_joint_angles__traits.hpp
[6.618s] -- Symlinking: /home/sirapob/TORTO_NvidiaSim/install/torto_interfaces/include/torto_interfaces/torto_interfaces/msg/detail/torto_joint_angles__type_support.hpp
[6.628s] -- Symlinking: /home/sirapob/TORTO_NvidiaSim/install/torto_interfaces/include/torto_interfaces/torto_interfaces/msg/rosidl_generator_cpp__visibility_control.hpp
[6.639s] -- Symlinking: /home/sirapob/TORTO_NvidiaSim/install/torto_interfaces/include/torto_interfaces/torto_interfaces/msg/torto_joint_angles.hpp
[6.652s] -- Symlinking: /home/sirapob/TORTO_NvidiaSim/install/torto_interfaces/include/torto_interfaces/torto_interfaces/msg/detail/torto_joint_angles__rosidl_typesupport_fastrtps_cpp.hpp
[6.662s] -- Symlinking: /home/sirapob/TORTO_NvidiaSim/install/torto_interfaces/include/torto_interfaces/torto_interfaces/msg/rosidl_typesupport_fastrtps_cpp__visibility_control.h
[6.672s] -- Symlinking: /home/sirapob/TORTO_NvidiaSim/install/torto_interfaces/include/torto_interfaces/torto_interfaces/msg/detail/torto_joint_angles__rosidl_typesupport_introspection_cpp.hpp
[6.681s] -- Symlinking: /home/sirapob/TORTO_NvidiaSim/install/torto_interfaces/share/torto_interfaces/environment/pythonpath.sh
[6.689s] -- Symlinking: /home/sirapob/TORTO_NvidiaSim/install/torto_interfaces/share/torto_interfaces/environment/pythonpath.dsv
[6.699s] -- Symlinking: /home/sirapob/TORTO_NvidiaSim/install/torto_interfaces/local/lib/python3.10/dist-packages/torto_interfaces-0.0.0-py3.10.egg-info/PKG-INFO
[6.709s] -- Symlinking: /home/sirapob/TORTO_NvidiaSim/install/torto_interfaces/local/lib/python3.10/dist-packages/torto_interfaces-0.0.0-py3.10.egg-info/SOURCES.txt
[6.719s] -- Symlinking: /home/sirapob/TORTO_NvidiaSim/install/torto_interfaces/local/lib/python3.10/dist-packages/torto_interfaces-0.0.0-py3.10.egg-info/dependency_links.txt
[6.729s] -- Symlinking: /home/sirapob/TORTO_NvidiaSim/install/torto_interfaces/local/lib/python3.10/dist-packages/torto_interfaces-0.0.0-py3.10.egg-info/top_level.txt
[6.741s] -- Symlinking: /home/sirapob/TORTO_NvidiaSim/install/torto_interfaces/local/lib/python3.10/dist-packages/torto_interfaces/__init__.py
[6.751s] -- Symlinking: /home/sirapob/TORTO_NvidiaSim/install/torto_interfaces/local/lib/python3.10/dist-packages/torto_interfaces/_torto_interfaces_s.ep.rosidl_typesupport_c.c
[6.760s] -- Symlinking: /home/sirapob/TORTO_NvidiaSim/install/torto_interfaces/local/lib/python3.10/dist-packages/torto_interfaces/_torto_interfaces_s.ep.rosidl_typesupport_fastrtps_c.c
[6.770s] -- Symlinking: /home/sirapob/TORTO_NvidiaSim/install/torto_interfaces/local/lib/python3.10/dist-packages/torto_interfaces/_torto_interfaces_s.ep.rosidl_typesupport_introspection_c.c
[6.779s] -- Symlinking: /home/sirapob/TORTO_NvidiaSim/install/torto_interfaces/local/lib/python3.10/dist-packages/torto_interfaces/libtorto_interfaces__rosidl_generator_py.so
[6.788s] -- Symlinking: /home/sirapob/TORTO_NvidiaSim/install/torto_interfaces/local/lib/python3.10/dist-packages/torto_interfaces/msg/__init__.py
[6.798s] -- Symlinking: /home/sirapob/TORTO_NvidiaSim/install/torto_interfaces/local/lib/python3.10/dist-packages/torto_interfaces/msg/_torto_joint_angles.py
[6.808s] -- Symlinking: /home/sirapob/TORTO_NvidiaSim/install/torto_interfaces/local/lib/python3.10/dist-packages/torto_interfaces/msg/_torto_joint_angles_s.c
[6.820s] -- Symlinking: /home/sirapob/TORTO_NvidiaSim/install/torto_interfaces/local/lib/python3.10/dist-packages/torto_interfaces/torto_interfaces_s__rosidl_typesupport_c.cpython-310-x86_64-linux-gnu.so
[6.832s] -- Symlinking: /home/sirapob/TORTO_NvidiaSim/install/torto_interfaces/local/lib/python3.10/dist-packages/torto_interfaces/torto_interfaces_s__rosidl_typesupport_fastrtps_c.cpython-310-x86_64-linux-gnu.so
[6.843s] -- Symlinking: /home/sirapob/TORTO_NvidiaSim/install/torto_interfaces/local/lib/python3.10/dist-packages/torto_interfaces/torto_interfaces_s__rosidl_typesupport_introspection_c.cpython-310-x86_64-linux-gnu.so
[6.854s] -- Up-to-date symlink: /home/sirapob/TORTO_NvidiaSim/install/torto_interfaces/local/lib/python3.10/dist-packages/torto_interfaces/torto_interfaces_s__rosidl_typesupport_fastrtps_c.cpython-310-x86_64-linux-gnu.so
[6.854s] -- Up-to-date symlink: /home/sirapob/TORTO_NvidiaSim/install/torto_interfaces/local/lib/python3.10/dist-packages/torto_interfaces/torto_interfaces_s__rosidl_typesupport_introspection_c.cpython-310-x86_64-linux-gnu.so
[6.854s] -- Up-to-date symlink: /home/sirapob/TORTO_NvidiaSim/install/torto_interfaces/local/lib/python3.10/dist-packages/torto_interfaces/torto_interfaces_s__rosidl_typesupport_c.cpython-310-x86_64-linux-gnu.so
[6.855s] -- Symlinking: /home/sirapob/TORTO_NvidiaSim/install/torto_interfaces/share/torto_interfaces/msg/TortoJointAngles.idl
[6.864s] -- Symlinking: /home/sirapob/TORTO_NvidiaSim/install/torto_interfaces/share/torto_interfaces/msg/TortoJointAngles.msg
[6.874s] -- Symlinking: /home/sirapob/TORTO_NvidiaSim/install/torto_interfaces/share/ament_index/resource_index/package_run_dependencies/torto_interfaces
[6.883s] -- Symlinking: /home/sirapob/TORTO_NvidiaSim/install/torto_interfaces/share/ament_index/resource_index/parent_prefix_path/torto_interfaces
[6.892s] -- Symlinking: /home/sirapob/TORTO_NvidiaSim/install/torto_interfaces/share/torto_interfaces/environment/ament_prefix_path.sh
[6.901s] -- Symlinking: /home/sirapob/TORTO_NvidiaSim/install/torto_interfaces/share/torto_interfaces/environment/ament_prefix_path.dsv
[6.911s] -- Symlinking: /home/sirapob/TORTO_NvidiaSim/install/torto_interfaces/share/torto_interfaces/environment/path.sh
[6.922s] -- Symlinking: /home/sirapob/TORTO_NvidiaSim/install/torto_interfaces/share/torto_interfaces/environment/path.dsv
[6.934s] -- Symlinking: /home/sirapob/TORTO_NvidiaSim/install/torto_interfaces/share/torto_interfaces/local_setup.bash
[6.944s] -- Symlinking: /home/sirapob/TORTO_NvidiaSim/install/torto_interfaces/share/torto_interfaces/local_setup.sh
[6.954s] -- Symlinking: /home/sirapob/TORTO_NvidiaSim/install/torto_interfaces/share/torto_interfaces/local_setup.zsh
[6.964s] -- Symlinking: /home/sirapob/TORTO_NvidiaSim/install/torto_interfaces/share/torto_interfaces/local_setup.dsv
[6.975s] -- Symlinking: /home/sirapob/TORTO_NvidiaSim/install/torto_interfaces/share/torto_interfaces/package.dsv
[6.986s] -- Symlinking: /home/sirapob/TORTO_NvidiaSim/install/torto_interfaces/share/ament_index/resource_index/packages/torto_interfaces
[6.995s] -- Symlinking: /home/sirapob/TORTO_NvidiaSim/install/torto_interfaces/share/torto_interfaces/cmake/rosidl_cmake-extras.cmake
[7.005s] -- Symlinking: /home/sirapob/TORTO_NvidiaSim/install/torto_interfaces/share/torto_interfaces/cmake/ament_cmake_export_include_directories-extras.cmake
[7.016s] -- Symlinking: /home/sirapob/TORTO_NvidiaSim/install/torto_interfaces/share/torto_interfaces/cmake/ament_cmake_export_libraries-extras.cmake
[7.026s] -- Symlinking: /home/sirapob/TORTO_NvidiaSim/install/torto_interfaces/share/torto_interfaces/cmake/ament_cmake_export_targets-extras.cmake
[7.037s] -- Symlinking: /home/sirapob/TORTO_NvidiaSim/install/torto_interfaces/share/torto_interfaces/cmake/rosidl_cmake_export_typesupport_targets-extras.cmake
[7.049s] -- Symlinking: /home/sirapob/TORTO_NvidiaSim/install/torto_interfaces/share/torto_interfaces/cmake/ament_cmake_export_dependencies-extras.cmake
[7.060s] -- Symlinking: /home/sirapob/TORTO_NvidiaSim/install/torto_interfaces/share/torto_interfaces/cmake/rosidl_cmake_export_typesupport_libraries-extras.cmake
[7.073s] -- Symlinking: /home/sirapob/TORTO_NvidiaSim/install/torto_interfaces/share/torto_interfaces/cmake/torto_interfacesConfig.cmake
[7.085s] -- Symlinking: /home/sirapob/TORTO_NvidiaSim/install/torto_interfaces/share/torto_interfaces/cmake/torto_interfacesConfig-version.cmake
[7.100s] -- Symlinking: /home/sirapob/TORTO_NvidiaSim/install/torto_interfaces/share/torto_interfaces/package.xml
[7.114s] -- Installing: /home/sirapob/TORTO_NvidiaSim/install/torto_interfaces/lib/libtorto_interfaces__rosidl_generator_c.so
[7.115s] -- Set runtime path of "/home/sirapob/TORTO_NvidiaSim/install/torto_interfaces/lib/libtorto_interfaces__rosidl_generator_c.so" to ""
[7.115s] -- Installing: /home/sirapob/TORTO_NvidiaSim/install/torto_interfaces/lib/libtorto_interfaces__rosidl_typesupport_fastrtps_c.so
[7.115s] -- Set runtime path of "/home/sirapob/TORTO_NvidiaSim/install/torto_interfaces/lib/libtorto_interfaces__rosidl_typesupport_fastrtps_c.so" to ""
[7.116s] -- Installing: /home/sirapob/TORTO_NvidiaSim/install/torto_interfaces/lib/libtorto_interfaces__rosidl_typesupport_introspection_c.so
[7.116s] -- Set runtime path of "/home/sirapob/TORTO_NvidiaSim/install/torto_interfaces/lib/libtorto_interfaces__rosidl_typesupport_introspection_c.so" to ""
[7.116s] -- Installing: /home/sirapob/TORTO_NvidiaSim/install/torto_interfaces/lib/libtorto_interfaces__rosidl_typesupport_c.so
[7.116s] -- Set runtime path of "/home/sirapob/TORTO_NvidiaSim/install/torto_interfaces/lib/libtorto_interfaces__rosidl_typesupport_c.so" to ""
[7.117s] -- Installing: /home/sirapob/TORTO_NvidiaSim/install/torto_interfaces/lib/libtorto_interfaces__rosidl_typesupport_fastrtps_cpp.so
[7.117s] -- Set runtime path of "/home/sirapob/TORTO_NvidiaSim/install/torto_interfaces/lib/libtorto_interfaces__rosidl_typesupport_fastrtps_cpp.so" to ""
[7.117s] -- Installing: /home/sirapob/TORTO_NvidiaSim/install/torto_interfaces/lib/libtorto_interfaces__rosidl_typesupport_introspection_cpp.so
[7.118s] -- Set runtime path of "/home/sirapob/TORTO_NvidiaSim/install/torto_interfaces/lib/libtorto_interfaces__rosidl_typesupport_introspection_cpp.so" to ""
[7.118s] -- Installing: /home/sirapob/TORTO_NvidiaSim/install/torto_interfaces/lib/libtorto_interfaces__rosidl_typesupport_cpp.so
[7.118s] -- Set runtime path of "/home/sirapob/TORTO_NvidiaSim/install/torto_interfaces/lib/libtorto_interfaces__rosidl_typesupport_cpp.so" to ""
[7.190s] Listing '/home/sirapob/TORTO_NvidiaSim/install/torto_interfaces/local/lib/python3.10/dist-packages/torto_interfaces'...
[7.190s] Compiling '/home/sirapob/TORTO_NvidiaSim/install/torto_interfaces/local/lib/python3.10/dist-packages/torto_interfaces/__init__.py'...
[7.190s] Listing '/home/sirapob/TORTO_NvidiaSim/install/torto_interfaces/local/lib/python3.10/dist-packages/torto_interfaces/msg'...
[7.191s] Compiling '/home/sirapob/TORTO_NvidiaSim/install/torto_interfaces/local/lib/python3.10/dist-packages/torto_interfaces/msg/__init__.py'...
[7.191s] Compiling '/home/sirapob/TORTO_NvidiaSim/install/torto_interfaces/local/lib/python3.10/dist-packages/torto_interfaces/msg/_torto_joint_angles.py'...
[7.198s] -- Installing: /home/sirapob/TORTO_NvidiaSim/install/torto_interfaces/lib/libtorto_interfaces__rosidl_generator_py.so
[7.199s] -- Set runtime path of "/home/sirapob/TORTO_NvidiaSim/install/torto_interfaces/lib/libtorto_interfaces__rosidl_generator_py.so" to ""
[7.199s] -- Installing: /home/sirapob/TORTO_NvidiaSim/install/torto_interfaces/share/torto_interfaces/cmake/export_torto_interfaces__rosidl_generator_cExport.cmake
[7.199s] -- Installing: /home/sirapob/TORTO_NvidiaSim/install/torto_interfaces/share/torto_interfaces/cmake/export_torto_interfaces__rosidl_generator_cExport-noconfig.cmake
[7.199s] -- Installing: /home/sirapob/TORTO_NvidiaSim/install/torto_interfaces/share/torto_interfaces/cmake/export_torto_interfaces__rosidl_typesupport_fastrtps_cExport.cmake
[7.199s] -- Installing: /home/sirapob/TORTO_NvidiaSim/install/torto_interfaces/share/torto_interfaces/cmake/export_torto_interfaces__rosidl_typesupport_fastrtps_cExport-noconfig.cmake
[7.199s] -- Installing: /home/sirapob/TORTO_NvidiaSim/install/torto_interfaces/share/torto_interfaces/cmake/torto_interfaces__rosidl_typesupport_introspection_cExport.cmake
[7.200s] -- Installing: /home/sirapob/TORTO_NvidiaSim/install/torto_interfaces/share/torto_interfaces/cmake/torto_interfaces__rosidl_typesupport_introspection_cExport-noconfig.cmake
[7.200s] -- Installing: /home/sirapob/TORTO_NvidiaSim/install/torto_interfaces/share/torto_interfaces/cmake/torto_interfaces__rosidl_typesupport_cExport.cmake
[7.200s] -- Installing: /home/sirapob/TORTO_NvidiaSim/install/torto_interfaces/share/torto_interfaces/cmake/torto_interfaces__rosidl_typesupport_cExport-noconfig.cmake
[7.200s] -- Installing: /home/sirapob/TORTO_NvidiaSim/install/torto_interfaces/share/torto_interfaces/cmake/export_torto_interfaces__rosidl_generator_cppExport.cmake
[7.200s] -- Installing: /home/sirapob/TORTO_NvidiaSim/install/torto_interfaces/share/torto_interfaces/cmake/export_torto_interfaces__rosidl_typesupport_fastrtps_cppExport.cmake
[7.201s] -- Installing: /home/sirapob/TORTO_NvidiaSim/install/torto_interfaces/share/torto_interfaces/cmake/export_torto_interfaces__rosidl_typesupport_fastrtps_cppExport-noconfig.cmake
[7.201s] -- Installing: /home/sirapob/TORTO_NvidiaSim/install/torto_interfaces/share/torto_interfaces/cmake/torto_interfaces__rosidl_typesupport_introspection_cppExport.cmake
[7.201s] -- Installing: /home/sirapob/TORTO_NvidiaSim/install/torto_interfaces/share/torto_interfaces/cmake/torto_interfaces__rosidl_typesupport_introspection_cppExport-noconfig.cmake
[7.201s] -- Installing: /home/sirapob/TORTO_NvidiaSim/install/torto_interfaces/share/torto_interfaces/cmake/torto_interfaces__rosidl_typesupport_cppExport.cmake
[7.201s] -- Installing: /home/sirapob/TORTO_NvidiaSim/install/torto_interfaces/share/torto_interfaces/cmake/torto_interfaces__rosidl_typesupport_cppExport-noconfig.cmake
[7.202s] -- Installing: /home/sirapob/TORTO_NvidiaSim/install/torto_interfaces/share/torto_interfaces/cmake/export_torto_interfaces__rosidl_generator_pyExport.cmake
[7.202s] -- Installing: /home/sirapob/TORTO_NvidiaSim/install/torto_interfaces/share/torto_interfaces/cmake/export_torto_interfaces__rosidl_generator_pyExport-noconfig.cmake
[7.205s] Invoked command in '/home/sirapob/TORTO_NvidiaSim/build/torto_interfaces' returned '0': CMAKE_PREFIX_PATH=${CMAKE_PREFIX_PATH}:/home/sirapob/TORTO_NvidiaSim/install/torto_sim_ctrl:/opt/ros/humble /usr/bin/cmake --install /home/sirapob/TORTO_NvidiaSim/build/torto_interfaces
