[0.034s] Invoking command in '/home/sirapob/TORTO_NvidiaSim/build/torto_interfaces': CMAKE_PREFIX_PATH=${CMAKE_PREFIX_PATH}:/home/sirapob/TORTO_NvidiaSim/install/torto_sim_ctrl:/home/sirapob/TORTO_NvidiaSim/install/torto_odometry:/home/sirapob/TORTO_NvidiaSim/install/torto_ctrl:/home/sirapob/TORTO_NvidiaSim/install/torto_input_handle:/home/sirapob/TORTO_NvidiaSim/install/torto_hardware:/opt/ros/humble /usr/bin/cmake /home/sirapob/TORTO_NvidiaSim/src/torto_interfaces -DAMENT_CMAKE_SYMLINK_INSTALL=1 -DCMAKE_INSTALL_PREFIX=/home/sirapob/TORTO_NvidiaSim/install/torto_interfaces
[0.800s] -- Found ament_cmake: 1.3.11 (/opt/ros/humble/share/ament_cmake/cmake)
[0.801s] -- Override CMake install command with custom implementation using symlinks instead of copying resources
[0.802s] -- Found rosidl_default_generators: 1.2.0 (/opt/ros/humble/share/rosidl_default_generators/cmake)
[0.802s] -- Using all available rosidl_typesupport_c: rosidl_typesupport_fastrtps_c;rosidl_typesupport_introspection_c
[0.802s] -- Found rosidl_adapter: 3.1.6 (/opt/ros/humble/share/rosidl_adapter/cmake)
[0.802s] -- Using all available rosidl_typesupport_cpp: rosidl_typesupport_fastrtps_cpp;rosidl_typesupport_introspection_cpp
[0.802s] -- Found ament_cmake_ros: 0.10.0 (/opt/ros/humble/share/ament_cmake_ros/cmake)
[0.802s] -- Using all available rosidl_typesupport_c: rosidl_typesupport_fastrtps_c;rosidl_typesupport_introspection_c
[0.930s] -- Using all available rosidl_typesupport_cpp: rosidl_typesupport_fastrtps_cpp;rosidl_typesupport_introspection_cpp
[0.953s] -- Found python_cmake_module: 0.10.0 (/opt/ros/humble/share/python_cmake_module/cmake)
[0.976s] -- Using PYTHON_EXECUTABLE: /usr/bin/python3
[0.976s] -- Using PYTHON_INCLUDE_DIRS: /usr/include/python3.10
[0.976s] -- Using PYTHON_LIBRARIES: /usr/lib/x86_64-linux-gnu/libpython3.10.so
[0.999s] -- Configuring done
[1.028s] -- Generating done
[1.038s] -- Build files have been written to: /home/sirapob/TORTO_NvidiaSim/build/torto_interfaces
[1.068s] Invoked command in '/home/sirapob/TORTO_NvidiaSim/build/torto_interfaces' returned '0': CMAKE_PREFIX_PATH=${CMAKE_PREFIX_PATH}:/home/sirapob/TORTO_NvidiaSim/install/torto_sim_ctrl:/home/sirapob/TORTO_NvidiaSim/install/torto_odometry:/home/sirapob/TORTO_NvidiaSim/install/torto_ctrl:/home/sirapob/TORTO_NvidiaSim/install/torto_input_handle:/home/sirapob/TORTO_NvidiaSim/install/torto_hardware:/opt/ros/humble /usr/bin/cmake /home/sirapob/TORTO_NvidiaSim/src/torto_interfaces -DAMENT_CMAKE_SYMLINK_INSTALL=1 -DCMAKE_INSTALL_PREFIX=/home/sirapob/TORTO_NvidiaSim/install/torto_interfaces
[1.069s] Invoking command in '/home/sirapob/TORTO_NvidiaSim/build/torto_interfaces': CMAKE_PREFIX_PATH=${CMAKE_PREFIX_PATH}:/home/sirapob/TORTO_NvidiaSim/install/torto_sim_ctrl:/home/sirapob/TORTO_NvidiaSim/install/torto_odometry:/home/sirapob/TORTO_NvidiaSim/install/torto_ctrl:/home/sirapob/TORTO_NvidiaSim/install/torto_input_handle:/home/sirapob/TORTO_NvidiaSim/install/torto_hardware:/opt/ros/humble /usr/bin/cmake --build /home/sirapob/TORTO_NvidiaSim/build/torto_interfaces -- -j16 -l16
[1.101s] [35m[1mConsolidate compiler generated dependencies of target torto_interfaces__rosidl_generator_c[0m
[1.110s] [  2%] Built target torto_interfaces__cpp
[1.112s] [ 12%] Built target torto_interfaces__rosidl_generator_c
[1.117s] [ 12%] Built target ament_cmake_python_symlink_torto_interfaces
[1.121s] [35m[1mConsolidate compiler generated dependencies of target torto_interfaces__rosidl_typesupport_cpp[0m
[1.121s] [35m[1mConsolidate compiler generated dependencies of target torto_interfaces__rosidl_typesupport_fastrtps_cpp[0m
[1.122s] [35m[1mConsolidate compiler generated dependencies of target torto_interfaces__rosidl_typesupport_fastrtps_c[0m
[1.122s] [35m[1mConsolidate compiler generated dependencies of target torto_interfaces__rosidl_typesupport_introspection_cpp[0m
[1.125s] [35m[1mConsolidate compiler generated dependencies of target torto_interfaces__rosidl_typesupport_c[0m
[1.125s] [35m[1mConsolidate compiler generated dependencies of target torto_interfaces__rosidl_typesupport_introspection_c[0m
[1.135s] [ 43%] Built target torto_interfaces__rosidl_typesupport_c
[1.135s] [ 43%] Built target torto_interfaces__rosidl_typesupport_introspection_cpp
[1.136s] [ 43%] Built target torto_interfaces__rosidl_typesupport_cpp
[1.137s] [ 53%] Built target torto_interfaces__rosidl_typesupport_introspection_c
[1.137s] [ 64%] Built target torto_interfaces__rosidl_typesupport_fastrtps_cpp
[1.137s] [ 74%] Built target torto_interfaces__rosidl_typesupport_fastrtps_c
[1.156s] [ 74%] Built target torto_interfaces
[1.174s] [ 76%] Built target torto_interfaces__py
[1.186s] [35m[1mConsolidate compiler generated dependencies of target torto_interfaces__rosidl_generator_py[0m
[1.203s] [ 84%] Built target torto_interfaces__rosidl_generator_py
[1.216s] [35m[1mConsolidate compiler generated dependencies of target torto_interfaces__rosidl_typesupport_fastrtps_c__pyext[0m
[1.219s] [35m[1mConsolidate compiler generated dependencies of target torto_interfaces__rosidl_typesupport_introspection_c__pyext[0m
[1.220s] [35m[1mConsolidate compiler generated dependencies of target torto_interfaces__rosidl_typesupport_c__pyext[0m
[1.232s] [ 89%] Built target torto_interfaces__rosidl_typesupport_fastrtps_c__pyext
[1.236s] [ 94%] Built target torto_interfaces__rosidl_typesupport_c__pyext
[1.238s] [100%] Built target torto_interfaces__rosidl_typesupport_introspection_c__pyext
[1.447s] running egg_info
[1.448s] writing torto_interfaces.egg-info/PKG-INFO
[1.448s] writing dependency_links to torto_interfaces.egg-info/dependency_links.txt
[1.449s] writing top-level names to torto_interfaces.egg-info/top_level.txt
[1.452s] reading manifest file 'torto_interfaces.egg-info/SOURCES.txt'
[1.453s] writing manifest file 'torto_interfaces.egg-info/SOURCES.txt'
[1.484s] [100%] Built target ament_cmake_python_build_torto_interfaces_egg
[1.497s] Invoked command in '/home/sirapob/TORTO_NvidiaSim/build/torto_interfaces' returned '0': CMAKE_PREFIX_PATH=${CMAKE_PREFIX_PATH}:/home/sirapob/TORTO_NvidiaSim/install/torto_sim_ctrl:/home/sirapob/TORTO_NvidiaSim/install/torto_odometry:/home/sirapob/TORTO_NvidiaSim/install/torto_ctrl:/home/sirapob/TORTO_NvidiaSim/install/torto_input_handle:/home/sirapob/TORTO_NvidiaSim/install/torto_hardware:/opt/ros/humble /usr/bin/cmake --build /home/sirapob/TORTO_NvidiaSim/build/torto_interfaces -- -j16 -l16
[1.499s] Invoking command in '/home/sirapob/TORTO_NvidiaSim/build/torto_interfaces': CMAKE_PREFIX_PATH=${CMAKE_PREFIX_PATH}:/home/sirapob/TORTO_NvidiaSim/install/torto_sim_ctrl:/home/sirapob/TORTO_NvidiaSim/install/torto_odometry:/home/sirapob/TORTO_NvidiaSim/install/torto_ctrl:/home/sirapob/TORTO_NvidiaSim/install/torto_input_handle:/home/sirapob/TORTO_NvidiaSim/install/torto_hardware:/opt/ros/humble /usr/bin/cmake --install /home/sirapob/TORTO_NvidiaSim/build/torto_interfaces
[1.508s] -- Install configuration: ""
[1.509s] -- Execute custom install script
[1.509s] -- Up-to-date symlink: /home/sirapob/TORTO_NvidiaSim/install/torto_interfaces/share/ament_index/resource_index/rosidl_interfaces/torto_interfaces
[1.509s] -- Up-to-date symlink: /home/sirapob/TORTO_NvidiaSim/install/torto_interfaces/include/torto_interfaces/torto_interfaces/msg/detail/torto_ctrl_params__functions.h
[1.509s] -- Up-to-date symlink: /home/sirapob/TORTO_NvidiaSim/install/torto_interfaces/include/torto_interfaces/torto_interfaces/msg/detail/torto_ctrl_params__struct.h
[1.510s] -- Up-to-date symlink: /home/sirapob/TORTO_NvidiaSim/install/torto_interfaces/include/torto_interfaces/torto_interfaces/msg/detail/torto_ctrl_params__type_support.h
[1.510s] -- Up-to-date symlink: /home/sirapob/TORTO_NvidiaSim/install/torto_interfaces/include/torto_interfaces/torto_interfaces/msg/detail/torto_joint_angles__functions.h
[1.510s] -- Up-to-date symlink: /home/sirapob/TORTO_NvidiaSim/install/torto_interfaces/include/torto_interfaces/torto_interfaces/msg/detail/torto_joint_angles__struct.h
[1.510s] -- Up-to-date symlink: /home/sirapob/TORTO_NvidiaSim/install/torto_interfaces/include/torto_interfaces/torto_interfaces/msg/detail/torto_joint_angles__type_support.h
[1.510s] -- Up-to-date symlink: /home/sirapob/TORTO_NvidiaSim/install/torto_interfaces/include/torto_interfaces/torto_interfaces/msg/rosidl_generator_c__visibility_control.h
[1.510s] -- Up-to-date symlink: /home/sirapob/TORTO_NvidiaSim/install/torto_interfaces/include/torto_interfaces/torto_interfaces/msg/torto_ctrl_params.h
[1.510s] -- Up-to-date symlink: /home/sirapob/TORTO_NvidiaSim/install/torto_interfaces/include/torto_interfaces/torto_interfaces/msg/torto_joint_angles.h
[1.511s] -- Up-to-date symlink: /home/sirapob/TORTO_NvidiaSim/install/torto_interfaces/share/torto_interfaces/environment/library_path.sh
[1.511s] -- Up-to-date symlink: /home/sirapob/TORTO_NvidiaSim/install/torto_interfaces/share/torto_interfaces/environment/library_path.dsv
[1.511s] -- Up-to-date symlink: /home/sirapob/TORTO_NvidiaSim/install/torto_interfaces/include/torto_interfaces/torto_interfaces/msg/detail/torto_ctrl_params__rosidl_typesupport_fastrtps_c.h
[1.511s] -- Up-to-date symlink: /home/sirapob/TORTO_NvidiaSim/install/torto_interfaces/include/torto_interfaces/torto_interfaces/msg/detail/torto_joint_angles__rosidl_typesupport_fastrtps_c.h
[1.511s] -- Up-to-date symlink: /home/sirapob/TORTO_NvidiaSim/install/torto_interfaces/include/torto_interfaces/torto_interfaces/msg/rosidl_typesupport_fastrtps_c__visibility_control.h
[1.512s] -- Up-to-date symlink: /home/sirapob/TORTO_NvidiaSim/install/torto_interfaces/include/torto_interfaces/torto_interfaces/msg/detail/torto_ctrl_params__rosidl_typesupport_introspection_c.h
[1.512s] -- Up-to-date symlink: /home/sirapob/TORTO_NvidiaSim/install/torto_interfaces/include/torto_interfaces/torto_interfaces/msg/detail/torto_joint_angles__rosidl_typesupport_introspection_c.h
[1.512s] -- Up-to-date symlink: /home/sirapob/TORTO_NvidiaSim/install/torto_interfaces/include/torto_interfaces/torto_interfaces/msg/rosidl_typesupport_introspection_c__visibility_control.h
[1.512s] -- Up-to-date symlink: /home/sirapob/TORTO_NvidiaSim/install/torto_interfaces/include/torto_interfaces/torto_interfaces/msg/detail/torto_ctrl_params__builder.hpp
[1.512s] -- Up-to-date symlink: /home/sirapob/TORTO_NvidiaSim/install/torto_interfaces/include/torto_interfaces/torto_interfaces/msg/detail/torto_ctrl_params__struct.hpp
[1.513s] -- Up-to-date symlink: /home/sirapob/TORTO_NvidiaSim/install/torto_interfaces/include/torto_interfaces/torto_interfaces/msg/detail/torto_ctrl_params__traits.hpp
[1.513s] -- Up-to-date symlink: /home/sirapob/TORTO_NvidiaSim/install/torto_interfaces/include/torto_interfaces/torto_interfaces/msg/detail/torto_ctrl_params__type_support.hpp
[1.513s] -- Up-to-date symlink: /home/sirapob/TORTO_NvidiaSim/install/torto_interfaces/include/torto_interfaces/torto_interfaces/msg/detail/torto_joint_angles__builder.hpp
[1.513s] -- Up-to-date symlink: /home/sirapob/TORTO_NvidiaSim/install/torto_interfaces/include/torto_interfaces/torto_interfaces/msg/detail/torto_joint_angles__struct.hpp
[1.513s] -- Up-to-date symlink: /home/sirapob/TORTO_NvidiaSim/install/torto_interfaces/include/torto_interfaces/torto_interfaces/msg/detail/torto_joint_angles__traits.hpp
[1.513s] -- Up-to-date symlink: /home/sirapob/TORTO_NvidiaSim/install/torto_interfaces/include/torto_interfaces/torto_interfaces/msg/detail/torto_joint_angles__type_support.hpp
[1.514s] -- Up-to-date symlink: /home/sirapob/TORTO_NvidiaSim/install/torto_interfaces/include/torto_interfaces/torto_interfaces/msg/rosidl_generator_cpp__visibility_control.hpp
[1.514s] -- Up-to-date symlink: /home/sirapob/TORTO_NvidiaSim/install/torto_interfaces/include/torto_interfaces/torto_interfaces/msg/torto_ctrl_params.hpp
[1.514s] -- Up-to-date symlink: /home/sirapob/TORTO_NvidiaSim/install/torto_interfaces/include/torto_interfaces/torto_interfaces/msg/torto_joint_angles.hpp
[1.514s] -- Up-to-date symlink: /home/sirapob/TORTO_NvidiaSim/install/torto_interfaces/include/torto_interfaces/torto_interfaces/msg/detail/torto_ctrl_params__rosidl_typesupport_fastrtps_cpp.hpp
[1.514s] -- Up-to-date symlink: /home/sirapob/TORTO_NvidiaSim/install/torto_interfaces/include/torto_interfaces/torto_interfaces/msg/detail/torto_joint_angles__rosidl_typesupport_fastrtps_cpp.hpp
[1.514s] -- Up-to-date symlink: /home/sirapob/TORTO_NvidiaSim/install/torto_interfaces/include/torto_interfaces/torto_interfaces/msg/rosidl_typesupport_fastrtps_cpp__visibility_control.h
[1.515s] -- Up-to-date symlink: /home/sirapob/TORTO_NvidiaSim/install/torto_interfaces/include/torto_interfaces/torto_interfaces/msg/detail/torto_ctrl_params__rosidl_typesupport_introspection_cpp.hpp
[1.515s] -- Up-to-date symlink: /home/sirapob/TORTO_NvidiaSim/install/torto_interfaces/include/torto_interfaces/torto_interfaces/msg/detail/torto_joint_angles__rosidl_typesupport_introspection_cpp.hpp
[1.515s] -- Up-to-date symlink: /home/sirapob/TORTO_NvidiaSim/install/torto_interfaces/share/torto_interfaces/environment/pythonpath.sh
[1.515s] -- Up-to-date symlink: /home/sirapob/TORTO_NvidiaSim/install/torto_interfaces/share/torto_interfaces/environment/pythonpath.dsv
[1.515s] -- Up-to-date symlink: /home/sirapob/TORTO_NvidiaSim/install/torto_interfaces/local/lib/python3.10/dist-packages/torto_interfaces-0.0.0-py3.10.egg-info/PKG-INFO
[1.516s] -- Up-to-date symlink: /home/sirapob/TORTO_NvidiaSim/install/torto_interfaces/local/lib/python3.10/dist-packages/torto_interfaces-0.0.0-py3.10.egg-info/SOURCES.txt
[1.516s] -- Up-to-date symlink: /home/sirapob/TORTO_NvidiaSim/install/torto_interfaces/local/lib/python3.10/dist-packages/torto_interfaces-0.0.0-py3.10.egg-info/dependency_links.txt
[1.516s] -- Up-to-date symlink: /home/sirapob/TORTO_NvidiaSim/install/torto_interfaces/local/lib/python3.10/dist-packages/torto_interfaces-0.0.0-py3.10.egg-info/top_level.txt
[1.517s] -- Up-to-date symlink: /home/sirapob/TORTO_NvidiaSim/install/torto_interfaces/local/lib/python3.10/dist-packages/torto_interfaces/__init__.py
[1.518s] -- Up-to-date symlink: /home/sirapob/TORTO_NvidiaSim/install/torto_interfaces/local/lib/python3.10/dist-packages/torto_interfaces/_torto_interfaces_s.ep.rosidl_typesupport_c.c
[1.519s] -- Up-to-date symlink: /home/sirapob/TORTO_NvidiaSim/install/torto_interfaces/local/lib/python3.10/dist-packages/torto_interfaces/_torto_interfaces_s.ep.rosidl_typesupport_fastrtps_c.c
[1.519s] -- Up-to-date symlink: /home/sirapob/TORTO_NvidiaSim/install/torto_interfaces/local/lib/python3.10/dist-packages/torto_interfaces/_torto_interfaces_s.ep.rosidl_typesupport_introspection_c.c
[1.519s] -- Up-to-date symlink: /home/sirapob/TORTO_NvidiaSim/install/torto_interfaces/local/lib/python3.10/dist-packages/torto_interfaces/libtorto_interfaces__rosidl_generator_py.so
[1.522s] -- Up-to-date symlink: /home/sirapob/TORTO_NvidiaSim/install/torto_interfaces/local/lib/python3.10/dist-packages/torto_interfaces/msg/__init__.py
[1.522s] -- Up-to-date symlink: /home/sirapob/TORTO_NvidiaSim/install/torto_interfaces/local/lib/python3.10/dist-packages/torto_interfaces/msg/_torto_ctrl_params.py
[1.522s] -- Up-to-date symlink: /home/sirapob/TORTO_NvidiaSim/install/torto_interfaces/local/lib/python3.10/dist-packages/torto_interfaces/msg/_torto_ctrl_params_s.c
[1.522s] -- Up-to-date symlink: /home/sirapob/TORTO_NvidiaSim/install/torto_interfaces/local/lib/python3.10/dist-packages/torto_interfaces/msg/_torto_joint_angles.py
[1.522s] -- Up-to-date symlink: /home/sirapob/TORTO_NvidiaSim/install/torto_interfaces/local/lib/python3.10/dist-packages/torto_interfaces/msg/_torto_joint_angles_s.c
[1.523s] -- Up-to-date symlink: /home/sirapob/TORTO_NvidiaSim/install/torto_interfaces/local/lib/python3.10/dist-packages/torto_interfaces/torto_interfaces_s__rosidl_typesupport_c.cpython-310-x86_64-linux-gnu.so
[1.523s] -- Up-to-date symlink: /home/sirapob/TORTO_NvidiaSim/install/torto_interfaces/local/lib/python3.10/dist-packages/torto_interfaces/torto_interfaces_s__rosidl_typesupport_fastrtps_c.cpython-310-x86_64-linux-gnu.so
[1.523s] -- Up-to-date symlink: /home/sirapob/TORTO_NvidiaSim/install/torto_interfaces/local/lib/python3.10/dist-packages/torto_interfaces/torto_interfaces_s__rosidl_typesupport_introspection_c.cpython-310-x86_64-linux-gnu.so
[1.523s] -- Up-to-date symlink: /home/sirapob/TORTO_NvidiaSim/install/torto_interfaces/local/lib/python3.10/dist-packages/torto_interfaces/torto_interfaces_s__rosidl_typesupport_fastrtps_c.cpython-310-x86_64-linux-gnu.so
[1.523s] -- Up-to-date symlink: /home/sirapob/TORTO_NvidiaSim/install/torto_interfaces/local/lib/python3.10/dist-packages/torto_interfaces/torto_interfaces_s__rosidl_typesupport_introspection_c.cpython-310-x86_64-linux-gnu.so
[1.523s] -- Up-to-date symlink: /home/sirapob/TORTO_NvidiaSim/install/torto_interfaces/local/lib/python3.10/dist-packages/torto_interfaces/torto_interfaces_s__rosidl_typesupport_c.cpython-310-x86_64-linux-gnu.so
[1.523s] -- Up-to-date symlink: /home/sirapob/TORTO_NvidiaSim/install/torto_interfaces/share/torto_interfaces/msg/TortoJointAngles.idl
[1.523s] -- Up-to-date symlink: /home/sirapob/TORTO_NvidiaSim/install/torto_interfaces/share/torto_interfaces/msg/TortoCtrlParams.idl
[1.523s] -- Up-to-date symlink: /home/sirapob/TORTO_NvidiaSim/install/torto_interfaces/share/torto_interfaces/msg/TortoJointAngles.msg
[1.523s] -- Up-to-date symlink: /home/sirapob/TORTO_NvidiaSim/install/torto_interfaces/share/torto_interfaces/msg/TortoCtrlParams.msg
[1.523s] -- Up-to-date symlink: /home/sirapob/TORTO_NvidiaSim/install/torto_interfaces/share/ament_index/resource_index/package_run_dependencies/torto_interfaces
[1.523s] -- Up-to-date symlink: /home/sirapob/TORTO_NvidiaSim/install/torto_interfaces/share/ament_index/resource_index/parent_prefix_path/torto_interfaces
[1.527s] -- Up-to-date symlink: /home/sirapob/TORTO_NvidiaSim/install/torto_interfaces/share/torto_interfaces/environment/ament_prefix_path.sh
[1.527s] -- Up-to-date symlink: /home/sirapob/TORTO_NvidiaSim/install/torto_interfaces/share/torto_interfaces/environment/ament_prefix_path.dsv
[1.527s] -- Up-to-date symlink: /home/sirapob/TORTO_NvidiaSim/install/torto_interfaces/share/torto_interfaces/environment/path.sh
[1.528s] -- Up-to-date symlink: /home/sirapob/TORTO_NvidiaSim/install/torto_interfaces/share/torto_interfaces/environment/path.dsv
[1.528s] -- Up-to-date symlink: /home/sirapob/TORTO_NvidiaSim/install/torto_interfaces/share/torto_interfaces/local_setup.bash
[1.528s] -- Up-to-date symlink: /home/sirapob/TORTO_NvidiaSim/install/torto_interfaces/share/torto_interfaces/local_setup.sh
[1.528s] -- Up-to-date symlink: /home/sirapob/TORTO_NvidiaSim/install/torto_interfaces/share/torto_interfaces/local_setup.zsh
[1.528s] -- Up-to-date symlink: /home/sirapob/TORTO_NvidiaSim/install/torto_interfaces/share/torto_interfaces/local_setup.dsv
[1.528s] -- Symlinking: /home/sirapob/TORTO_NvidiaSim/install/torto_interfaces/share/torto_interfaces/package.dsv
[1.533s] -- Up-to-date symlink: /home/sirapob/TORTO_NvidiaSim/install/torto_interfaces/share/ament_index/resource_index/packages/torto_interfaces
[1.533s] -- Up-to-date symlink: /home/sirapob/TORTO_NvidiaSim/install/torto_interfaces/share/torto_interfaces/cmake/rosidl_cmake-extras.cmake
[1.533s] -- Up-to-date symlink: /home/sirapob/TORTO_NvidiaSim/install/torto_interfaces/share/torto_interfaces/cmake/ament_cmake_export_include_directories-extras.cmake
[1.533s] -- Up-to-date symlink: /home/sirapob/TORTO_NvidiaSim/install/torto_interfaces/share/torto_interfaces/cmake/ament_cmake_export_libraries-extras.cmake
[1.533s] -- Up-to-date symlink: /home/sirapob/TORTO_NvidiaSim/install/torto_interfaces/share/torto_interfaces/cmake/ament_cmake_export_targets-extras.cmake
[1.533s] -- Up-to-date symlink: /home/sirapob/TORTO_NvidiaSim/install/torto_interfaces/share/torto_interfaces/cmake/rosidl_cmake_export_typesupport_targets-extras.cmake
[1.534s] -- Up-to-date symlink: /home/sirapob/TORTO_NvidiaSim/install/torto_interfaces/share/torto_interfaces/cmake/ament_cmake_export_dependencies-extras.cmake
[1.534s] -- Up-to-date symlink: /home/sirapob/TORTO_NvidiaSim/install/torto_interfaces/share/torto_interfaces/cmake/rosidl_cmake_export_typesupport_libraries-extras.cmake
[1.534s] -- Up-to-date symlink: /home/sirapob/TORTO_NvidiaSim/install/torto_interfaces/share/torto_interfaces/cmake/torto_interfacesConfig.cmake
[1.534s] -- Up-to-date symlink: /home/sirapob/TORTO_NvidiaSim/install/torto_interfaces/share/torto_interfaces/cmake/torto_interfacesConfig-version.cmake
[1.534s] -- Up-to-date symlink: /home/sirapob/TORTO_NvidiaSim/install/torto_interfaces/share/torto_interfaces/package.xml
[1.534s] -- Up-to-date: /home/sirapob/TORTO_NvidiaSim/install/torto_interfaces/lib/libtorto_interfaces__rosidl_generator_c.so
[1.534s] -- Up-to-date: /home/sirapob/TORTO_NvidiaSim/install/torto_interfaces/lib/libtorto_interfaces__rosidl_typesupport_fastrtps_c.so
[1.535s] -- Up-to-date: /home/sirapob/TORTO_NvidiaSim/install/torto_interfaces/lib/libtorto_interfaces__rosidl_typesupport_introspection_c.so
[1.535s] -- Up-to-date: /home/sirapob/TORTO_NvidiaSim/install/torto_interfaces/lib/libtorto_interfaces__rosidl_typesupport_c.so
[1.535s] -- Up-to-date: /home/sirapob/TORTO_NvidiaSim/install/torto_interfaces/lib/libtorto_interfaces__rosidl_typesupport_fastrtps_cpp.so
[1.535s] -- Up-to-date: /home/sirapob/TORTO_NvidiaSim/install/torto_interfaces/lib/libtorto_interfaces__rosidl_typesupport_introspection_cpp.so
[1.535s] -- Up-to-date: /home/sirapob/TORTO_NvidiaSim/install/torto_interfaces/lib/libtorto_interfaces__rosidl_typesupport_cpp.so
[1.585s] Listing '/home/sirapob/TORTO_NvidiaSim/install/torto_interfaces/local/lib/python3.10/dist-packages/torto_interfaces'...
[1.585s] Compiling '/home/sirapob/TORTO_NvidiaSim/install/torto_interfaces/local/lib/python3.10/dist-packages/torto_interfaces/__init__.py'...
[1.585s] Listing '/home/sirapob/TORTO_NvidiaSim/install/torto_interfaces/local/lib/python3.10/dist-packages/torto_interfaces/msg'...
[1.593s] -- Up-to-date: /home/sirapob/TORTO_NvidiaSim/install/torto_interfaces/lib/libtorto_interfaces__rosidl_generator_py.so
[1.593s] -- Up-to-date: /home/sirapob/TORTO_NvidiaSim/install/torto_interfaces/share/torto_interfaces/cmake/export_torto_interfaces__rosidl_generator_cExport.cmake
[1.594s] -- Up-to-date: /home/sirapob/TORTO_NvidiaSim/install/torto_interfaces/share/torto_interfaces/cmake/export_torto_interfaces__rosidl_generator_cExport-noconfig.cmake
[1.594s] -- Up-to-date: /home/sirapob/TORTO_NvidiaSim/install/torto_interfaces/share/torto_interfaces/cmake/export_torto_interfaces__rosidl_typesupport_fastrtps_cExport.cmake
[1.594s] -- Up-to-date: /home/sirapob/TORTO_NvidiaSim/install/torto_interfaces/share/torto_interfaces/cmake/export_torto_interfaces__rosidl_typesupport_fastrtps_cExport-noconfig.cmake
[1.594s] -- Up-to-date: /home/sirapob/TORTO_NvidiaSim/install/torto_interfaces/share/torto_interfaces/cmake/torto_interfaces__rosidl_typesupport_introspection_cExport.cmake
[1.595s] -- Up-to-date: /home/sirapob/TORTO_NvidiaSim/install/torto_interfaces/share/torto_interfaces/cmake/torto_interfaces__rosidl_typesupport_introspection_cExport-noconfig.cmake
[1.595s] -- Up-to-date: /home/sirapob/TORTO_NvidiaSim/install/torto_interfaces/share/torto_interfaces/cmake/torto_interfaces__rosidl_typesupport_cExport.cmake
[1.595s] -- Up-to-date: /home/sirapob/TORTO_NvidiaSim/install/torto_interfaces/share/torto_interfaces/cmake/torto_interfaces__rosidl_typesupport_cExport-noconfig.cmake
[1.595s] -- Up-to-date: /home/sirapob/TORTO_NvidiaSim/install/torto_interfaces/share/torto_interfaces/cmake/export_torto_interfaces__rosidl_generator_cppExport.cmake
[1.595s] -- Up-to-date: /home/sirapob/TORTO_NvidiaSim/install/torto_interfaces/share/torto_interfaces/cmake/export_torto_interfaces__rosidl_typesupport_fastrtps_cppExport.cmake
[1.595s] -- Up-to-date: /home/sirapob/TORTO_NvidiaSim/install/torto_interfaces/share/torto_interfaces/cmake/export_torto_interfaces__rosidl_typesupport_fastrtps_cppExport-noconfig.cmake
[1.595s] -- Up-to-date: /home/sirapob/TORTO_NvidiaSim/install/torto_interfaces/share/torto_interfaces/cmake/torto_interfaces__rosidl_typesupport_introspection_cppExport.cmake
[1.596s] -- Up-to-date: /home/sirapob/TORTO_NvidiaSim/install/torto_interfaces/share/torto_interfaces/cmake/torto_interfaces__rosidl_typesupport_introspection_cppExport-noconfig.cmake
[1.596s] -- Up-to-date: /home/sirapob/TORTO_NvidiaSim/install/torto_interfaces/share/torto_interfaces/cmake/torto_interfaces__rosidl_typesupport_cppExport.cmake
[1.596s] -- Up-to-date: /home/sirapob/TORTO_NvidiaSim/install/torto_interfaces/share/torto_interfaces/cmake/torto_interfaces__rosidl_typesupport_cppExport-noconfig.cmake
[1.596s] -- Up-to-date: /home/sirapob/TORTO_NvidiaSim/install/torto_interfaces/share/torto_interfaces/cmake/export_torto_interfaces__rosidl_generator_pyExport.cmake
[1.596s] -- Up-to-date: /home/sirapob/TORTO_NvidiaSim/install/torto_interfaces/share/torto_interfaces/cmake/export_torto_interfaces__rosidl_generator_pyExport-noconfig.cmake
[1.598s] Invoked command in '/home/sirapob/TORTO_NvidiaSim/build/torto_interfaces' returned '0': CMAKE_PREFIX_PATH=${CMAKE_PREFIX_PATH}:/home/sirapob/TORTO_NvidiaSim/install/torto_sim_ctrl:/home/sirapob/TORTO_NvidiaSim/install/torto_odometry:/home/sirapob/TORTO_NvidiaSim/install/torto_ctrl:/home/sirapob/TORTO_NvidiaSim/install/torto_input_handle:/home/sirapob/TORTO_NvidiaSim/install/torto_hardware:/opt/ros/humble /usr/bin/cmake --install /home/sirapob/TORTO_NvidiaSim/build/torto_interfaces
