-- The C compiler identification is GNU 11.4.0
-- The CXX compiler identification is GNU 11.4.0
-- Detecting C compiler ABI info
-- Detecting C compiler ABI info - done
-- Check for working C compiler: /usr/bin/cc - skipped
-- Detecting C compile features
-- Detecting C compile features - done
-- Detecting CXX compiler ABI info
-- Detecting CXX compiler ABI info - done
-- Check for working CXX compiler: /usr/bin/c++ - skipped
-- Detecting CXX compile features
-- Detecting CXX compile features - done
-- Found ament_cmake: 1.3.11 (/opt/ros/humble/share/ament_cmake/cmake)
-- Found Python3: /usr/bin/python3 (found version "3.10.12") found components: Interpreter 
-- Override CMake install command with custom implementation using symlinks instead of copying resources
-- Configuring done
-- Generating done
-- Build files have been written to: /home/sirapob/TORTO_NvidiaSim/build/torto_bringup
-- Install configuration: ""
-- Execute custom install script
-- Symlinking: /home/sirapob/TORTO_NvidiaSim/install/torto_bringup/share/torto_bringup//launch/torto_sim.launch.xml
-- Symlinking: /home/sirapob/TORTO_NvidiaSim/install/torto_bringup/share/ament_index/resource_index/package_run_dependencies/torto_bringup
-- Symlinking: /home/sirapob/TORTO_NvidiaSim/install/torto_bringup/share/ament_index/resource_index/parent_prefix_path/torto_bringup
-- Symlinking: /home/sirapob/TORTO_NvidiaSim/install/torto_bringup/share/torto_bringup/environment/ament_prefix_path.sh
-- Symlinking: /home/sirapob/TORTO_NvidiaSim/install/torto_bringup/share/torto_bringup/environment/ament_prefix_path.dsv
-- Symlinking: /home/sirapob/TORTO_NvidiaSim/install/torto_bringup/share/torto_bringup/environment/path.sh
-- Symlinking: /home/sirapob/TORTO_NvidiaSim/install/torto_bringup/share/torto_bringup/environment/path.dsv
-- Symlinking: /home/sirapob/TORTO_NvidiaSim/install/torto_bringup/share/torto_bringup/local_setup.bash
-- Symlinking: /home/sirapob/TORTO_NvidiaSim/install/torto_bringup/share/torto_bringup/local_setup.sh
-- Symlinking: /home/sirapob/TORTO_NvidiaSim/install/torto_bringup/share/torto_bringup/local_setup.zsh
-- Symlinking: /home/sirapob/TORTO_NvidiaSim/install/torto_bringup/share/torto_bringup/local_setup.dsv
-- Symlinking: /home/sirapob/TORTO_NvidiaSim/install/torto_bringup/share/torto_bringup/package.dsv
-- Symlinking: /home/sirapob/TORTO_NvidiaSim/install/torto_bringup/share/ament_index/resource_index/packages/torto_bringup
-- Symlinking: /home/sirapob/TORTO_NvidiaSim/install/torto_bringup/share/torto_bringup/cmake/torto_bringupConfig.cmake
-- Symlinking: /home/sirapob/TORTO_NvidiaSim/install/torto_bringup/share/torto_bringup/cmake/torto_bringupConfig-version.cmake
-- Symlinking: /home/sirapob/TORTO_NvidiaSim/install/torto_bringup/share/torto_bringup/package.xml
