running develop
running egg_info
creating torto_rl_pkg.egg-info
writing torto_rl_pkg.egg-info/PKG-INFO
writing dependency_links to torto_rl_pkg.egg-info/dependency_links.txt
writing entry points to torto_rl_pkg.egg-info/entry_points.txt
writing requirements to torto_rl_pkg.egg-info/requires.txt
writing top-level names to torto_rl_pkg.egg-info/top_level.txt
writing manifest file 'torto_rl_pkg.egg-info/SOURCES.txt'
reading manifest file 'torto_rl_pkg.egg-info/SOURCES.txt'
writing manifest file 'torto_rl_pkg.egg-info/SOURCES.txt'
running build_ext
Creating /home/sirapob/TORTO_NvidiaSim/install/torto_rl_pkg/lib/python3.10/site-packages/torto-rl-pkg.egg-link (link to .)

Installed /home/sirapob/TORTO_NvidiaSim/build/torto_rl_pkg
running symlink_data
creating /home/sirapob/TORTO_NvidiaSim/install/torto_rl_pkg/share/ament_index
creating /home/sirapob/TORTO_NvidiaSim/install/torto_rl_pkg/share/ament_index/resource_index
creating /home/sirapob/TORTO_NvidiaSim/install/torto_rl_pkg/share/ament_index/resource_index/packages
symbolically linking /home/sirapob/TORTO_NvidiaSim/build/torto_rl_pkg/resource/torto_rl_pkg -> /home/sirapob/TORTO_NvidiaSim/install/torto_rl_pkg/share/ament_index/resource_index/packages
symbolically linking /home/sirapob/TORTO_NvidiaSim/build/torto_rl_pkg/package.xml -> /home/sirapob/TORTO_NvidiaSim/install/torto_rl_pkg/share/torto_rl_pkg
