[6.464s] Invoking command in '/home/sirapob/TORTO_NvidiaSim/build/torto_odometry': PYTHONPATH=/home/sirapob/TORTO_NvidiaSim/build/torto_odometry/prefix_override:/usr/lib/python3/dist-packages/colcon_core/task/python/colcon_distutils_commands:/home/sirapob/TORTO_NvidiaSim/install/torto_odometry/lib/python3.10/site-packages:${PYTHONPATH} /usr/bin/python3 -W ignore:setup.py install is deprecated -W ignore:easy_install command is deprecated setup.py develop --editable --build-directory /home/sirapob/TORTO_NvidiaSim/build/torto_odometry/build --no-deps symlink_data
[7.979s] running develop
[9.003s] running egg_info
[9.004s] creating torto_odometry.egg-info
[9.004s] writing torto_odometry.egg-info/PKG-INFO
[9.005s] writing dependency_links to torto_odometry.egg-info/dependency_links.txt
[9.007s] writing entry points to torto_odometry.egg-info/entry_points.txt
[9.008s] writing requirements to torto_odometry.egg-info/requires.txt
[9.012s] writing top-level names to torto_odometry.egg-info/top_level.txt
[9.013s] writing manifest file 'torto_odometry.egg-info/SOURCES.txt'
[9.013s] reading manifest file 'torto_odometry.egg-info/SOURCES.txt'
[9.013s] writing manifest file 'torto_odometry.egg-info/SOURCES.txt'
[9.020s] running build_ext
[9.021s] Creating /home/sirapob/TORTO_NvidiaSim/install/torto_odometry/lib/python3.10/site-packages/torto-odometry.egg-link (link to .)
[9.026s] Installing odom_depen_on_imu_node script to /home/sirapob/TORTO_NvidiaSim/install/torto_odometry/lib/torto_odometry
[9.026s] 
[9.027s] Installed /home/sirapob/TORTO_NvidiaSim/build/torto_odometry
[9.030s] running symlink_data
[9.030s] creating /home/sirapob/TORTO_NvidiaSim/install/torto_odometry/share/ament_index
[9.031s] creating /home/sirapob/TORTO_NvidiaSim/install/torto_odometry/share/ament_index/resource_index
[9.031s] creating /home/sirapob/TORTO_NvidiaSim/install/torto_odometry/share/ament_index/resource_index/packages
[9.032s] symbolically linking /home/sirapob/TORTO_NvidiaSim/build/torto_odometry/resource/torto_odometry -> /home/sirapob/TORTO_NvidiaSim/install/torto_odometry/share/ament_index/resource_index/packages
[9.033s] symbolically linking /home/sirapob/TORTO_NvidiaSim/build/torto_odometry/package.xml -> /home/sirapob/TORTO_NvidiaSim/install/torto_odometry/share/torto_odometry
[9.033s] creating /home/sirapob/TORTO_NvidiaSim/install/torto_odometry/share/torto_odometry/launch
[9.034s] symbolically linking /home/sirapob/TORTO_NvidiaSim/build/torto_odometry/launch/torto_main_tf.launch.py -> /home/sirapob/TORTO_NvidiaSim/install/torto_odometry/share/torto_odometry/launch
[9.239s] Invoked command in '/home/sirapob/TORTO_NvidiaSim/build/torto_odometry' returned '0': PYTHONPATH=/home/sirapob/TORTO_NvidiaSim/build/torto_odometry/prefix_override:/usr/lib/python3/dist-packages/colcon_core/task/python/colcon_distutils_commands:/home/sirapob/TORTO_NvidiaSim/install/torto_odometry/lib/python3.10/site-packages:${PYTHONPATH} /usr/bin/python3 -W ignore:setup.py install is deprecated -W ignore:easy_install command is deprecated setup.py develop --editable --build-directory /home/sirapob/TORTO_NvidiaSim/build/torto_odometry/build --no-deps symlink_data
