[0.059s] Invoking command in '/home/sirapob/TORTO_NvidiaSim/build/torto_description': CMAKE_PREFIX_PATH=${CMAKE_PREFIX_PATH}:/opt/ros/humble /usr/bin/cmake /home/sirapob/TORTO_NvidiaSim/src/torto_description -DAMENT_CMAKE_SYMLINK_INSTALL=1 -DCMAKE_INSTALL_PREFIX=/home/sirapob/TORTO_NvidiaSim/install/torto_description
[0.072s] -- Found ament_cmake: 1.3.11 (/opt/ros/humble/share/ament_cmake/cmake)
[0.178s] -- Override CMake install command with custom implementation using symlinks instead of copying resources
[0.245s] -- Configuring done
[0.247s] -- Generating done
[0.248s] -- Build files have been written to: /home/sirapob/TORTO_NvidiaSim/build/torto_description
[0.323s] Invoked command in '/home/sirapob/TORTO_NvidiaSim/build/torto_description' returned '0': CMAKE_PREFIX_PATH=${CMAKE_PREFIX_PATH}:/opt/ros/humble /usr/bin/cmake /home/sirapob/TORTO_NvidiaSim/src/torto_description -DAMENT_CMAKE_SYMLINK_INSTALL=1 -DCMAKE_INSTALL_PREFIX=/home/sirapob/TORTO_NvidiaSim/install/torto_description
[0.325s] Invoking command in '/home/sirapob/TORTO_NvidiaSim/build/torto_description': CMAKE_PREFIX_PATH=${CMAKE_PREFIX_PATH}:/opt/ros/humble /usr/bin/cmake --build /home/sirapob/TORTO_NvidiaSim/build/torto_description -- -j16 -l16
[0.356s] Invoked command in '/home/sirapob/TORTO_NvidiaSim/build/torto_description' returned '0': CMAKE_PREFIX_PATH=${CMAKE_PREFIX_PATH}:/opt/ros/humble /usr/bin/cmake --build /home/sirapob/TORTO_NvidiaSim/build/torto_description -- -j16 -l16
[0.364s] Invoking command in '/home/sirapob/TORTO_NvidiaSim/build/torto_description': CMAKE_PREFIX_PATH=${CMAKE_PREFIX_PATH}:/opt/ros/humble /usr/bin/cmake --install /home/sirapob/TORTO_NvidiaSim/build/torto_description
[0.369s] -- Install configuration: ""
[0.370s] -- Execute custom install script
[0.370s] -- Up-to-date symlink: /home/sirapob/TORTO_NvidiaSim/install/torto_description/share/torto_description//urdf/torto.urdf
[0.370s] -- Symlinking: /home/sirapob/TORTO_NvidiaSim/install/torto_description/share/torto_description//urdf/torto/configuration/torto_base.usd
[0.377s] -- Symlinking: /home/sirapob/TORTO_NvidiaSim/install/torto_description/share/torto_description//urdf/torto/configuration/torto_physics.usd
[0.384s] -- Symlinking: /home/sirapob/TORTO_NvidiaSim/install/torto_description/share/torto_description//urdf/torto/configuration/torto_sensor.usd
[0.390s] -- Symlinking: /home/sirapob/TORTO_NvidiaSim/install/torto_description/share/torto_description//urdf/torto/torto.usd
[0.397s] -- Up-to-date symlink: /home/sirapob/TORTO_NvidiaSim/install/torto_description/share/torto_description//launch/display.launch.xml
[0.397s] -- Up-to-date symlink: /home/sirapob/TORTO_NvidiaSim/install/torto_description/share/torto_description//meshes/frame/collision_Body.stl
[0.397s] -- Up-to-date symlink: /home/sirapob/TORTO_NvidiaSim/install/torto_description/share/torto_description//meshes/frame/collision_DetoidFLBR.stl
[0.397s] -- Up-to-date symlink: /home/sirapob/TORTO_NvidiaSim/install/torto_description/share/torto_description//meshes/frame/collision_DetoidFRBL.stl
[0.398s] -- Up-to-date symlink: /home/sirapob/TORTO_NvidiaSim/install/torto_description/share/torto_description//meshes/frame/collision_FemurFLBR.stl
[0.398s] -- Up-to-date symlink: /home/sirapob/TORTO_NvidiaSim/install/torto_description/share/torto_description//meshes/frame/collision_FemurFRBL.stl
[0.398s] -- Up-to-date symlink: /home/sirapob/TORTO_NvidiaSim/install/torto_description/share/torto_description//meshes/frame/collision_TibiaFLBR.stl
[0.398s] -- Up-to-date symlink: /home/sirapob/TORTO_NvidiaSim/install/torto_description/share/torto_description//meshes/frame/collision_TibiaFRBL.stl
[0.398s] -- Up-to-date symlink: /home/sirapob/TORTO_NvidiaSim/install/torto_description/share/torto_description//meshes/frame/torto_Body.stl
[0.398s] -- Up-to-date symlink: /home/sirapob/TORTO_NvidiaSim/install/torto_description/share/torto_description//meshes/frame/torto_MPU6050.stl
[0.398s] -- Up-to-date symlink: /home/sirapob/TORTO_NvidiaSim/install/torto_description/share/torto_description//meshes/frame/torto_PiCamera.stl
[0.398s] -- Up-to-date symlink: /home/sirapob/TORTO_NvidiaSim/install/torto_description/share/torto_description//meshes/frame/torto_detoid_FLBR.stl
[0.398s] -- Up-to-date symlink: /home/sirapob/TORTO_NvidiaSim/install/torto_description/share/torto_description//meshes/frame/torto_detoid_FRBL.stl
[0.398s] -- Up-to-date symlink: /home/sirapob/TORTO_NvidiaSim/install/torto_description/share/torto_description//meshes/frame/torto_femur_FLBR.stl
[0.398s] -- Up-to-date symlink: /home/sirapob/TORTO_NvidiaSim/install/torto_description/share/torto_description//meshes/frame/torto_femur_FRBL.stl
[0.398s] -- Up-to-date symlink: /home/sirapob/TORTO_NvidiaSim/install/torto_description/share/torto_description//meshes/frame/torto_hamquad_FLBR.stl
[0.399s] -- Up-to-date symlink: /home/sirapob/TORTO_NvidiaSim/install/torto_description/share/torto_description//meshes/frame/torto_hamquad_FRBL.stl
[0.399s] -- Up-to-date symlink: /home/sirapob/TORTO_NvidiaSim/install/torto_description/share/torto_description//meshes/frame/torto_hip_FLBR.stl
[0.399s] -- Up-to-date symlink: /home/sirapob/TORTO_NvidiaSim/install/torto_description/share/torto_description//meshes/frame/torto_hip_FRBL.stl
[0.399s] -- Up-to-date symlink: /home/sirapob/TORTO_NvidiaSim/install/torto_description/share/torto_description//meshes/frame/torto_servo_arm.stl
[0.399s] -- Up-to-date symlink: /home/sirapob/TORTO_NvidiaSim/install/torto_description/share/torto_description//meshes/frame/torto_tibia_FLBR.stl
[0.399s] -- Up-to-date symlink: /home/sirapob/TORTO_NvidiaSim/install/torto_description/share/torto_description//meshes/frame/torto_tibia_FRBL.stl
[0.399s] -- Up-to-date symlink: /home/sirapob/TORTO_NvidiaSim/install/torto_description/share/torto_description//rviz/urdf_config.rviz
[0.399s] -- Up-to-date symlink: /home/sirapob/TORTO_NvidiaSim/install/torto_description/share/ament_index/resource_index/package_run_dependencies/torto_description
[0.399s] -- Up-to-date symlink: /home/sirapob/TORTO_NvidiaSim/install/torto_description/share/ament_index/resource_index/parent_prefix_path/torto_description
[0.399s] -- Up-to-date symlink: /home/sirapob/TORTO_NvidiaSim/install/torto_description/share/torto_description/environment/ament_prefix_path.sh
[0.400s] -- Up-to-date symlink: /home/sirapob/TORTO_NvidiaSim/install/torto_description/share/torto_description/environment/ament_prefix_path.dsv
[0.400s] -- Up-to-date symlink: /home/sirapob/TORTO_NvidiaSim/install/torto_description/share/torto_description/environment/path.sh
[0.400s] -- Up-to-date symlink: /home/sirapob/TORTO_NvidiaSim/install/torto_description/share/torto_description/environment/path.dsv
[0.400s] -- Up-to-date symlink: /home/sirapob/TORTO_NvidiaSim/install/torto_description/share/torto_description/local_setup.bash
[0.400s] -- Up-to-date symlink: /home/sirapob/TORTO_NvidiaSim/install/torto_description/share/torto_description/local_setup.sh
[0.400s] -- Up-to-date symlink: /home/sirapob/TORTO_NvidiaSim/install/torto_description/share/torto_description/local_setup.zsh
[0.400s] -- Up-to-date symlink: /home/sirapob/TORTO_NvidiaSim/install/torto_description/share/torto_description/local_setup.dsv
[0.401s] -- Symlinking: /home/sirapob/TORTO_NvidiaSim/install/torto_description/share/torto_description/package.dsv
[0.408s] -- Up-to-date symlink: /home/sirapob/TORTO_NvidiaSim/install/torto_description/share/ament_index/resource_index/packages/torto_description
[0.408s] -- Up-to-date symlink: /home/sirapob/TORTO_NvidiaSim/install/torto_description/share/torto_description/cmake/torto_descriptionConfig.cmake
[0.408s] -- Up-to-date symlink: /home/sirapob/TORTO_NvidiaSim/install/torto_description/share/torto_description/cmake/torto_descriptionConfig-version.cmake
[0.409s] -- Up-to-date symlink: /home/sirapob/TORTO_NvidiaSim/install/torto_description/share/torto_description/package.xml
[0.411s] Invoked command in '/home/sirapob/TORTO_NvidiaSim/build/torto_description' returned '0': CMAKE_PREFIX_PATH=${CMAKE_PREFIX_PATH}:/opt/ros/humble /usr/bin/cmake --install /home/sirapob/TORTO_NvidiaSim/build/torto_description
