[0.774s] Invoking command in '/home/sirapob/TORTO_NvidiaSim/build/torto_ctrl': PYTHONPATH=/home/sirapob/TORTO_NvidiaSim/build/torto_ctrl/prefix_override:/usr/lib/python3/dist-packages/colcon_core/task/python/colcon_distutils_commands:/home/sirapob/TORTO_NvidiaSim/install/torto_ctrl/lib/python3.10/site-packages:${PYTHONPATH} /usr/bin/python3 -W ignore:setup.py install is deprecated -W ignore:easy_install command is deprecated setup.py develop --editable --build-directory /home/sirapob/TORTO_NvidiaSim/build/torto_ctrl/build --no-deps symlink_data
[1.128s] running develop
[1.369s] running egg_info
[1.369s] creating torto_ctrl.egg-info
[1.369s] writing torto_ctrl.egg-info/PKG-INFO
[1.369s] writing dependency_links to torto_ctrl.egg-info/dependency_links.txt
[1.369s] writing entry points to torto_ctrl.egg-info/entry_points.txt
[1.369s] writing requirements to torto_ctrl.egg-info/requires.txt
[1.370s] writing top-level names to torto_ctrl.egg-info/top_level.txt
[1.370s] writing manifest file 'torto_ctrl.egg-info/SOURCES.txt'
[1.372s] reading manifest file 'torto_ctrl.egg-info/SOURCES.txt'
[1.373s] writing manifest file 'torto_ctrl.egg-info/SOURCES.txt'
[1.374s] running build_ext
[1.375s] Creating /home/sirapob/TORTO_NvidiaSim/install/torto_ctrl/lib/python3.10/site-packages/torto-ctrl.egg-link (link to .)
[1.376s] Installing torto_controller_node script to /home/sirapob/TORTO_NvidiaSim/install/torto_ctrl/lib/torto_ctrl
[1.376s] 
[1.376s] Installed /home/sirapob/TORTO_NvidiaSim/build/torto_ctrl
[1.376s] running symlink_data
[1.376s] creating /home/sirapob/TORTO_NvidiaSim/install/torto_ctrl/share/ament_index
[1.377s] creating /home/sirapob/TORTO_NvidiaSim/install/torto_ctrl/share/ament_index/resource_index
[1.377s] creating /home/sirapob/TORTO_NvidiaSim/install/torto_ctrl/share/ament_index/resource_index/packages
[1.377s] symbolically linking /home/sirapob/TORTO_NvidiaSim/build/torto_ctrl/resource/torto_ctrl -> /home/sirapob/TORTO_NvidiaSim/install/torto_ctrl/share/ament_index/resource_index/packages
[1.377s] symbolically linking /home/sirapob/TORTO_NvidiaSim/build/torto_ctrl/package.xml -> /home/sirapob/TORTO_NvidiaSim/install/torto_ctrl/share/torto_ctrl
[1.412s] Invoked command in '/home/sirapob/TORTO_NvidiaSim/build/torto_ctrl' returned '0': PYTHONPATH=/home/sirapob/TORTO_NvidiaSim/build/torto_ctrl/prefix_override:/usr/lib/python3/dist-packages/colcon_core/task/python/colcon_distutils_commands:/home/sirapob/TORTO_NvidiaSim/install/torto_ctrl/lib/python3.10/site-packages:${PYTHONPATH} /usr/bin/python3 -W ignore:setup.py install is deprecated -W ignore:easy_install command is deprecated setup.py develop --editable --build-directory /home/sirapob/TORTO_NvidiaSim/build/torto_ctrl/build --no-deps symlink_data
