[6.384s] Invoking command in '/home/sirapob/TORTO_NvidiaSim/build/torto_input_handle': PYTHONPATH=/home/sirapob/TORTO_NvidiaSim/build/torto_input_handle/prefix_override:/usr/lib/python3/dist-packages/colcon_core/task/python/colcon_distutils_commands:/home/sirapob/TORTO_NvidiaSim/install/torto_input_handle/lib/python3.10/site-packages:${PYTHONPATH} /usr/bin/python3 -W ignore:setup.py install is deprecated -W ignore:easy_install command is deprecated setup.py develop --editable --build-directory /home/sirapob/TORTO_NvidiaSim/build/torto_input_handle/build --no-deps symlink_data
[7.845s] running develop
[8.858s] running egg_info
[8.858s] creating torto_input_handle.egg-info
[8.859s] writing torto_input_handle.egg-info/PKG-INFO
[8.859s] writing dependency_links to torto_input_handle.egg-info/dependency_links.txt
[8.860s] writing entry points to torto_input_handle.egg-info/entry_points.txt
[8.860s] writing requirements to torto_input_handle.egg-info/requires.txt
[8.861s] writing top-level names to torto_input_handle.egg-info/top_level.txt
[8.872s] writing manifest file 'torto_input_handle.egg-info/SOURCES.txt'
[8.873s] reading manifest file 'torto_input_handle.egg-info/SOURCES.txt'
[8.873s] writing manifest file 'torto_input_handle.egg-info/SOURCES.txt'
[8.877s] running build_ext
[8.878s] Creating /home/sirapob/TORTO_NvidiaSim/install/torto_input_handle/lib/python3.10/site-packages/torto-input-handle.egg-link (link to .)
[8.890s] Installing ps5_ctrl_params_node script to /home/sirapob/TORTO_NvidiaSim/install/torto_input_handle/lib/torto_input_handle
[8.891s] 
[8.898s] Installed /home/sirapob/TORTO_NvidiaSim/build/torto_input_handle
[8.899s] running symlink_data
[8.899s] creating /home/sirapob/TORTO_NvidiaSim/install/torto_input_handle/share/ament_index
[8.900s] creating /home/sirapob/TORTO_NvidiaSim/install/torto_input_handle/share/ament_index/resource_index
[8.900s] creating /home/sirapob/TORTO_NvidiaSim/install/torto_input_handle/share/ament_index/resource_index/packages
[8.901s] symbolically linking /home/sirapob/TORTO_NvidiaSim/build/torto_input_handle/resource/torto_input_handle -> /home/sirapob/TORTO_NvidiaSim/install/torto_input_handle/share/ament_index/resource_index/packages
[8.901s] symbolically linking /home/sirapob/TORTO_NvidiaSim/build/torto_input_handle/package.xml -> /home/sirapob/TORTO_NvidiaSim/install/torto_input_handle/share/torto_input_handle
[9.015s] Invoked command in '/home/sirapob/TORTO_NvidiaSim/build/torto_input_handle' returned '0': PYTHONPATH=/home/sirapob/TORTO_NvidiaSim/build/torto_input_handle/prefix_override:/usr/lib/python3/dist-packages/colcon_core/task/python/colcon_distutils_commands:/home/sirapob/TORTO_NvidiaSim/install/torto_input_handle/lib/python3.10/site-packages:${PYTHONPATH} /usr/bin/python3 -W ignore:setup.py install is deprecated -W ignore:easy_install command is deprecated setup.py develop --editable --build-directory /home/sirapob/TORTO_NvidiaSim/build/torto_input_handle/build --no-deps symlink_data
