[2.773s] Invoking command in '/home/sirapob/TORTO_NvidiaSim/build/torto_sim_ctrl': PYTHONPATH=/home/sirapob/TORTO_NvidiaSim/build/torto_sim_ctrl/prefix_override:/usr/lib/python3/dist-packages/colcon_core/task/python/colcon_distutils_commands:/home/sirapob/TORTO_NvidiaSim/install/torto_sim_ctrl/lib/python3.10/site-packages:${PYTHONPATH} /usr/bin/python3 -W ignore:setup.py install is deprecated -W ignore:easy_install command is deprecated setup.py develop --editable --build-directory /home/sirapob/TORTO_NvidiaSim/build/torto_sim_ctrl/build --no-deps symlink_data
[3.503s] running develop
[4.041s] running egg_info
[4.041s] creating torto_sim_ctrl.egg-info
[4.041s] writing torto_sim_ctrl.egg-info/PKG-INFO
[4.042s] writing dependency_links to torto_sim_ctrl.egg-info/dependency_links.txt
[4.042s] writing entry points to torto_sim_ctrl.egg-info/entry_points.txt
[4.043s] writing requirements to torto_sim_ctrl.egg-info/requires.txt
[4.043s] writing top-level names to torto_sim_ctrl.egg-info/top_level.txt
[4.045s] writing manifest file 'torto_sim_ctrl.egg-info/SOURCES.txt'
[4.050s] reading manifest file 'torto_sim_ctrl.egg-info/SOURCES.txt'
[4.050s] writing manifest file 'torto_sim_ctrl.egg-info/SOURCES.txt'
[4.054s] running build_ext
[4.055s] Creating /home/sirapob/TORTO_NvidiaSim/install/torto_sim_ctrl/lib/python3.10/site-packages/torto-sim-ctrl.egg-link (link to .)
[4.058s] Installing angles_to_joint_state script to /home/sirapob/TORTO_NvidiaSim/install/torto_sim_ctrl/lib/torto_sim_ctrl
[4.058s] 
[4.059s] Installed /home/sirapob/TORTO_NvidiaSim/build/torto_sim_ctrl
[4.059s] running symlink_data
[4.059s] creating /home/sirapob/TORTO_NvidiaSim/install/torto_sim_ctrl/share/ament_index
[4.060s] creating /home/sirapob/TORTO_NvidiaSim/install/torto_sim_ctrl/share/ament_index/resource_index
[4.060s] creating /home/sirapob/TORTO_NvidiaSim/install/torto_sim_ctrl/share/ament_index/resource_index/packages
[4.061s] symbolically linking /home/sirapob/TORTO_NvidiaSim/build/torto_sim_ctrl/resource/torto_sim_ctrl -> /home/sirapob/TORTO_NvidiaSim/install/torto_sim_ctrl/share/ament_index/resource_index/packages
[4.061s] symbolically linking /home/sirapob/TORTO_NvidiaSim/build/torto_sim_ctrl/package.xml -> /home/sirapob/TORTO_NvidiaSim/install/torto_sim_ctrl/share/torto_sim_ctrl
[4.130s] Invoked command in '/home/sirapob/TORTO_NvidiaSim/build/torto_sim_ctrl' returned '0': PYTHONPATH=/home/sirapob/TORTO_NvidiaSim/build/torto_sim_ctrl/prefix_override:/usr/lib/python3/dist-packages/colcon_core/task/python/colcon_distutils_commands:/home/sirapob/TORTO_NvidiaSim/install/torto_sim_ctrl/lib/python3.10/site-packages:${PYTHONPATH} /usr/bin/python3 -W ignore:setup.py install is deprecated -W ignore:easy_install command is deprecated setup.py develop --editable --build-directory /home/sirapob/TORTO_NvidiaSim/build/torto_sim_ctrl/build --no-deps symlink_data
