[0.557s] Invoking command in '/home/sirapob/TORTO_NvidiaSim/src/torto_sim_ctrl': PYTHONPATH=/home/sirapob/TORTO_NvidiaSim/build/torto_sim_ctrl/prefix_override:/usr/lib/python3/dist-packages/colcon_core/task/python/colcon_distutils_commands:/home/sirapob/TORTO_NvidiaSim/install/torto_sim_ctrl/lib/python3.10/site-packages:${PYTHONPATH} /usr/bin/python3 -W ignore:setup.py install is deprecated -W ignore:easy_install command is deprecated setup.py egg_info --egg-base ../../build/torto_sim_ctrl build --build-base /home/sirapob/TORTO_NvidiaSim/build/torto_sim_ctrl/build install --record /home/sirapob/TORTO_NvidiaSim/build/torto_sim_ctrl/install.log --single-version-externally-managed install_data
[0.778s] running egg_info
[0.778s] creating ../../build/torto_sim_ctrl/torto_sim_ctrl.egg-info
[0.778s] writing ../../build/torto_sim_ctrl/torto_sim_ctrl.egg-info/PKG-INFO
[0.778s] writing dependency_links to ../../build/torto_sim_ctrl/torto_sim_ctrl.egg-info/dependency_links.txt
[0.778s] writing entry points to ../../build/torto_sim_ctrl/torto_sim_ctrl.egg-info/entry_points.txt
[0.779s] writing requirements to ../../build/torto_sim_ctrl/torto_sim_ctrl.egg-info/requires.txt
[0.779s] writing top-level names to ../../build/torto_sim_ctrl/torto_sim_ctrl.egg-info/top_level.txt
[0.779s] writing manifest file '../../build/torto_sim_ctrl/torto_sim_ctrl.egg-info/SOURCES.txt'
[0.780s] reading manifest file '../../build/torto_sim_ctrl/torto_sim_ctrl.egg-info/SOURCES.txt'
[0.781s] writing manifest file '../../build/torto_sim_ctrl/torto_sim_ctrl.egg-info/SOURCES.txt'
[0.781s] running build
[0.781s] running build_py
[0.781s] creating /home/sirapob/TORTO_NvidiaSim/build/torto_sim_ctrl/build
[0.781s] creating /home/sirapob/TORTO_NvidiaSim/build/torto_sim_ctrl/build/lib
[0.781s] creating /home/sirapob/TORTO_NvidiaSim/build/torto_sim_ctrl/build/lib/torto_sim_ctrl
[0.781s] copying torto_sim_ctrl/__init__.py -> /home/sirapob/TORTO_NvidiaSim/build/torto_sim_ctrl/build/lib/torto_sim_ctrl
[0.781s] copying torto_sim_ctrl/angles_to_joint_state.py -> /home/sirapob/TORTO_NvidiaSim/build/torto_sim_ctrl/build/lib/torto_sim_ctrl
[0.781s] running install
[0.781s] running install_lib
[0.782s] creating /home/sirapob/TORTO_NvidiaSim/install/torto_sim_ctrl/lib/python3.10/site-packages/torto_sim_ctrl
[0.782s] copying /home/sirapob/TORTO_NvidiaSim/build/torto_sim_ctrl/build/lib/torto_sim_ctrl/__init__.py -> /home/sirapob/TORTO_NvidiaSim/install/torto_sim_ctrl/lib/python3.10/site-packages/torto_sim_ctrl
[0.782s] copying /home/sirapob/TORTO_NvidiaSim/build/torto_sim_ctrl/build/lib/torto_sim_ctrl/angles_to_joint_state.py -> /home/sirapob/TORTO_NvidiaSim/install/torto_sim_ctrl/lib/python3.10/site-packages/torto_sim_ctrl
[0.783s] byte-compiling /home/sirapob/TORTO_NvidiaSim/install/torto_sim_ctrl/lib/python3.10/site-packages/torto_sim_ctrl/__init__.py to __init__.cpython-310.pyc
[0.783s] byte-compiling /home/sirapob/TORTO_NvidiaSim/install/torto_sim_ctrl/lib/python3.10/site-packages/torto_sim_ctrl/angles_to_joint_state.py to angles_to_joint_state.cpython-310.pyc
[0.783s] running install_data
[0.783s] creating /home/sirapob/TORTO_NvidiaSim/install/torto_sim_ctrl/share/ament_index
[0.783s] creating /home/sirapob/TORTO_NvidiaSim/install/torto_sim_ctrl/share/ament_index/resource_index
[0.784s] creating /home/sirapob/TORTO_NvidiaSim/install/torto_sim_ctrl/share/ament_index/resource_index/packages
[0.784s] copying resource/torto_sim_ctrl -> /home/sirapob/TORTO_NvidiaSim/install/torto_sim_ctrl/share/ament_index/resource_index/packages
[0.784s] copying package.xml -> /home/sirapob/TORTO_NvidiaSim/install/torto_sim_ctrl/share/torto_sim_ctrl
[0.784s] running install_egg_info
[0.785s] Copying ../../build/torto_sim_ctrl/torto_sim_ctrl.egg-info to /home/sirapob/TORTO_NvidiaSim/install/torto_sim_ctrl/lib/python3.10/site-packages/torto_sim_ctrl-0.0.0-py3.10.egg-info
[0.786s] running install_scripts
[0.804s] Installing angles_to_joint_state script to /home/sirapob/TORTO_NvidiaSim/install/torto_sim_ctrl/lib/torto_sim_ctrl
[0.804s] writing list of installed files to '/home/sirapob/TORTO_NvidiaSim/build/torto_sim_ctrl/install.log'
[0.824s] Invoked command in '/home/sirapob/TORTO_NvidiaSim/src/torto_sim_ctrl' returned '0': PYTHONPATH=/home/sirapob/TORTO_NvidiaSim/build/torto_sim_ctrl/prefix_override:/usr/lib/python3/dist-packages/colcon_core/task/python/colcon_distutils_commands:/home/sirapob/TORTO_NvidiaSim/install/torto_sim_ctrl/lib/python3.10/site-packages:${PYTHONPATH} /usr/bin/python3 -W ignore:setup.py install is deprecated -W ignore:easy_install command is deprecated setup.py egg_info --egg-base ../../build/torto_sim_ctrl build --build-base /home/sirapob/TORTO_NvidiaSim/build/torto_sim_ctrl/build install --record /home/sirapob/TORTO_NvidiaSim/build/torto_sim_ctrl/install.log --single-version-externally-managed install_data
