[0.287s] DEBUG:colcon:Command line arguments: ['/usr/bin/colcon', 'build', '--packages-select', 'torto_rl_pkg', '--symlink-install']
[0.287s] DEBUG:colcon:Parsed command line arguments: Namespace(log_base=None, log_level=None, verb_name='build', build_base='build', install_base='install', merge_install=False, symlink_install=True, test_result_base=None, continue_on_error=False, executor='parallel', parallel_workers=16, event_handlers=None, ignore_user_meta=False, metas=['./colcon.meta'], base_paths=['.'], packages_ignore=None, packages_ignore_regex=None, paths=None, packages_up_to=None, packages_up_to_regex=None, packages_above=None, packages_above_and_dependencies=None, packages_above_depth=None, packages_select_by_dep=None, packages_skip_by_dep=None, packages_skip_up_to=None, packages_select_build_failed=False, packages_skip_build_finished=False, packages_select_test_failures=False, packages_skip_test_passed=False, packages_select=['torto_rl_pkg'], packages_skip=None, packages_select_regex=None, packages_skip_regex=None, packages_start=None, packages_end=None, allow_overriding=[], cmake_args=None, cmake_target=None, cmake_target_skip_unavailable=False, cmake_clean_cache=False, cmake_clean_first=False, cmake_force_configure=False, ament_cmake_args=None, catkin_cmake_args=None, catkin_skip_building_tests=False, mixin_files=None, mixin=None, verb_parser=<colcon_mixin.mixin.mixin_argument.MixinArgumentDecorator object at 0x7b49e63e3280>, verb_extension=<colcon_core.verb.build.BuildVerb object at 0x7b49e63e2c80>, main=<bound method BuildVerb.main of <colcon_core.verb.build.BuildVerb object at 0x7b49e63e2c80>>, mixin_verb=('build',))
[0.669s] Level 1:colcon.colcon_core.package_discovery:discover_packages(colcon_meta) check parameters
[0.670s] Level 1:colcon.colcon_core.package_discovery:discover_packages(recursive) check parameters
[0.670s] Level 1:colcon.colcon_core.package_discovery:discover_packages(ignore) check parameters
[0.670s] Level 1:colcon.colcon_core.package_discovery:discover_packages(path) check parameters
[0.670s] Level 1:colcon.colcon_core.package_discovery:discover_packages(colcon_meta) discover
[0.670s] Level 1:colcon.colcon_core.package_discovery:discover_packages(recursive) discover
[0.670s] INFO:colcon.colcon_core.package_discovery:Crawling recursively for packages in '/home/sirapob/TORTO_NvidiaSim'
[0.670s] Level 1:colcon.colcon_core.package_identification:_identify(.) by extensions ['ignore', 'ignore_ament_install']
[0.671s] Level 1:colcon.colcon_core.package_identification:_identify(.) by extension 'ignore'
[0.671s] Level 1:colcon.colcon_core.package_identification:_identify(.) by extension 'ignore_ament_install'
[0.671s] Level 1:colcon.colcon_core.package_identification:_identify(.) by extensions ['colcon_pkg']
[0.671s] Level 1:colcon.colcon_core.package_identification:_identify(.) by extension 'colcon_pkg'
[0.671s] Level 1:colcon.colcon_core.package_identification:_identify(.) by extensions ['colcon_meta']
[0.671s] Level 1:colcon.colcon_core.package_identification:_identify(.) by extension 'colcon_meta'
[0.671s] Level 1:colcon.colcon_core.package_identification:_identify(.) by extensions ['ros']
[0.672s] Level 1:colcon.colcon_core.package_identification:_identify(.) by extension 'ros'
[0.699s] Level 1:colcon.colcon_core.package_identification:_identify(.) by extensions ['cmake', 'python']
[0.699s] Level 1:colcon.colcon_core.package_identification:_identify(.) by extension 'cmake'
[0.700s] Level 1:colcon.colcon_core.package_identification:_identify(.) by extension 'python'
[0.700s] Level 1:colcon.colcon_core.package_identification:_identify(.) by extensions ['python_setup_py']
[0.700s] Level 1:colcon.colcon_core.package_identification:_identify(.) by extension 'python_setup_py'
[0.700s] Level 1:colcon.colcon_core.package_identification:_identify(build) by extensions ['ignore', 'ignore_ament_install']
[0.701s] Level 1:colcon.colcon_core.package_identification:_identify(build) by extension 'ignore'
[0.701s] Level 1:colcon.colcon_core.package_identification:_identify(build) ignored
[0.701s] Level 1:colcon.colcon_core.package_identification:_identify(install) by extensions ['ignore', 'ignore_ament_install']
[0.701s] Level 1:colcon.colcon_core.package_identification:_identify(install) by extension 'ignore'
[0.701s] Level 1:colcon.colcon_core.package_identification:_identify(install) ignored
[0.702s] Level 1:colcon.colcon_core.package_identification:_identify(log) by extensions ['ignore', 'ignore_ament_install']
[0.702s] Level 1:colcon.colcon_core.package_identification:_identify(log) by extension 'ignore'
[0.702s] Level 1:colcon.colcon_core.package_identification:_identify(log) ignored
[0.702s] Level 1:colcon.colcon_core.package_identification:_identify(src) by extensions ['ignore', 'ignore_ament_install']
[0.703s] Level 1:colcon.colcon_core.package_identification:_identify(src) by extension 'ignore'
[0.703s] Level 1:colcon.colcon_core.package_identification:_identify(src) by extension 'ignore_ament_install'
[0.703s] Level 1:colcon.colcon_core.package_identification:_identify(src) by extensions ['colcon_pkg']
[0.703s] Level 1:colcon.colcon_core.package_identification:_identify(src) by extension 'colcon_pkg'
[0.703s] Level 1:colcon.colcon_core.package_identification:_identify(src) by extensions ['colcon_meta']
[0.703s] Level 1:colcon.colcon_core.package_identification:_identify(src) by extension 'colcon_meta'
[0.704s] Level 1:colcon.colcon_core.package_identification:_identify(src) by extensions ['ros']
[0.704s] Level 1:colcon.colcon_core.package_identification:_identify(src) by extension 'ros'
[0.704s] Level 1:colcon.colcon_core.package_identification:_identify(src) by extensions ['cmake', 'python']
[0.704s] Level 1:colcon.colcon_core.package_identification:_identify(src) by extension 'cmake'
[0.704s] Level 1:colcon.colcon_core.package_identification:_identify(src) by extension 'python'
[0.704s] Level 1:colcon.colcon_core.package_identification:_identify(src) by extensions ['python_setup_py']
[0.704s] Level 1:colcon.colcon_core.package_identification:_identify(src) by extension 'python_setup_py'
[0.704s] Level 1:colcon.colcon_core.package_identification:_identify(src/torto_ctrl) by extensions ['ignore', 'ignore_ament_install']
[0.705s] Level 1:colcon.colcon_core.package_identification:_identify(src/torto_ctrl) by extension 'ignore'
[0.705s] Level 1:colcon.colcon_core.package_identification:_identify(src/torto_ctrl) by extension 'ignore_ament_install'
[0.705s] Level 1:colcon.colcon_core.package_identification:_identify(src/torto_ctrl) by extensions ['colcon_pkg']
[0.705s] Level 1:colcon.colcon_core.package_identification:_identify(src/torto_ctrl) by extension 'colcon_pkg'
[0.705s] Level 1:colcon.colcon_core.package_identification:_identify(src/torto_ctrl) by extensions ['colcon_meta']
[0.705s] Level 1:colcon.colcon_core.package_identification:_identify(src/torto_ctrl) by extension 'colcon_meta'
[0.705s] Level 1:colcon.colcon_core.package_identification:_identify(src/torto_ctrl) by extensions ['ros']
[0.705s] Level 1:colcon.colcon_core.package_identification:_identify(src/torto_ctrl) by extension 'ros'
[0.712s] DEBUG:colcon.colcon_core.package_identification:Package 'src/torto_ctrl' with type 'ros.ament_python' and name 'torto_ctrl'
[0.712s] Level 1:colcon.colcon_core.package_identification:_identify(src/torto_description) by extensions ['ignore', 'ignore_ament_install']
[0.712s] Level 1:colcon.colcon_core.package_identification:_identify(src/torto_description) by extension 'ignore'
[0.713s] Level 1:colcon.colcon_core.package_identification:_identify(src/torto_description) by extension 'ignore_ament_install'
[0.713s] Level 1:colcon.colcon_core.package_identification:_identify(src/torto_description) by extensions ['colcon_pkg']
[0.713s] Level 1:colcon.colcon_core.package_identification:_identify(src/torto_description) by extension 'colcon_pkg'
[0.713s] Level 1:colcon.colcon_core.package_identification:_identify(src/torto_description) by extensions ['colcon_meta']
[0.713s] Level 1:colcon.colcon_core.package_identification:_identify(src/torto_description) by extension 'colcon_meta'
[0.713s] Level 1:colcon.colcon_core.package_identification:_identify(src/torto_description) by extensions ['ros']
[0.713s] Level 1:colcon.colcon_core.package_identification:_identify(src/torto_description) by extension 'ros'
[0.715s] DEBUG:colcon.colcon_core.package_identification:Package 'src/torto_description' with type 'ros.ament_cmake' and name 'torto_description'
[0.715s] Level 1:colcon.colcon_core.package_identification:_identify(src/torto_hardware) by extensions ['ignore', 'ignore_ament_install']
[0.715s] Level 1:colcon.colcon_core.package_identification:_identify(src/torto_hardware) by extension 'ignore'
[0.715s] Level 1:colcon.colcon_core.package_identification:_identify(src/torto_hardware) by extension 'ignore_ament_install'
[0.715s] Level 1:colcon.colcon_core.package_identification:_identify(src/torto_hardware) by extensions ['colcon_pkg']
[0.716s] Level 1:colcon.colcon_core.package_identification:_identify(src/torto_hardware) by extension 'colcon_pkg'
[0.716s] Level 1:colcon.colcon_core.package_identification:_identify(src/torto_hardware) by extensions ['colcon_meta']
[0.716s] Level 1:colcon.colcon_core.package_identification:_identify(src/torto_hardware) by extension 'colcon_meta'
[0.716s] Level 1:colcon.colcon_core.package_identification:_identify(src/torto_hardware) by extensions ['ros']
[0.716s] Level 1:colcon.colcon_core.package_identification:_identify(src/torto_hardware) by extension 'ros'
[0.717s] DEBUG:colcon.colcon_core.package_identification:Package 'src/torto_hardware' with type 'ros.ament_python' and name 'torto_hardware'
[0.718s] Level 1:colcon.colcon_core.package_identification:_identify(src/torto_input_handle) by extensions ['ignore', 'ignore_ament_install']
[0.718s] Level 1:colcon.colcon_core.package_identification:_identify(src/torto_input_handle) by extension 'ignore'
[0.718s] Level 1:colcon.colcon_core.package_identification:_identify(src/torto_input_handle) by extension 'ignore_ament_install'
[0.718s] Level 1:colcon.colcon_core.package_identification:_identify(src/torto_input_handle) by extensions ['colcon_pkg']
[0.718s] Level 1:colcon.colcon_core.package_identification:_identify(src/torto_input_handle) by extension 'colcon_pkg'
[0.718s] Level 1:colcon.colcon_core.package_identification:_identify(src/torto_input_handle) by extensions ['colcon_meta']
[0.718s] Level 1:colcon.colcon_core.package_identification:_identify(src/torto_input_handle) by extension 'colcon_meta'
[0.719s] Level 1:colcon.colcon_core.package_identification:_identify(src/torto_input_handle) by extensions ['ros']
[0.719s] Level 1:colcon.colcon_core.package_identification:_identify(src/torto_input_handle) by extension 'ros'
[0.721s] DEBUG:colcon.colcon_core.package_identification:Package 'src/torto_input_handle' with type 'ros.ament_python' and name 'torto_input_handle'
[0.721s] Level 1:colcon.colcon_core.package_identification:_identify(src/torto_interfaces) by extensions ['ignore', 'ignore_ament_install']
[0.721s] Level 1:colcon.colcon_core.package_identification:_identify(src/torto_interfaces) by extension 'ignore'
[0.721s] Level 1:colcon.colcon_core.package_identification:_identify(src/torto_interfaces) by extension 'ignore_ament_install'
[0.722s] Level 1:colcon.colcon_core.package_identification:_identify(src/torto_interfaces) by extensions ['colcon_pkg']
[0.722s] Level 1:colcon.colcon_core.package_identification:_identify(src/torto_interfaces) by extension 'colcon_pkg'
[0.722s] Level 1:colcon.colcon_core.package_identification:_identify(src/torto_interfaces) by extensions ['colcon_meta']
[0.722s] Level 1:colcon.colcon_core.package_identification:_identify(src/torto_interfaces) by extension 'colcon_meta'
[0.722s] Level 1:colcon.colcon_core.package_identification:_identify(src/torto_interfaces) by extensions ['ros']
[0.722s] Level 1:colcon.colcon_core.package_identification:_identify(src/torto_interfaces) by extension 'ros'
[0.724s] DEBUG:colcon.colcon_core.package_identification:Package 'src/torto_interfaces' with type 'ros.ament_cmake' and name 'torto_interfaces'
[0.725s] Level 1:colcon.colcon_core.package_identification:_identify(src/torto_odometry) by extensions ['ignore', 'ignore_ament_install']
[0.725s] Level 1:colcon.colcon_core.package_identification:_identify(src/torto_odometry) by extension 'ignore'
[0.725s] Level 1:colcon.colcon_core.package_identification:_identify(src/torto_odometry) by extension 'ignore_ament_install'
[0.725s] Level 1:colcon.colcon_core.package_identification:_identify(src/torto_odometry) by extensions ['colcon_pkg']
[0.725s] Level 1:colcon.colcon_core.package_identification:_identify(src/torto_odometry) by extension 'colcon_pkg'
[0.725s] Level 1:colcon.colcon_core.package_identification:_identify(src/torto_odometry) by extensions ['colcon_meta']
[0.726s] Level 1:colcon.colcon_core.package_identification:_identify(src/torto_odometry) by extension 'colcon_meta'
[0.726s] Level 1:colcon.colcon_core.package_identification:_identify(src/torto_odometry) by extensions ['ros']
[0.726s] Level 1:colcon.colcon_core.package_identification:_identify(src/torto_odometry) by extension 'ros'
[0.729s] DEBUG:colcon.colcon_core.package_identification:Package 'src/torto_odometry' with type 'ros.ament_python' and name 'torto_odometry'
[0.729s] Level 1:colcon.colcon_core.package_identification:_identify(src/torto_rl_pkg) by extensions ['ignore', 'ignore_ament_install']
[0.730s] Level 1:colcon.colcon_core.package_identification:_identify(src/torto_rl_pkg) by extension 'ignore'
[0.730s] Level 1:colcon.colcon_core.package_identification:_identify(src/torto_rl_pkg) by extension 'ignore_ament_install'
[0.730s] Level 1:colcon.colcon_core.package_identification:_identify(src/torto_rl_pkg) by extensions ['colcon_pkg']
[0.730s] Level 1:colcon.colcon_core.package_identification:_identify(src/torto_rl_pkg) by extension 'colcon_pkg'
[0.730s] Level 1:colcon.colcon_core.package_identification:_identify(src/torto_rl_pkg) by extensions ['colcon_meta']
[0.731s] Level 1:colcon.colcon_core.package_identification:_identify(src/torto_rl_pkg) by extension 'colcon_meta'
[0.731s] Level 1:colcon.colcon_core.package_identification:_identify(src/torto_rl_pkg) by extensions ['ros']
[0.731s] Level 1:colcon.colcon_core.package_identification:_identify(src/torto_rl_pkg) by extension 'ros'
[0.733s] DEBUG:colcon.colcon_core.package_identification:Package 'src/torto_rl_pkg' with type 'ros.ament_python' and name 'torto_rl_pkg'
[0.733s] Level 1:colcon.colcon_core.package_identification:_identify(src/torto_sim_ctrl) by extensions ['ignore', 'ignore_ament_install']
[0.733s] Level 1:colcon.colcon_core.package_identification:_identify(src/torto_sim_ctrl) by extension 'ignore'
[0.733s] Level 1:colcon.colcon_core.package_identification:_identify(src/torto_sim_ctrl) by extension 'ignore_ament_install'
[0.734s] Level 1:colcon.colcon_core.package_identification:_identify(src/torto_sim_ctrl) by extensions ['colcon_pkg']
[0.734s] Level 1:colcon.colcon_core.package_identification:_identify(src/torto_sim_ctrl) by extension 'colcon_pkg'
[0.734s] Level 1:colcon.colcon_core.package_identification:_identify(src/torto_sim_ctrl) by extensions ['colcon_meta']
[0.734s] Level 1:colcon.colcon_core.package_identification:_identify(src/torto_sim_ctrl) by extension 'colcon_meta'
[0.734s] Level 1:colcon.colcon_core.package_identification:_identify(src/torto_sim_ctrl) by extensions ['ros']
[0.734s] Level 1:colcon.colcon_core.package_identification:_identify(src/torto_sim_ctrl) by extension 'ros'
[0.736s] DEBUG:colcon.colcon_core.package_identification:Package 'src/torto_sim_ctrl' with type 'ros.ament_python' and name 'torto_sim_ctrl'
[0.736s] Level 1:colcon.colcon_core.package_discovery:discover_packages(recursive) using defaults
[0.736s] Level 1:colcon.colcon_core.package_discovery:discover_packages(ignore) discover
[0.736s] Level 1:colcon.colcon_core.package_discovery:discover_packages(ignore) using defaults
[0.736s] Level 1:colcon.colcon_core.package_discovery:discover_packages(path) discover
[0.737s] Level 1:colcon.colcon_core.package_discovery:discover_packages(path) using defaults
[0.819s] INFO:colcon.colcon_core.package_selection:Skipping not selected package 'torto_description' in 'src/torto_description'
[0.819s] INFO:colcon.colcon_core.package_selection:Skipping not selected package 'torto_hardware' in 'src/torto_hardware'
[0.819s] INFO:colcon.colcon_core.package_selection:Skipping not selected package 'torto_input_handle' in 'src/torto_input_handle'
[0.819s] INFO:colcon.colcon_core.package_selection:Skipping not selected package 'torto_interfaces' in 'src/torto_interfaces'
[0.819s] INFO:colcon.colcon_core.package_selection:Skipping not selected package 'torto_odometry' in 'src/torto_odometry'
[0.819s] INFO:colcon.colcon_core.package_selection:Skipping not selected package 'torto_sim_ctrl' in 'src/torto_sim_ctrl'
[0.819s] INFO:colcon.colcon_core.package_selection:Skipping not selected package 'torto_ctrl' in 'src/torto_ctrl'
[0.825s] Level 1:colcon.colcon_core.package_discovery:discover_packages(prefix_path) check parameters
[0.826s] Level 1:colcon.colcon_core.package_discovery:discover_packages(prefix_path) discover
[0.830s] DEBUG:colcon.colcon_installed_package_information.package_discovery:Found 7 installed packages in /home/sirapob/TORTO_NvidiaSim/install
[0.834s] DEBUG:colcon.colcon_installed_package_information.package_discovery:Found 274 installed packages in /opt/ros/humble
[0.838s] Level 1:colcon.colcon_core.package_discovery:discover_packages(prefix_path) using defaults
[0.953s] Level 5:colcon.colcon_core.verb:set package 'torto_rl_pkg' build argument 'cmake_args' from command line to 'None'
[0.953s] Level 5:colcon.colcon_core.verb:set package 'torto_rl_pkg' build argument 'cmake_target' from command line to 'None'
[0.953s] Level 5:colcon.colcon_core.verb:set package 'torto_rl_pkg' build argument 'cmake_target_skip_unavailable' from command line to 'False'
[0.953s] Level 5:colcon.colcon_core.verb:set package 'torto_rl_pkg' build argument 'cmake_clean_cache' from command line to 'False'
[0.953s] Level 5:colcon.colcon_core.verb:set package 'torto_rl_pkg' build argument 'cmake_clean_first' from command line to 'False'
[0.953s] Level 5:colcon.colcon_core.verb:set package 'torto_rl_pkg' build argument 'cmake_force_configure' from command line to 'False'
[0.953s] Level 5:colcon.colcon_core.verb:set package 'torto_rl_pkg' build argument 'ament_cmake_args' from command line to 'None'
[0.953s] Level 5:colcon.colcon_core.verb:set package 'torto_rl_pkg' build argument 'catkin_cmake_args' from command line to 'None'
[0.953s] Level 5:colcon.colcon_core.verb:set package 'torto_rl_pkg' build argument 'catkin_skip_building_tests' from command line to 'False'
[0.953s] DEBUG:colcon.colcon_core.verb:Building package 'torto_rl_pkg' with the following arguments: {'ament_cmake_args': None, 'build_base': '/home/sirapob/TORTO_NvidiaSim/build/torto_rl_pkg', 'catkin_cmake_args': None, 'catkin_skip_building_tests': False, 'cmake_args': None, 'cmake_clean_cache': False, 'cmake_clean_first': False, 'cmake_force_configure': False, 'cmake_target': None, 'cmake_target_skip_unavailable': False, 'install_base': '/home/sirapob/TORTO_NvidiaSim/install/torto_rl_pkg', 'merge_install': False, 'path': '/home/sirapob/TORTO_NvidiaSim/src/torto_rl_pkg', 'symlink_install': True, 'test_result_base': None}
[0.954s] INFO:colcon.colcon_core.executor:Executing jobs using 'parallel' executor
[0.956s] DEBUG:colcon.colcon_parallel_executor.executor.parallel:run_until_complete
[0.956s] INFO:colcon.colcon_ros.task.ament_python.build:Building ROS package in '/home/sirapob/TORTO_NvidiaSim/src/torto_rl_pkg' with build type 'ament_python'
[0.956s] Level 1:colcon.colcon_core.shell:create_environment_hook('torto_rl_pkg', 'ament_prefix_path')
[0.970s] INFO:colcon.colcon_core.plugin_system:Skipping extension 'colcon_core.shell.bat': Not used on non-Windows systems
[0.971s] INFO:colcon.colcon_core.shell:Creating environment hook '/home/sirapob/TORTO_NvidiaSim/install/torto_rl_pkg/share/torto_rl_pkg/hook/ament_prefix_path.ps1'
[0.973s] INFO:colcon.colcon_core.shell:Creating environment descriptor '/home/sirapob/TORTO_NvidiaSim/install/torto_rl_pkg/share/torto_rl_pkg/hook/ament_prefix_path.dsv'
[0.974s] INFO:colcon.colcon_core.shell:Creating environment hook '/home/sirapob/TORTO_NvidiaSim/install/torto_rl_pkg/share/torto_rl_pkg/hook/ament_prefix_path.sh'
[0.976s] INFO:colcon.colcon_core.shell:Skip shell extension 'powershell' for command environment: Not usable outside of PowerShell
[0.976s] DEBUG:colcon.colcon_core.shell:Skip shell extension 'dsv' for command environment
[1.644s] INFO:colcon.colcon_core.task.python.build:Building Python package in '/home/sirapob/TORTO_NvidiaSim/src/torto_rl_pkg'
[1.645s] INFO:colcon.colcon_core.shell:Skip shell extension 'powershell' for command environment: Not usable outside of PowerShell
[1.645s] DEBUG:colcon.colcon_core.shell:Skip shell extension 'dsv' for command environment
[2.561s] DEBUG:colcon.colcon_core.event_handler.log_command:Invoking command in '/home/sirapob/TORTO_NvidiaSim/build/torto_rl_pkg': PYTHONPATH=/home/sirapob/TORTO_NvidiaSim/build/torto_rl_pkg/prefix_override:/usr/lib/python3/dist-packages/colcon_core/task/python/colcon_distutils_commands:/home/sirapob/TORTO_NvidiaSim/install/torto_rl_pkg/lib/python3.10/site-packages:${PYTHONPATH} /usr/bin/python3 -W ignore:setup.py install is deprecated -W ignore:easy_install command is deprecated setup.py develop --editable --build-directory /home/sirapob/TORTO_NvidiaSim/build/torto_rl_pkg/build --no-deps symlink_data
[3.642s] Level 1:colcon.colcon_core.shell:create_environment_hook('torto_rl_pkg', 'pythonpath_develop')
[3.645s] INFO:colcon.colcon_core.shell:Creating environment hook '/home/sirapob/TORTO_NvidiaSim/build/torto_rl_pkg/share/torto_rl_pkg/hook/pythonpath_develop.ps1'
[3.646s] DEBUG:colcon.colcon_core.event_handler.log_command:Invoked command in '/home/sirapob/TORTO_NvidiaSim/build/torto_rl_pkg' returned '0': PYTHONPATH=/home/sirapob/TORTO_NvidiaSim/build/torto_rl_pkg/prefix_override:/usr/lib/python3/dist-packages/colcon_core/task/python/colcon_distutils_commands:/home/sirapob/TORTO_NvidiaSim/install/torto_rl_pkg/lib/python3.10/site-packages:${PYTHONPATH} /usr/bin/python3 -W ignore:setup.py install is deprecated -W ignore:easy_install command is deprecated setup.py develop --editable --build-directory /home/sirapob/TORTO_NvidiaSim/build/torto_rl_pkg/build --no-deps symlink_data
[3.648s] INFO:colcon.colcon_core.shell:Creating environment descriptor '/home/sirapob/TORTO_NvidiaSim/build/torto_rl_pkg/share/torto_rl_pkg/hook/pythonpath_develop.dsv'
[3.649s] INFO:colcon.colcon_core.shell:Creating environment hook '/home/sirapob/TORTO_NvidiaSim/build/torto_rl_pkg/share/torto_rl_pkg/hook/pythonpath_develop.sh'
[3.671s] Level 1:colcon.colcon_core.environment:checking '/home/sirapob/TORTO_NvidiaSim/install/torto_rl_pkg' for CMake module files
[3.673s] Level 1:colcon.colcon_core.environment:checking '/home/sirapob/TORTO_NvidiaSim/install/torto_rl_pkg' for CMake config files
[3.675s] Level 1:colcon.colcon_core.environment:checking '/home/sirapob/TORTO_NvidiaSim/install/torto_rl_pkg/lib'
[3.676s] Level 1:colcon.colcon_core.environment:checking '/home/sirapob/TORTO_NvidiaSim/install/torto_rl_pkg/bin'
[3.677s] Level 1:colcon.colcon_core.environment:checking '/home/sirapob/TORTO_NvidiaSim/install/torto_rl_pkg/lib/pkgconfig/torto_rl_pkg.pc'
[3.678s] Level 1:colcon.colcon_core.environment:checking '/home/sirapob/TORTO_NvidiaSim/install/torto_rl_pkg/lib/python3.10/site-packages'
[3.678s] Level 1:colcon.colcon_core.shell:create_environment_hook('torto_rl_pkg', 'pythonpath')
[3.679s] INFO:colcon.colcon_core.shell:Creating environment hook '/home/sirapob/TORTO_NvidiaSim/install/torto_rl_pkg/share/torto_rl_pkg/hook/pythonpath.ps1'
[3.682s] INFO:colcon.colcon_core.shell:Creating environment descriptor '/home/sirapob/TORTO_NvidiaSim/install/torto_rl_pkg/share/torto_rl_pkg/hook/pythonpath.dsv'
[3.683s] INFO:colcon.colcon_core.shell:Creating environment hook '/home/sirapob/TORTO_NvidiaSim/install/torto_rl_pkg/share/torto_rl_pkg/hook/pythonpath.sh'
[3.686s] Level 1:colcon.colcon_core.environment:checking '/home/sirapob/TORTO_NvidiaSim/install/torto_rl_pkg/bin'
[3.686s] Level 1:colcon.colcon_core.environment:create_environment_scripts_only(torto_rl_pkg)
[3.688s] INFO:colcon.colcon_core.shell:Creating package script '/home/sirapob/TORTO_NvidiaSim/install/torto_rl_pkg/share/torto_rl_pkg/package.ps1'
[3.693s] INFO:colcon.colcon_core.shell:Creating package descriptor '/home/sirapob/TORTO_NvidiaSim/install/torto_rl_pkg/share/torto_rl_pkg/package.dsv'
[3.696s] INFO:colcon.colcon_core.shell:Creating package script '/home/sirapob/TORTO_NvidiaSim/install/torto_rl_pkg/share/torto_rl_pkg/package.sh'
[3.701s] INFO:colcon.colcon_core.shell:Creating package script '/home/sirapob/TORTO_NvidiaSim/install/torto_rl_pkg/share/torto_rl_pkg/package.bash'
[3.707s] INFO:colcon.colcon_core.shell:Creating package script '/home/sirapob/TORTO_NvidiaSim/install/torto_rl_pkg/share/torto_rl_pkg/package.zsh'
[3.713s] Level 1:colcon.colcon_core.environment:create_file_with_runtime_dependencies(/home/sirapob/TORTO_NvidiaSim/install/torto_rl_pkg/share/colcon-core/packages/torto_rl_pkg)
[3.714s] DEBUG:colcon.colcon_parallel_executor.executor.parallel:closing loop
[3.716s] DEBUG:colcon.colcon_parallel_executor.executor.parallel:loop closed
[3.716s] DEBUG:colcon.colcon_parallel_executor.executor.parallel:run_until_complete finished with '0'
[3.716s] DEBUG:colcon.colcon_core.event_reactor:joining thread
[3.740s] INFO:colcon.colcon_core.plugin_system:Skipping extension 'colcon_notification.desktop_notification.terminal_notifier': Not used on non-Darwin systems
[3.741s] INFO:colcon.colcon_core.plugin_system:Skipping extension 'colcon_notification.desktop_notification.win32': Not used on non-Windows systems
[3.741s] INFO:colcon.colcon_notification.desktop_notification:Sending desktop notification using 'notify2'
[3.793s] DEBUG:colcon.colcon_core.event_reactor:joined thread
[3.794s] INFO:colcon.colcon_core.shell:Creating prefix script '/home/sirapob/TORTO_NvidiaSim/install/local_setup.ps1'
[3.797s] INFO:colcon.colcon_core.shell:Creating prefix util module '/home/sirapob/TORTO_NvidiaSim/install/_local_setup_util_ps1.py'
[3.803s] INFO:colcon.colcon_core.shell:Creating prefix chain script '/home/sirapob/TORTO_NvidiaSim/install/setup.ps1'
[3.808s] INFO:colcon.colcon_core.shell:Creating prefix script '/home/sirapob/TORTO_NvidiaSim/install/local_setup.sh'
[3.810s] INFO:colcon.colcon_core.shell:Creating prefix util module '/home/sirapob/TORTO_NvidiaSim/install/_local_setup_util_sh.py'
[3.812s] INFO:colcon.colcon_core.shell:Creating prefix chain script '/home/sirapob/TORTO_NvidiaSim/install/setup.sh'
[3.817s] INFO:colcon.colcon_core.shell:Creating prefix script '/home/sirapob/TORTO_NvidiaSim/install/local_setup.bash'
[3.820s] INFO:colcon.colcon_core.shell:Creating prefix chain script '/home/sirapob/TORTO_NvidiaSim/install/setup.bash'
[3.824s] INFO:colcon.colcon_core.shell:Creating prefix script '/home/sirapob/TORTO_NvidiaSim/install/local_setup.zsh'
[3.826s] INFO:colcon.colcon_core.shell:Creating prefix chain script '/home/sirapob/TORTO_NvidiaSim/install/setup.zsh'
